207.46.199.180 - - [17/Dec/2010:04:09:24 +0000] "GET /robots.txt HTTP/1.1" 301 618 "-" "Mozilla/5.0 (compatible; bingbot/2.0; +http://www.bing.com/bingbot.htm)"
207.46.199.180 - - [17/Dec/2010:04:09:24 +0000] "GET /robots.txt HTTP/1.1" 200 265 "-" "Mozilla/5.0 (compatible; bingbot/2.0; +http://www.bing.com/bingbot.htm)"
67.210.218.117 - - [17/Dec/2010:04:17:34 +0000] "GET /blog/feed HTTP/1.1" 200 308 "-" "Rome Client (http://tinyurl.com/64t5n) Ver: 0.9"
66.249.72.74 - - [17/Dec/2010:04:19:12 +0000] "GET /robots.txt HTTP/1.1" 200 308 "-" "Mozilla/5.0 (compatible; Googlebot/2.1; +http://www.google.com/bot.html)"
66.249.72.74 - - [17/Dec/2010:04:19:12 +0000] "GET /?do=index&project=2&do=index&project=2&order=severity&sort=asc&order2=tasktype&sort2=desc HTTP/1.1" 200 307 "-" "Mozilla/5.0 (compatible; Googlebot/2.1; +http://www.google.com/bot.html)"
207.46.199.199 - - [17/Dec/2010:06:16:04 +0000] "GET /robots.txt HTTP/1.1" 301 618 "-" "Mozilla/5.0 (compatible; bingbot/2.0; +http://www.bing.com/bingbot.htm)"
207.46.199.199 - - [17/Dec/2010:06:16:04 +0000] "GET /robots.txt HTTP/1.1" 200 265 "-" "Mozilla/5.0 (compatible; bingbot/2.0; +http://www.bing.com/bingbot.htm)"
66.249.72.74 - - [17/Dec/2010:07:19:55 +0000] "GET /nettops/Acer_Aspire_Revo_R3600 HTTP/1.1" 200 308 "-" "Mozilla/5.0 (compatible; Googlebot/2.1; +http://www.google.com/bot.html)"
66.249.72.74 - - [17/Dec/2010:09:34:46 +0000] "GET /nettops HTTP/1.1" 200 308 "-" "Mozilla/5.0 (compatible; Googlebot/2.1; +http://www.google.com/bot.html)"
66.249.72.74 - - [17/Dec/2010:10:48:34 +0000] "GET /netbooks/Dell_Mini_1018 HTTP/1.1" 200 308 "-" "Mozilla/5.0 (compatible; Googlebot/2.1; +http://www.google.com/bot.html)"
66.249.72.74 - - [17/Dec/2010:11:50:59 +0000] "GET /netbooks/MSI_Wind_U120 HTTP/1.1" 200 308 "-" "Mozilla/5.0 (compatible; Googlebot/2.1; +http://www.google.com/bot.html)"
66.249.72.74 - - [17/Dec/2010:11:57:10 +0000] "GET /shortlist/add/13 HTTP/1.1" 200 308 "-" "Mozilla/5.0 (compatible; Googlebot/2.1; +http://www.google.com/bot.html)"
204.236.181.253 - - [17/Dec/2010:14:06:49 +0000] "GET / HTTP/1.0" 200 266 "-" "Mozilla/5.0 (Macintosh; U; Intel Mac OS X 10.7; en-US; rv:13.37) Gecko/20121221 Firefox/4.7"
66.249.72.74 - - [17/Dec/2010:14:07:13 +0000] "GET /products/view/slug:Acer_Aspire_One_A11OL HTTP/1.1" 200 308 "-" "Mozilla/5.0 (compatible; Googlebot/2.1; +http://www.google.com/bot.html)"
66.249.72.74 - - [17/Dec/2010:16:23:22 +0000] "GET /products/view/slug:Acer_Aspire_One_531 HTTP/1.1" 200 308 "-" "Mozilla/5.0 (compatible; Googlebot/2.1; +http://www.google.com/bot.html)"
216.34.207.6 - - [17/Dec/2010:16:47:23 +0000] "GET /robots.txt HTTP/1.1" 301 618 "-" "CJNetworkQuality; http://www.cj.com/networkquality"
216.34.207.6 - - [17/Dec/2010:16:47:23 +0000] "GET / HTTP/1.1" 301 597 "-" "CJNetworkQuality; http://www.cj.com/networkquality"
66.249.72.74 - - [17/Dec/2010:17:32:53 +0000] "GET /blog/feed HTTP/1.1" 200 308 "-" "Mozilla/5.0 (compatible; Googlebot/2.1; +http://www.google.com/bot.html)"
66.249.72.74 - - [17/Dec/2010:19:09:28 +0000] "GET /a HTTP/1.1" 200 308 "-" "Mozilla/5.0 (compatible; Googlebot/2.1; +http://www.google.com/bot.html)"
66.249.72.74 - - [17/Dec/2010:19:38:23 +0000] "GET /netbooks/Dell_Mini_1012 HTTP/1.1" 200 308 "-" "Mozilla/5.0 (compatible; Googlebot/2.1; +http://www.google.com/bot.html)"
66.249.72.74 - - [17/Dec/2010:20:56:01 +0000] "GET /products/view/slug:Acer_Aspire_1410 HTTP/1.1" 200 308 "-" "Mozilla/5.0 (compatible; Googlebot/2.1; +http://www.google.com/bot.html)"
66.249.72.74 - - [17/Dec/2010:23:12:35 +0000] "GET /products/view/slug:Acer_Aspire_One_AOD150 HTTP/1.1" 200 308 "-" "Mozilla/5.0 (compatible; Googlebot/2.1; +http://www.google.com/bot.html)"
66.249.72.74 - - [18/Dec/2010:00:13:37 +0000] "GET /netbooks HTTP/1.1" 200 308 "-" "Mozilla/5.0 (compatible; Googlebot/2.1; +http://www.google.com/bot.html)"
66.249.72.74 - - [18/Dec/2010:04:30:10 +0000] "GET /robots.txt HTTP/1.1" 200 308 "-" "Mozilla/5.0 (compatible; Googlebot/2.1; +http://www.google.com/bot.html)"
66.249.72.74 - - [18/Dec/2010:06:27:16 +0000] "GET /index.php HTTP/1.1" 200 308 "-" "Mozilla/5.0 (compatible; Googlebot/2.1; +http://www.google.com/bot.html)"
66.249.72.74 - - [18/Dec/2010:07:41:57 +0000] "GET /products/view/slug:Asus_Eee_PC_1001P HTTP/1.1" 200 308 "-" "Mozilla/5.0 (compatible; Googlebot/2.1; +http://www.google.com/bot.html)"
66.249.72.74 - - [18/Dec/2010:09:52:32 +0000] "GET /products/view/slug:Asus_Eee_PC_1000HE HTTP/1.1" 200 308 "-" "Mozilla/5.0 (compatible; Googlebot/2.1; +http://www.google.com/bot.html)"
66.249.72.74 - - [18/Dec/2010:12:07:30 +0000] "GET /products/view/slug:Asus_Eee_PC_1000 HTTP/1.1" 200 308 "-" "Mozilla/5.0 (compatible; Googlebot/2.1; +http://www.google.com/bot.html)"
66.249.72.74 - - [18/Dec/2010:14:22:45 +0000] "GET /products/view/slug:Acer_Ferrari_One HTTP/1.1" 200 308 "-" "Mozilla/5.0 (compatible; Googlebot/2.1; +http://www.google.com/bot.html)"
67.210.218.117 - - [18/Dec/2010:15:51:43 +0000] "GET /blog/feed HTTP/1.1" 200 308 "-" "Rome Client (http://tinyurl.com/64t5n) Ver: 0.9"
66.249.67.112 - - [18/Dec/2010:16:38:02 +0000] "GET /robots.txt HTTP/1.1" 200 308 "-" "Mozilla/5.0 (compatible; Googlebot/2.1; +http://www.google.com/bot.html)"
66.249.67.112 - - [18/Dec/2010:16:38:02 +0000] "GET /products/view/slug:Asus_Eee_PC_1000HD HTTP/1.1" 200 307 "-" "Mozilla/5.0 (compatible; Googlebot/2.1; +http://www.google.com/bot.html)"
66.249.67.112 - - [18/Dec/2010:17:42:26 +0000] "GET /products/view/slug:Acer_Aspire_One_D250 HTTP/1.1" 200 308 "-" "Mozilla/5.0 (compatible; Googlebot/2.1; +http://www.google.com/bot.html)"
66.249.67.112 - - [18/Dec/2010:17:57:27 +0000] "GET /index.php HTTP/1.1" 200 308 "-" "Mozilla/5.0 (compatible; Googlebot/2.1; +http://www.google.com/bot.html)"
66.249.67.112 - - [18/Dec/2010:20:01:14 +0000] "GET /products/view/slug:Asus_Eee_PC_1001P HTTP/1.1" 200 308 "-" "Mozilla/5.0 (compatible; Googlebot/2.1; +http://www.google.com/bot.html)"
66.249.67.112 - - [18/Dec/2010:21:09:05 +0000] "GET /products/view/slug:Asus_Eee_PC_1000H HTTP/1.1" 200 308 "-" "Mozilla/5.0 (compatible; Googlebot/2.1; +http://www.google.com/bot.html)"
66.249.67.112 - - [18/Dec/2010:22:22:42 +0000] "GET /products/view/slug:Acer_Ferrari_One HTTP/1.1" 200 308 "-" "Mozilla/5.0 (compatible; Googlebot/2.1; +http://www.google.com/bot.html)"
66.249.67.112 - - [18/Dec/2010:23:24:11 +0000] "GET /products/view/slug:Acer_Aspire_Timeline_1810TZ HTTP/1.1" 200 308 "-" "Mozilla/5.0 (compatible; Googlebot/2.1; +http://www.google.com/bot.html)"
66.249.67.112 - - [19/Dec/2010:00:43:46 +0000] "GET /products/view/slug:Asus_Eee_PC_1000HE HTTP/1.1" 200 308 "-" "Mozilla/5.0 (compatible; Googlebot/2.1; +http://www.google.com/bot.html)"
66.249.67.112 - - [19/Dec/2010:01:38:47 +0000] "GET /products/view/slug:Acer_Aspire_Revo_R3600 HTTP/1.1" 200 308 "-" "Mozilla/5.0 (compatible; Googlebot/2.1; +http://www.google.com/bot.html)"
66.249.67.112 - - [19/Dec/2010:02:08:17 +0000] "GET /forum/sitemap/ HTTP/1.1" 200 308 "-" "Mozilla/5.0 (compatible; Googlebot/2.1; +http://www.google.com/bot.html)"
66.249.67.112 - - [19/Dec/2010:03:05:18 +0000] "GET /products/view/slug:Acer_Aspire_Timeline_1810T HTTP/1.1" 200 308 "-" "Mozilla/5.0 (compatible; Googlebot/2.1; +http://www.google.com/bot.html)"
66.249.67.112 - - [19/Dec/2010:05:58:08 +0000] "GET /nettops/ HTTP/1.1" 200 308 "-" "Mozilla/5.0 (compatible; Googlebot/2.1; +http://www.google.com/bot.html)"
66.249.67.112 - - [19/Dec/2010:07:21:13 +0000] "GET /forum/sendmessage.php HTTP/1.1" 200 308 "-" "Mozilla/5.0 (compatible; Googlebot/2.1; +http://www.google.com/bot.html)"
66.249.67.112 - - [19/Dec/2010:07:47:51 +0000] "GET /products/view/slug:Asus_Eee_PC_1000 HTTP/1.1" 200 308 "-" "Mozilla/5.0 (compatible; Googlebot/2.1; +http://www.google.com/bot.html)"
66.249.67.112 - - [19/Dec/2010:09:36:55 +0000] "GET /nettops/Acer_Aspire_Revo_R3600 HTTP/1.1" 200 308 "-" "Mozilla/5.0 (compatible; Googlebot/2.1; +http://www.google.com/bot.html)"
66.249.67.112 - - [19/Dec/2010:10:08:14 +0000] "GET /products/view/slug:Asus_Eee_PC_1000HD HTTP/1.1" 200 308 "-" "Mozilla/5.0 (compatible; Googlebot/2.1; +http://www.google.com/bot.html)"
66.249.67.112 - - [19/Dec/2010:11:55:11 +0000] "GET /products/view/slug:Asus_Eee_PC_1005PE HTTP/1.1" 200 308 "-" "Mozilla/5.0 (compatible; Googlebot/2.1; +http://www.google.com/bot.html)"
66.249.67.112 - - [19/Dec/2010:14:12:40 +0000] "GET /products/view/slug:Asus_Eee_PC_1004DN HTTP/1.1" 200 308 "-" "Mozilla/5.0 (compatible; Googlebot/2.1; +http://www.google.com/bot.html)"
66.249.67.112 - - [19/Dec/2010:16:30:47 +0000] "GET /products/view/slug:Asus_Eee_PC_1002HAE HTTP/1.1" 200 308 "-" "Mozilla/5.0 (compatible; Googlebot/2.1; +http://www.google.com/bot.html)"
66.249.72.74 - - [19/Dec/2010:18:13:29 +0000] "GET /robots.txt HTTP/1.1" 200 308 "-" "Mozilla/5.0 (compatible; Googlebot/2.1; +http://www.google.com/bot.html)"
66.249.72.74 - - [19/Dec/2010:18:13:29 +0000] "GET /?do=index&project=2&do=index&project=2&order=severity&sort=asc&order2=tasktype&sort2=desc HTTP/1.1" 200 307 "-" "Mozilla/5.0 (compatible; Googlebot/2.1; +http://www.google.com/bot.html)"
66.249.72.74 - - [19/Dec/2010:18:22:34 +0000] "GET /links/add/135 HTTP/1.1" 200 308 "-" "Mozilla/5.0 (compatible; Googlebot/2.1; +http://www.google.com/bot.html)"
66.249.72.74 - - [19/Dec/2010:18:48:39 +0000] "GET /products/view/slug:Acer_Aspire_One_A11OL HTTP/1.1" 200 308 "-" "Mozilla/5.0 (compatible; Googlebot/2.1; +http://www.google.com/bot.html)"
66.249.72.74 - - [19/Dec/2010:19:27:59 +0000] "GET /nettops HTTP/1.1" 200 308 "-" "Mozilla/5.0 (compatible; Googlebot/2.1; +http://www.google.com/bot.html)"
66.249.72.74 - - [19/Dec/2010:20:14:56 +0000] "GET /img/lib/product/image/thumb/large/Dell_Mini_1012.jpg HTTP/1.1" 200 30906 "-" "Googlebot-Image/1.0"
66.249.72.74 - - [19/Dec/2010:21:06:30 +0000] "GET /products/view/slug:Asus_Eee_PC_1002H HTTP/1.1" 200 308 "-" "Mozilla/5.0 (compatible; Googlebot/2.1; +http://www.google.com/bot.html)"
66.249.72.74 - - [19/Dec/2010:22:11:58 +0000] "GET /products/view/slug:Acer_Aspire_One_531 HTTP/1.1" 200 308 "-" "Mozilla/5.0 (compatible; Googlebot/2.1; +http://www.google.com/bot.html)"
66.249.72.74 - - [19/Dec/2010:22:51:49 +0000] "GET /netbooks/MSI_Wind_U120 HTTP/1.1" 200 308 "-" "Mozilla/5.0 (compatible; Googlebot/2.1; +http://www.google.com/bot.html)"
66.249.72.187 - - [19/Dec/2010:23:18:10 +0000] "GET /robots.txt HTTP/1.1" 301 573 "-" "Mozilla/5.0 (compatible; Googlebot/2.1; +http://www.google.com/bot.html)"
66.249.72.74 - - [19/Dec/2010:23:18:10 +0000] "GET /robots.txt HTTP/1.1" 200 308 "-" "Mozilla/5.0 (compatible; Googlebot/2.1; +http://www.google.com/bot.html)"
66.249.72.187 - - [19/Dec/2010:23:18:10 +0000] "GET / HTTP/1.1" 301 554 "-" "Mozilla/5.0 (compatible; Googlebot/2.1; +http://www.google.com/bot.html)"
66.249.72.74 - - [19/Dec/2010:23:18:11 +0000] "GET / HTTP/1.1" 200 307 "-" "Mozilla/5.0 (compatible; Googlebot/2.1; +http://www.google.com/bot.html)"
66.249.72.74 - - [19/Dec/2010:23:25:12 +0000] "GET /products/view/slug:Asus_Eee_PC_1002HA HTTP/1.1" 200 308 "-" "Mozilla/5.0 (compatible; Googlebot/2.1; +http://www.google.com/bot.html)"
66.249.72.74 - - [20/Dec/2010:00:24:35 +0000] "GET /shortlist/add/2 HTTP/1.1" 200 308 "-" "Mozilla/5.0 (compatible; Googlebot/2.1; +http://www.google.com/bot.html)"
66.249.72.74 - - [20/Dec/2010:01:07:55 +0000] "GET /products/view/slug:Acer_Aspire_One_531 HTTP/1.1" 200 308 "-" "Mozilla/5.0 (compatible; Googlebot/2.1; +http://www.google.com/bot.html)"
66.249.72.74 - - [20/Dec/2010:01:42:55 +0000] "GET /netbooks HTTP/1.1" 200 308 "-" "Mozilla/5.0 (compatible; Googlebot/2.1; +http://www.google.com/bot.html)"
66.249.72.74 - - [20/Dec/2010:02:15:14 +0000] "GET /img/lib/product/image/thumb/large/Dell_Mini_1018.jpg HTTP/1.1" 200 26848 "-" "Googlebot-Image/1.0"
66.249.72.74 - - [20/Dec/2010:02:37:10 +0000] "GET /netbooks/Dell_Mini_1012 HTTP/1.1" 200 308 "-" "Mozilla/5.0 (compatible; Googlebot/2.1; +http://www.google.com/bot.html)"
66.249.72.74 - - [20/Dec/2010:03:23:54 +0000] "GET /products/view/slug:Acer_Aspire_1410 HTTP/1.1" 200 308 "-" "Mozilla/5.0 (compatible; Googlebot/2.1; +http://www.google.com/bot.html)"
66.249.72.74 - - [20/Dec/2010:04:01:09 +0000] "GET /products/view/slug:Asus_Eee_PC_1005HA HTTP/1.1" 200 308 "-" "Mozilla/5.0 (compatible; Googlebot/2.1; +http://www.google.com/bot.html)"
66.249.72.74 - - [20/Dec/2010:04:31:47 +0000] "GET /products/view/slug:Acer_Aspire_One_AOD150 HTTP/1.1" 200 308 "-" "Mozilla/5.0 (compatible; Googlebot/2.1; +http://www.google.com/bot.html)"
67.210.218.117 - - [20/Dec/2010:05:42:36 +0000] "GET /blog/feed HTTP/1.1" 200 308 "-" "Rome Client (http://tinyurl.com/64t5n) Ver: 0.9"
66.249.72.74 - - [20/Dec/2010:08:47:11 +0000] "GET /img/lib/product/image/thumb/large/MSI_Wind_U120.jpg HTTP/1.1" 200 308 "-" "Googlebot-Image/1.0"
66.249.72.74 - - [20/Dec/2010:12:28:12 +0000] "GET /netbooks/Dell_Mini_1018 HTTP/1.1" 200 308 "-" "Mozilla/5.0 (compatible; Googlebot/2.1; +http://www.google.com/bot.html)"
66.249.72.74 - - [20/Dec/2010:13:36:19 +0000] "GET /shortlist/add/13 HTTP/1.1" 200 308 "-" "Mozilla/5.0 (compatible; Googlebot/2.1; +http://www.google.com/bot.html)"
216.34.207.6 - - [20/Dec/2010:13:56:37 +0000] "GET /robots.txt HTTP/1.1" 301 618 "-" "CJNetworkQuality; http://www.cj.com/networkquality"
216.34.207.6 - - [20/Dec/2010:13:56:37 +0000] "GET / HTTP/1.1" 301 597 "-" "CJNetworkQuality; http://www.cj.com/networkquality"
66.249.72.74 - - [20/Dec/2010:15:27:11 +0000] "GET /img/lib/manufacturer/logo/MSI.jpg HTTP/1.1" 200 9100 "-" "Googlebot-Image/1.0"
66.249.72.74 - - [20/Dec/2010:17:57:45 +0000] "GET /products/view/slug:Asus_Eee_PC_1000HE HTTP/1.1" 200 308 "-" "Mozilla/5.0 (compatible; Googlebot/2.1; +http://www.google.com/bot.html)"
66.249.72.74 - - [20/Dec/2010:19:26:14 +0000] "GET /robots.txt HTTP/1.1" 200 308 "-" "Mozilla/5.0 (compatible; Googlebot/2.1; +http://www.google.com/bot.html)"
66.249.72.74 - - [20/Dec/2010:19:26:14 +0000] "GET /products/view/slug:Asus_Eee_PC_1000 HTTP/1.1" 200 307 "-" "Mozilla/5.0 (compatible; Googlebot/2.1; +http://www.google.com/bot.html)"
210.4.61.243 - - [20/Dec/2010:20:52:21 +0000] "GET /blog/operating-system-guide HTTP/1.0" 200 228 "http:^//www.bed-guard.com" "Mozilla/5.0 (Windows; U; Windows NT 6.1; en-US) AppleWebKit/532.2 (KHTML, like Gecko) Chrome/4.0.221.7 Safari/532.2"
66.249.72.74 - - [20/Dec/2010:23:59:18 +0000] "GET /products/view/slug:Acer_Ferrari_One HTTP/1.1" 200 308 "-" "Mozilla/5.0 (compatible; Googlebot/2.1; +http://www.google.com/bot.html)"
66.249.72.74 - - [21/Dec/2010:01:30:05 +0000] "GET /products/view/slug:Asus_Eee_PC_1000H HTTP/1.1" 200 308 "-" "Mozilla/5.0 (compatible; Googlebot/2.1; +http://www.google.com/bot.html)"
66.249.72.74 - - [21/Dec/2010:03:01:04 +0000] "GET /products/view/slug:Acer_Aspire_One_D250 HTTP/1.1" 200 308 "-" "Mozilla/5.0 (compatible; Googlebot/2.1; +http://www.google.com/bot.html)"
121.96.212.183 - - [21/Dec/2010:03:55:51 +0000] "GET /blog/operating-system-guide HTTP/1.1" 200 308 "-" "Mozilla/4.0 (compatible; MSIE 7.0; Windows NT 5.1; Trident/4.0; .NET CLR 2.0.50727)"
66.249.72.74 - - [21/Dec/2010:04:32:17 +0000] "GET /products/view/slug:Asus_Eee_PC_1000HD HTTP/1.1" 200 308 "-" "Mozilla/5.0 (compatible; Googlebot/2.1; +http://www.google.com/bot.html)"
66.249.72.74 - - [21/Dec/2010:06:02:57 +0000] "GET /products/view/slug:Acer_Aspire_Timeline_1810TZ HTTP/1.1" 200 308 "-" "Mozilla/5.0 (compatible; Googlebot/2.1; +http://www.google.com/bot.html)"
66.249.72.74 - - [21/Dec/2010:07:34:34 +0000] "GET /products/view/slug:Acer_Aspire_Timeline_1810T HTTP/1.1" 200 308 "-" "Mozilla/5.0 (compatible; Googlebot/2.1; +http://www.google.com/bot.html)"
66.249.72.74 - - [21/Dec/2010:09:05:07 +0000] "GET /products/view/slug:Acer_Aspire_Revo_R3600 HTTP/1.1" 200 308 "-" "Mozilla/5.0 (compatible; Googlebot/2.1; +http://www.google.com/bot.html)"
66.249.72.74 - - [21/Dec/2010:10:36:34 +0000] "GET /forum/sitemap/ HTTP/1.1" 200 308 "-" "Mozilla/5.0 (compatible; Googlebot/2.1; +http://www.google.com/bot.html)"
38.127.197.105 - - [21/Dec/2010:11:29:30 +0000] "GET / HTTP/1.1" 200 266 "-" "Mozilla/4.0 (compatible; MSIE 7.0;  Windows NT 5.2)"
66.249.72.74 - - [21/Dec/2010:12:07:10 +0000] "GET /products/view/slug:Asus_Eee_PC_1001P HTTP/1.1" 200 308 "-" "Mozilla/5.0 (compatible; Googlebot/2.1; +http://www.google.com/bot.html)"
66.249.72.74 - - [21/Dec/2010:13:38:45 +0000] "GET /forum/sendmessage.php HTTP/1.1" 200 308 "-" "Mozilla/5.0 (compatible; Googlebot/2.1; +http://www.google.com/bot.html)"
67.210.218.117 - - [21/Dec/2010:14:17:03 +0000] "GET /blog/feed HTTP/1.1" 200 308 "-" "Rome Client (http://tinyurl.com/64t5n) Ver: 0.9"
66.249.72.74 - - [21/Dec/2010:15:08:46 +0000] "GET /nettops/ HTTP/1.1" 200 308 "-" "Mozilla/5.0 (compatible; Googlebot/2.1; +http://www.google.com/bot.html)"
66.249.72.74 - - [21/Dec/2010:17:08:49 +0000] "GET /nettops/Acer_Aspire_Revo_R3600 HTTP/1.1" 200 308 "-" "Mozilla/5.0 (compatible; Googlebot/2.1; +http://www.google.com/bot.html)"
66.249.72.74 - - [21/Dec/2010:22:30:19 +0000] "GET /robots.txt HTTP/1.1" 200 308 "-" "Mozilla/5.0 (compatible; Googlebot/2.1; +http://www.google.com/bot.html)"
66.249.72.74 - - [21/Dec/2010:22:30:19 +0000] "GET /products/view/slug:Asus_Eee_PC_1002HAE HTTP/1.1" 200 307 "-" "Mozilla/5.0 (compatible; Googlebot/2.1; +http://www.google.com/bot.html)"
207.46.199.177 - - [21/Dec/2010:22:59:17 +0000] "GET /robots.txt HTTP/1.1" 301 618 "-" "Mozilla/5.0 (compatible; bingbot/2.0; +http://www.bing.com/bingbot.htm)"
207.46.199.177 - - [21/Dec/2010:22:59:17 +0000] "GET /robots.txt HTTP/1.1" 200 265 "-" "Mozilla/5.0 (compatible; bingbot/2.0; +http://www.bing.com/bingbot.htm)"
66.249.72.74 - - [21/Dec/2010:23:23:17 +0000] "GET /products/view/slug:Asus_Eee_PC_1004DN HTTP/1.1" 200 308 "-" "Mozilla/5.0 (compatible; Googlebot/2.1; +http://www.google.com/bot.html)"
207.46.199.199 - - [22/Dec/2010:00:07:47 +0000] "GET /robots.txt HTTP/1.1" 301 618 "-" "Mozilla/5.0 (compatible; bingbot/2.0; +http://www.bing.com/bingbot.htm)"
207.46.199.199 - - [22/Dec/2010:00:07:47 +0000] "GET /robots.txt HTTP/1.1" 200 265 "-" "Mozilla/5.0 (compatible; bingbot/2.0; +http://www.bing.com/bingbot.htm)"
66.249.72.74 - - [22/Dec/2010:00:16:13 +0000] "GET / HTTP/1.1" 200 308 "-" "Mozilla/5.0 (compatible; Googlebot/2.1; +http://www.google.com/bot.html)"
66.249.72.74 - - [22/Dec/2010:01:09:18 +0000] "GET /?do=index&project=2&do=index&project=2&order=severity&sort=asc&order2=tasktype&sort2=desc HTTP/1.1" 200 308 "-" "Mozilla/5.0 (compatible; Googlebot/2.1; +http://www.google.com/bot.html)"
66.249.72.74 - - [22/Dec/2010:02:02:20 +0000] "GET /products/view/slug:Asus_Eee_PC_1005PE HTTP/1.1" 200 308 "-" "Mozilla/5.0 (compatible; Googlebot/2.1; +http://www.google.com/bot.html)"
66.249.72.74 - - [22/Dec/2010:02:55:20 +0000] "GET /nettops HTTP/1.1" 200 308 "-" "Mozilla/5.0 (compatible; Googlebot/2.1; +http://www.google.com/bot.html)"
66.249.72.74 - - [22/Dec/2010:03:48:17 +0000] "GET /products/view/slug:Acer_Aspire_One_531 HTTP/1.1" 200 308 "-" "Mozilla/5.0 (compatible; Googlebot/2.1; +http://www.google.com/bot.html)"
66.249.72.74 - - [22/Dec/2010:04:41:13 +0000] "GET /products/view/slug:Acer_Aspire_One_A11OL HTTP/1.1" 200 308 "-" "Mozilla/5.0 (compatible; Googlebot/2.1; +http://www.google.com/bot.html)"
66.249.72.74 - - [22/Dec/2010:05:15:38 +0000] "GET /products/view/slug:Acer_Aspire_1410 HTTP/1.1" 200 308 "-" "Mozilla/5.0 (compatible; Googlebot/2.1; +http://www.google.com/bot.html)"
66.249.72.74 - - [22/Dec/2010:05:34:10 +0000] "GET /products/view/slug:Asus_Eee_PC_1002H HTTP/1.1" 200 308 "-" "Mozilla/5.0 (compatible; Googlebot/2.1; +http://www.google.com/bot.html)"
66.249.72.74 - - [22/Dec/2010:06:27:31 +0000] "GET /products/view/slug:Asus_Eee_PC_1002HA HTTP/1.1" 200 308 "-" "Mozilla/5.0 (compatible; Googlebot/2.1; +http://www.google.com/bot.html)"
66.249.72.74 - - [22/Dec/2010:06:37:03 +0000] "GET /netbooks/Dell_Mini_1018 HTTP/1.1" 200 308 "-" "Mozilla/5.0 (compatible; Googlebot/2.1; +http://www.google.com/bot.html)"
66.249.72.74 - - [22/Dec/2010:07:16:12 +0000] "GET /shortlist/add/2 HTTP/1.1" 200 308 "-" "Mozilla/5.0 (compatible; Googlebot/2.1; +http://www.google.com/bot.html)"
66.249.72.74 - - [22/Dec/2010:09:02:59 +0000] "GET /products/view/slug:Acer_Aspire_One_AOD150 HTTP/1.1" 200 308 "-" "Mozilla/5.0 (compatible; Googlebot/2.1; +http://www.google.com/bot.html)"
66.249.72.74 - - [22/Dec/2010:10:01:40 +0000] "GET /products/view/slug:Acer_Aspire_One_AOD150 HTTP/1.1" 200 308 "-" "Mozilla/5.0 (compatible; Googlebot/2.1; +http://www.google.com/bot.html)"
66.249.72.74 - - [22/Dec/2010:10:42:35 +0000] "GET /links/add/135 HTTP/1.1" 200 308 "-" "Mozilla/5.0 (compatible; Googlebot/2.1; +http://www.google.com/bot.html)"
66.249.72.74 - - [22/Dec/2010:10:48:06 +0000] "GET /netbooks/Dell_Mini_1012 HTTP/1.1" 200 308 "-" "Mozilla/5.0 (compatible; Googlebot/2.1; +http://www.google.com/bot.html)"
66.249.72.74 - - [22/Dec/2010:11:32:39 +0000] "GET /netbooks HTTP/1.1" 200 308 "-" "Mozilla/5.0 (compatible; Googlebot/2.1; +http://www.google.com/bot.html)"
66.249.72.74 - - [22/Dec/2010:12:27:39 +0000] "GET /products/view/slug:Asus_Eee_PC_1005HA HTTP/1.1" 200 308 "-" "Mozilla/5.0 (compatible; Googlebot/2.1; +http://www.google.com/bot.html)"
216.34.207.6 - - [22/Dec/2010:13:13:59 +0000] "GET /robots.txt HTTP/1.1" 301 618 "-" "CJNetworkQuality; http://www.cj.com/networkquality"
216.34.207.6 - - [22/Dec/2010:13:13:59 +0000] "GET / HTTP/1.1" 301 597 "-" "CJNetworkQuality; http://www.cj.com/networkquality"
66.249.72.74 - - [22/Dec/2010:13:26:31 +0000] "GET /netbooks HTTP/1.1" 200 308 "-" "Mozilla/5.0 (compatible; Googlebot/2.1; +http://www.google.com/bot.html)"
66.249.72.74 - - [22/Dec/2010:14:19:05 +0000] "GET /netbooks/MSI_Wind_U120 HTTP/1.1" 200 308 "-" "Mozilla/5.0 (compatible; Googlebot/2.1; +http://www.google.com/bot.html)"
66.249.72.74 - - [22/Dec/2010:15:14:54 +0000] "GET /shortlist/add/13 HTTP/1.1" 200 308 "-" "Mozilla/5.0 (compatible; Googlebot/2.1; +http://www.google.com/bot.html)"
66.249.72.74 - - [22/Dec/2010:18:51:42 +0000] "GET /products/view/slug:Asus_Eee_PC_1000HE HTTP/1.1" 200 308 "-" "Mozilla/5.0 (compatible; Googlebot/2.1; +http://www.google.com/bot.html)"
67.210.218.117 - - [22/Dec/2010:19:58:27 +0000] "GET /blog/feed HTTP/1.1" 200 308 "-" "Rome Client (http://tinyurl.com/64t5n) Ver: 0.9"
66.249.72.74 - - [22/Dec/2010:21:28:49 +0000] "GET /products/view/slug:Asus_Eee_PC_1000 HTTP/1.1" 200 308 "-" "Mozilla/5.0 (compatible; Googlebot/2.1; +http://www.google.com/bot.html)"
66.249.72.74 - - [22/Dec/2010:22:47:33 +0000] "GET /robots.txt HTTP/1.1" 200 308 "-" "Mozilla/5.0 (compatible; Googlebot/2.1; +http://www.google.com/bot.html)"
66.249.72.74 - - [22/Dec/2010:22:47:33 +0000] "GET /products/view/slug:Acer_Ferrari_One HTTP/1.1" 200 307 "-" "Mozilla/5.0 (compatible; Googlebot/2.1; +http://www.google.com/bot.html)"
66.249.72.54 - - [23/Dec/2010:00:31:18 +0000] "GET /products/view/slug:Acer_Aspire_Revo_R3600 HTTP/1.1" 200 308 "-" "Mozilla/5.0 (compatible; Googlebot/2.1; +http://www.google.com/bot.html)"
66.249.72.54 - - [23/Dec/2010:01:32:43 +0000] "GET /products/view/slug:Asus_Eee_PC_1001P HTTP/1.1" 200 308 "-" "Mozilla/5.0 (compatible; Googlebot/2.1; +http://www.google.com/bot.html)"
66.249.72.54 - - [23/Dec/2010:02:50:50 +0000] "GET /products/view/slug:Asus_Eee_PC_1000H HTTP/1.1" 200 308 "-" "Mozilla/5.0 (compatible; Googlebot/2.1; +http://www.google.com/bot.html)"
66.249.72.54 - - [23/Dec/2010:04:07:50 +0000] "GET /products/view/slug:Acer_Aspire_Timeline_1810TZ HTTP/1.1" 200 308 "-" "Mozilla/5.0 (compatible; Googlebot/2.1; +http://www.google.com/bot.html)"
66.249.72.54 - - [23/Dec/2010:04:08:57 +0000] "GET /products/view/slug:Asus_Eee_PC_1000HD HTTP/1.1" 200 308 "-" "Mozilla/5.0 (compatible; Googlebot/2.1; +http://www.google.com/bot.html)"
66.249.72.54 - - [23/Dec/2010:06:01:49 +0000] "GET /products/view/slug:Asus_Eee_PC_1001P HTTP/1.1" 200 308 "-" "Mozilla/5.0 (compatible; Googlebot/2.1; +http://www.google.com/bot.html)"
66.249.72.54 - - [23/Dec/2010:06:44:31 +0000] "GET /products/view/slug:Acer_Aspire_One_D250 HTTP/1.1" 200 308 "-" "Mozilla/5.0 (compatible; Googlebot/2.1; +http://www.google.com/bot.html)"
66.249.72.54 - - [23/Dec/2010:08:02:29 +0000] "GET /products/view/slug:Acer_Aspire_Timeline_1810T HTTP/1.1" 200 308 "-" "Mozilla/5.0 (compatible; Googlebot/2.1; +http://www.google.com/bot.html)"
66.249.72.54 - - [23/Dec/2010:09:20:59 +0000] "GET /nettops/ HTTP/1.1" 200 308 "-" "Mozilla/5.0 (compatible; Googlebot/2.1; +http://www.google.com/bot.html)"
66.249.72.54 - - [23/Dec/2010:09:55:09 +0000] "GET /products/view/slug:Acer_Aspire_Timeline_1810T HTTP/1.1" 200 308 "-" "Mozilla/5.0 (compatible; Googlebot/2.1; +http://www.google.com/bot.html)"
174.23.233.54 - - [23/Dec/2010:21:09:04 +0000] "GET / HTTP/1.1" 301 555 "-" "Mozilla/5.0 (Windows; U; Windows NT 6.1; en-US) AppleWebKit/534.10 (KHTML, like Gecko) Chrome/8.0.552.224 Safari/534.10"
174.23.233.54 - - [23/Dec/2010:21:09:04 +0000] "GET / HTTP/1.1" 200 308 "-" "Mozilla/5.0 (Windows; U; Windows NT 6.1; en-US) AppleWebKit/534.10 (KHTML, like Gecko) Chrome/8.0.552.224 Safari/534.10"
174.23.233.54 - - [23/Dec/2010:21:09:04 +0000] "GET /favicon.ico HTTP/1.1" 200 1996 "-" "Mozilla/5.0 (Windows; U; Windows NT 6.1; en-US) AppleWebKit/534.10 (KHTML, like Gecko) Chrome/8.0.552.224 Safari/534.10"
66.249.72.54 - - [24/Dec/2010:00:05:19 +0000] "GET /robots.txt HTTP/1.1" 200 308 "-" "Mozilla/5.0 (compatible; Googlebot/2.1; +http://www.google.com/bot.html)"
66.249.72.54 - - [24/Dec/2010:00:05:19 +0000] "GET /index.php HTTP/1.1" 200 307 "-" "Mozilla/5.0 (compatible; Googlebot/2.1; +http://www.google.com/bot.html)"
95.65.74.138 - - [24/Dec/2010:01:18:54 +0000] "GET /robots.txt HTTP/1.0" 301 606 "-" "Mozilla/4.0 (compatible; MSIE 6.0;)"
67.210.218.117 - - [24/Dec/2010:03:05:48 +0000] "GET /blog/feed HTTP/1.1" 200 308 "-" "Rome Client (http://tinyurl.com/64t5n) Ver: 0.9"
66.249.72.54 - - [24/Dec/2010:03:39:56 +0000] "GET /img/lib/manufacturer/logo/HP.jpg HTTP/1.1" 200 10309 "-" "Googlebot-Image/1.0"
66.249.72.54 - - [24/Dec/2010:08:09:09 +0000] "GET /netbooks/MSI_Wind_U120 HTTP/1.1" 200 308 "-" "Mozilla/5.0 (compatible; Googlebot/2.1; +http://www.google.com/bot.html)"
66.249.72.54 - - [24/Dec/2010:13:39:10 +0000] "GET /img/lib/manufacturer/logo/Asus.jpg HTTP/1.1" 200 6733 "-" "Googlebot-Image/1.0"
66.249.72.54 - - [24/Dec/2010:18:00:18 +0000] "GET / HTTP/1.1" 200 308 "-" "Mozilla/5.0 (compatible; Googlebot/2.1; +http://www.google.com/bot.html)"
66.249.72.54 - - [24/Dec/2010:18:23:47 +0000] "GET /?do=index&project=2&do=index&project=2&order=severity&sort=asc&order2=tasktype&sort2=desc HTTP/1.1" 200 308 "-" "Mozilla/5.0 (compatible; Googlebot/2.1; +http://www.google.com/bot.html)"
66.249.72.54 - - [24/Dec/2010:19:03:45 +0000] "GET /products/view/slug:Asus_Eee_PC_1005PE HTTP/1.1" 200 308 "-" "Mozilla/5.0 (compatible; Googlebot/2.1; +http://www.google.com/bot.html)"
66.249.72.54 - - [24/Dec/2010:20:23:49 +0000] "GET /nettops/Acer_Aspire_Revo_R3600 HTTP/1.1" 200 308 "-" "Mozilla/5.0 (compatible; Googlebot/2.1; +http://www.google.com/bot.html)"
66.249.72.54 - - [24/Dec/2010:21:03:56 +0000] "GET /nettops HTTP/1.1" 200 308 "-" "Mozilla/5.0 (compatible; Googlebot/2.1; +http://www.google.com/bot.html)"
66.249.72.54 - - [24/Dec/2010:22:23:56 +0000] "GET /products/view/slug:Asus_Eee_PC_1004DN HTTP/1.1" 200 308 "-" "Mozilla/5.0 (compatible; Googlebot/2.1; +http://www.google.com/bot.html)"
66.249.72.54 - - [24/Dec/2010:23:04:01 +0000] "GET /products/view/slug:Acer_Aspire_One_A11OL HTTP/1.1" 200 308 "-" "Mozilla/5.0 (compatible; Googlebot/2.1; +http://www.google.com/bot.html)"
66.249.72.54 - - [24/Dec/2010:23:44:01 +0000] "GET /products/view/slug:Asus_Eee_PC_1000HE HTTP/1.1" 200 308 "-" "Mozilla/5.0 (compatible; Googlebot/2.1; +http://www.google.com/bot.html)"
66.249.72.54 - - [25/Dec/2010:00:24:05 +0000] "GET /robots.txt HTTP/1.1" 200 308 "-" "Mozilla/5.0 (compatible; Googlebot/2.1; +http://www.google.com/bot.html)"
66.249.72.54 - - [25/Dec/2010:00:24:05 +0000] "GET /products/view/slug:Acer_Aspire_One_531 HTTP/1.1" 200 307 "-" "Mozilla/5.0 (compatible; Googlebot/2.1; +http://www.google.com/bot.html)"
66.249.72.54 - - [25/Dec/2010:01:04:06 +0000] "GET /netbooks/Dell_Mini_1018 HTTP/1.1" 200 308 "-" "Mozilla/5.0 (compatible; Googlebot/2.1; +http://www.google.com/bot.html)"
66.249.72.54 - - [25/Dec/2010:01:44:07 +0000] "GET /products/view/slug:Asus_Eee_PC_1002HAE HTTP/1.1" 200 308 "-" "Mozilla/5.0 (compatible; Googlebot/2.1; +http://www.google.com/bot.html)"
216.34.207.6 - - [25/Dec/2010:02:08:55 +0000] "GET /robots.txt HTTP/1.1" 301 618 "-" "CJNetworkQuality; http://www.cj.com/networkquality"
216.34.207.6 - - [25/Dec/2010:02:08:55 +0000] "GET / HTTP/1.1" 301 597 "-" "CJNetworkQuality; http://www.cj.com/networkquality"
66.249.72.54 - - [25/Dec/2010:02:24:10 +0000] "GET /products/view/slug:Asus_Eee_PC_1002HA HTTP/1.1" 200 308 "-" "Mozilla/5.0 (compatible; Googlebot/2.1; +http://www.google.com/bot.html)"
66.249.72.54 - - [25/Dec/2010:03:04:14 +0000] "GET /products/view/slug:Acer_Aspire_1410 HTTP/1.1" 200 308 "-" "Mozilla/5.0 (compatible; Googlebot/2.1; +http://www.google.com/bot.html)"
66.249.72.54 - - [25/Dec/2010:03:44:22 +0000] "GET /products/view/slug:Asus_Eee_PC_1002H HTTP/1.1" 200 308 "-" "Mozilla/5.0 (compatible; Googlebot/2.1; +http://www.google.com/bot.html)"
66.249.72.54 - - [25/Dec/2010:04:24:23 +0000] "GET /products/view/slug:Asus_Eee_PC_1000 HTTP/1.1" 200 308 "-" "Mozilla/5.0 (compatible; Googlebot/2.1; +http://www.google.com/bot.html)"
66.249.72.54 - - [25/Dec/2010:05:04:28 +0000] "GET /products/view/slug:Acer_Ferrari_One HTTP/1.1" 200 308 "-" "Mozilla/5.0 (compatible; Googlebot/2.1; +http://www.google.com/bot.html)"
66.249.72.54 - - [25/Dec/2010:05:44:36 +0000] "GET /netbooks/Dell_Mini_1012 HTTP/1.1" 200 308 "-" "Mozilla/5.0 (compatible; Googlebot/2.1; +http://www.google.com/bot.html)"
66.249.72.54 - - [25/Dec/2010:06:24:37 +0000] "GET /links/add/130 HTTP/1.1" 200 308 "-" "Mozilla/5.0 (compatible; Googlebot/2.1; +http://www.google.com/bot.html)"
67.210.218.117 - - [25/Dec/2010:06:52:25 +0000] "GET /blog/feed HTTP/1.1" 200 308 "-" "Rome Client (http://tinyurl.com/64t5n) Ver: 0.9"
66.249.72.54 - - [25/Dec/2010:07:04:37 +0000] "GET /products/view/slug:Acer_Aspire_One_AOD150 HTTP/1.1" 200 308 "-" "Mozilla/5.0 (compatible; Googlebot/2.1; +http://www.google.com/bot.html)"
66.249.72.54 - - [25/Dec/2010:07:44:46 +0000] "GET /products/view/slug:Asus_Eee_PC_1005HA HTTP/1.1" 200 308 "-" "Mozilla/5.0 (compatible; Googlebot/2.1; +http://www.google.com/bot.html)"
66.249.72.54 - - [25/Dec/2010:07:59:05 +0000] "GET /products/view/slug:Asus_Eee_PC_1201T HTTP/1.1" 200 308 "-" "Mozilla/5.0 (compatible; Googlebot/2.1; +http://www.google.com/bot.html)"
66.249.72.54 - - [25/Dec/2010:08:24:30 +0000] "GET /netbooks HTTP/1.1" 200 308 "-" "Mozilla/5.0 (compatible; Googlebot/2.1; +http://www.google.com/bot.html)"
66.249.72.54 - - [25/Dec/2010:09:04:52 +0000] "GET /products/view/slug:Asus_Eee_PC_1000HD HTTP/1.1" 200 308 "-" "Mozilla/5.0 (compatible; Googlebot/2.1; +http://www.google.com/bot.html)"
66.249.72.54 - - [25/Dec/2010:09:44:53 +0000] "GET /products/view/slug:Asus_Eee_PC_1001P HTTP/1.1" 200 308 "-" "Mozilla/5.0 (compatible; Googlebot/2.1; +http://www.google.com/bot.html)"
66.249.72.54 - - [25/Dec/2010:10:13:25 +0000] "GET /products/view/slug:Asus_Eee_PC_900 HTTP/1.1" 200 308 "-" "Mozilla/5.0 (compatible; Googlebot/2.1; +http://www.google.com/bot.html)"
66.249.72.54 - - [25/Dec/2010:10:24:42 +0000] "GET /products/view/slug:Asus_Eee_PC_1000H HTTP/1.1" 200 308 "-" "Mozilla/5.0 (compatible; Googlebot/2.1; +http://www.google.com/bot.html)"
66.249.72.54 - - [25/Dec/2010:10:57:52 +0000] "GET /products/view/slug:Acer_Aspire_Timeline_1810TZ HTTP/1.1" 200 308 "-" "Mozilla/5.0 (compatible; Googlebot/2.1; +http://www.google.com/bot.html)"
66.249.72.54 - - [25/Dec/2010:11:34:24 +0000] "GET /products/view/slug:Acer_Aspire_Revo_R3600 HTTP/1.1" 200 308 "-" "Mozilla/5.0 (compatible; Googlebot/2.1; +http://www.google.com/bot.html)"
66.249.72.54 - - [25/Dec/2010:12:16:39 +0000] "GET /products/view/slug:Acer_Aspire_One_D250 HTTP/1.1" 200 308 "-" "Mozilla/5.0 (compatible; Googlebot/2.1; +http://www.google.com/bot.html)"
66.249.72.54 - - [25/Dec/2010:12:30:25 +0000] "GET /products/view/slug:Asus_Eee_PC_2G_Surf HTTP/1.1" 200 308 "-" "Mozilla/5.0 (compatible; Googlebot/2.1; +http://www.google.com/bot.html)"
66.249.72.54 - - [25/Dec/2010:12:59:21 +0000] "GET /products/view/slug:Acer_Aspire_Timeline_1810T HTTP/1.1" 200 308 "-" "Mozilla/5.0 (compatible; Googlebot/2.1; +http://www.google.com/bot.html)"
66.249.72.54 - - [25/Dec/2010:13:40:51 +0000] "GET /forum/sendmessage.php HTTP/1.1" 200 308 "-" "Mozilla/5.0 (compatible; Googlebot/2.1; +http://www.google.com/bot.html)"
66.249.72.54 - - [25/Dec/2010:14:23:38 +0000] "GET /nettops/ HTTP/1.1" 200 308 "-" "Mozilla/5.0 (compatible; Googlebot/2.1; +http://www.google.com/bot.html)"
66.249.72.54 - - [25/Dec/2010:14:47:02 +0000] "GET /products/view/slug:Asus_Eee_PC_8G HTTP/1.1" 200 308 "-" "Mozilla/5.0 (compatible; Googlebot/2.1; +http://www.google.com/bot.html)"
66.249.72.54 - - [25/Dec/2010:17:03:35 +0000] "GET /products/view/slug:Asus_Eee_PC_701SD HTTP/1.1" 200 308 "-" "Mozilla/5.0 (compatible; Googlebot/2.1; +http://www.google.com/bot.html)"
66.249.71.19 - - [25/Dec/2010:18:36:19 +0000] "GET /robots.txt HTTP/1.1" 200 308 "-" "Mozilla/5.0 (compatible; Googlebot/2.1; +http://www.google.com/bot.html)"
66.249.71.19 - - [25/Dec/2010:18:36:19 +0000] "GET /?project=2&project=2&do=index&order=severity&sort=desc&order2=id&sort2=desc&toggleadvanced=1 HTTP/1.1" 200 307 "-" "Mozilla/5.0 (compatible; Googlebot/2.1; +http://www.google.com/bot.html)"
66.249.71.19 - - [25/Dec/2010:19:20:29 +0000] "GET /products/view/slug:Asus_Eee_PC_900A HTTP/1.1" 200 308 "-" "Mozilla/5.0 (compatible; Googlebot/2.1; +http://www.google.com/bot.html)"
66.249.71.19 - - [25/Dec/2010:21:36:37 +0000] "GET /products/view/slug:Asus_Eee_PC_1201N HTTP/1.1" 200 308 "-" "Mozilla/5.0 (compatible; Googlebot/2.1; +http://www.google.com/bot.html)"
66.249.71.19 - - [25/Dec/2010:23:53:28 +0000] "GET /products/view/slug:Asus_Eee_PC_701SDX HTTP/1.1" 200 308 "-" "Mozilla/5.0 (compatible; Googlebot/2.1; +http://www.google.com/bot.html)"
95.65.74.138 - - [26/Dec/2010:00:58:20 +0000] "GET / HTTP/1.0" 301 560 "-" "Mozilla/4.0 (compatible; MSIE 6.0;)"
66.249.71.19 - - [26/Dec/2010:02:10:49 +0000] "GET /products/view/slug:Asus_Eee_PC_1008HA HTTP/1.1" 200 308 "-" "Mozilla/5.0 (compatible; Googlebot/2.1; +http://www.google.com/bot.html)"
66.249.71.19 - - [26/Dec/2010:04:27:46 +0000] "GET /products/view/slug:Asus_Eee_PC_1101HA HTTP/1.1" 200 308 "-" "Mozilla/5.0 (compatible; Googlebot/2.1; +http://www.google.com/bot.html)"
66.249.71.19 - - [26/Dec/2010:04:37:46 +0000] "GET /regions/change/gb HTTP/1.1" 200 308 "-" "Mozilla/5.0 (compatible; Googlebot/2.1; +http://www.google.com/bot.html)"
67.210.218.117 - - [26/Dec/2010:17:30:58 +0000] "GET /blog/feed HTTP/1.1" 200 308 "-" "Rome Client (http://tinyurl.com/64t5n) Ver: 0.9"
66.249.72.54 - - [26/Dec/2010:18:15:53 +0000] "GET /robots.txt HTTP/1.1" 200 308 "-" "Mozilla/5.0 (compatible; Googlebot/2.1; +http://www.google.com/bot.html)"
66.249.72.54 - - [26/Dec/2010:18:15:53 +0000] "GET /netbooks/MSI_Wind_U120 HTTP/1.1" 200 307 "-" "Mozilla/5.0 (compatible; Googlebot/2.1; +http://www.google.com/bot.html)"
66.249.72.54 - - [26/Dec/2010:19:07:50 +0000] "GET /products/view/slug:Asus_Eee_PC_1005PE HTTP/1.1" 200 308 "-" "Mozilla/5.0 (compatible; Googlebot/2.1; +http://www.google.com/bot.html)"
66.249.72.54 - - [26/Dec/2010:20:51:51 +0000] "GET / HTTP/1.1" 200 308 "-" "Mozilla/5.0 (compatible; Googlebot/2.1; +http://www.google.com/bot.html)"
66.249.72.54 - - [26/Dec/2010:22:35:45 +0000] "GET /products/view/slug:Asus_Eee_PC_1004DN HTTP/1.1" 200 308 "-" "Mozilla/5.0 (compatible; Googlebot/2.1; +http://www.google.com/bot.html)"
66.249.72.54 - - [26/Dec/2010:23:27:41 +0000] "GET /products/view/slug:Asus_Eee_PC_1000HE HTTP/1.1" 200 308 "-" "Mozilla/5.0 (compatible; Googlebot/2.1; +http://www.google.com/bot.html)"
66.249.72.54 - - [27/Dec/2010:00:19:38 +0000] "GET /netbooks/ HTTP/1.1" 200 308 "-" "Mozilla/5.0 (compatible; Googlebot/2.1; +http://www.google.com/bot.html)"
64.246.161.190 - - [27/Dec/2010:01:06:25 +0000] "GET /robots.txt HTTP/1.0" 200 228 "-" "Mozilla/5.0 (Windows; U; Windows NT 5.1; en; rv:1.9.0.13) Gecko/2009073022 Firefox/3.5.2 (.NET CLR 3.5.30729) SurveyBot/2.3 (DomainTools)"
64.246.161.190 - - [27/Dec/2010:01:06:25 +0000] "GET / HTTP/1.1" 200 270 "http://whois.domaintools.com/storbital.com" "Mozilla/5.0 (Windows; U; Windows NT 5.1; en; rv:1.9.0.13) Gecko/2009073022 Firefox/3.5.2 (.NET CLR 3.5.30729) SurveyBot/2.3 (DomainTools)"
66.249.72.54 - - [27/Dec/2010:01:11:46 +0000] "GET /products/view/slug:Asus_Eee_PC_1002HAE HTTP/1.1" 200 308 "-" "Mozilla/5.0 (compatible; Googlebot/2.1; +http://www.google.com/bot.html)"
66.249.72.54 - - [27/Dec/2010:02:03:32 +0000] "GET /products/view/slug:Acer_Aspire_Timeline_1810T HTTP/1.1" 200 308 "-" "Mozilla/5.0 (compatible; Googlebot/2.1; +http://www.google.com/bot.html)"
66.249.72.54 - - [27/Dec/2010:02:55:28 +0000] "GET /products/view/slug:Asus_Eee_PC_1002H HTTP/1.1" 200 308 "-" "Mozilla/5.0 (compatible; Googlebot/2.1; +http://www.google.com/bot.html)"
66.249.72.54 - - [27/Dec/2010:03:47:26 +0000] "GET /products/view/slug:Asus_Eee_PC_1000 HTTP/1.1" 200 308 "-" "Mozilla/5.0 (compatible; Googlebot/2.1; +http://www.google.com/bot.html)"
66.249.72.54 - - [27/Dec/2010:04:39:42 +0000] "GET /products/view/slug:Acer_Ferrari_One HTTP/1.1" 200 308 "-" "Mozilla/5.0 (compatible; Googlebot/2.1; +http://www.google.com/bot.html)"
66.249.72.54 - - [27/Dec/2010:05:31:41 +0000] "GET /nettops/ HTTP/1.1" 200 308 "-" "Mozilla/5.0 (compatible; Googlebot/2.1; +http://www.google.com/bot.html)"
178.77.77.48 - - [27/Dec/2010:05:59:55 +0000] "GET / HTTP/1.0" 200 228 "http://www.friends-talk.eu" "Mozilla/4.0 (compatible; MSIE 7.0; Windows NT 6.0; Trident/4.0)"
66.249.72.54 - - [27/Dec/2010:06:23:13 +0000] "GET /products/view/slug:Asus_Eee_PC_1000HD HTTP/1.1" 200 308 "-" "Mozilla/5.0 (compatible; Googlebot/2.1; +http://www.google.com/bot.html)"
66.249.72.54 - - [27/Dec/2010:07:15:12 +0000] "GET /products/view/slug:Acer_Aspire_Timeline_1810TZ HTTP/1.1" 200 308 "-" "Mozilla/5.0 (compatible; Googlebot/2.1; +http://www.google.com/bot.html)"
66.249.72.54 - - [27/Dec/2010:08:07:27 +0000] "GET /links/add/130 HTTP/1.1" 200 308 "-" "Mozilla/5.0 (compatible; Googlebot/2.1; +http://www.google.com/bot.html)"
66.249.72.54 - - [27/Dec/2010:08:59:16 +0000] "GET /products/view/slug:Acer_Aspire_One_D250 HTTP/1.1" 200 308 "-" "Mozilla/5.0 (compatible; Googlebot/2.1; +http://www.google.com/bot.html)"
66.249.72.54 - - [27/Dec/2010:09:51:15 +0000] "GET /products/view/slug:Acer_Aspire_Revo_R3600 HTTP/1.1" 200 308 "-" "Mozilla/5.0 (compatible; Googlebot/2.1; +http://www.google.com/bot.html)"
66.249.72.54 - - [27/Dec/2010:10:43:28 +0000] "GET /products/view/slug:Asus_Eee_PC_1000H HTTP/1.1" 200 308 "-" "Mozilla/5.0 (compatible; Googlebot/2.1; +http://www.google.com/bot.html)"
66.249.72.54 - - [27/Dec/2010:11:35:06 +0000] "GET /products/view/slug:Asus_Eee_PC_1005HA HTTP/1.1" 200 308 "-" "Mozilla/5.0 (compatible; Googlebot/2.1; +http://www.google.com/bot.html)"
66.249.72.54 - - [27/Dec/2010:12:27:54 +0000] "GET /products/view/slug:Asus_Eee_PC_1002HA HTTP/1.1" 200 308 "-" "Mozilla/5.0 (compatible; Googlebot/2.1; +http://www.google.com/bot.html)"
66.249.72.54 - - [27/Dec/2010:13:19:36 +0000] "GET /shortlist/add/100 HTTP/1.1" 200 308 "-" "Mozilla/5.0 (compatible; Googlebot/2.1; +http://www.google.com/bot.html)"
66.249.72.54 - - [27/Dec/2010:17:27:06 +0000] "GET /products/view/slug:Asus_Eee_PC_900 HTTP/1.1" 200 308 "-" "Mozilla/5.0 (compatible; Googlebot/2.1; +http://www.google.com/bot.html)"
66.249.72.54 - - [27/Dec/2010:20:09:33 +0000] "GET /robots.txt HTTP/1.1" 200 308 "-" "Mozilla/5.0 (compatible; Googlebot/2.1; +http://www.google.com/bot.html)"
66.249.72.54 - - [27/Dec/2010:20:09:33 +0000] "GET /products/view/slug:Asus_Eee_PC_1201T HTTP/1.1" 200 307 "-" "Mozilla/5.0 (compatible; Googlebot/2.1; +http://www.google.com/bot.html)"
216.34.207.6 - - [27/Dec/2010:20:32:49 +0000] "GET /robots.txt HTTP/1.1" 301 618 "-" "CJNetworkQuality; http://www.cj.com/networkquality"
216.34.207.6 - - [27/Dec/2010:20:32:49 +0000] "GET / HTTP/1.1" 301 597 "-" "CJNetworkQuality; http://www.cj.com/networkquality"
66.249.72.54 - - [27/Dec/2010:21:30:46 +0000] "GET /products/view/slug:Asus_Eee_PC_2G_Surf HTTP/1.1" 200 308 "-" "Mozilla/5.0 (compatible; Googlebot/2.1; +http://www.google.com/bot.html)"
66.249.72.54 - - [27/Dec/2010:22:51:46 +0000] "GET /products/view/slug:Asus_Eee_PC_900A HTTP/1.1" 200 308 "-" "Mozilla/5.0 (compatible; Googlebot/2.1; +http://www.google.com/bot.html)"
66.249.72.54 - - [28/Dec/2010:00:12:58 +0000] "GET /products/view/slug:Asus_Eee_PC_701SD HTTP/1.1" 200 308 "-" "Mozilla/5.0 (compatible; Googlebot/2.1; +http://www.google.com/bot.html)"
66.249.72.54 - - [28/Dec/2010:01:34:12 +0000] "GET /products/view/slug:Asus_Eee_PC_1201N HTTP/1.1" 200 308 "-" "Mozilla/5.0 (compatible; Googlebot/2.1; +http://www.google.com/bot.html)"
66.249.72.54 - - [28/Dec/2010:02:50:42 +0000] "GET /products/view/slug:Asus_Eee_PC_701SDX HTTP/1.1" 200 308 "-" "Mozilla/5.0 (compatible; Googlebot/2.1; +http://www.google.com/bot.html)"
66.249.72.54 - - [28/Dec/2010:04:09:09 +0000] "GET /products/view/slug:Asus_Eee_PC_1008HA HTTP/1.1" 200 308 "-" "Mozilla/5.0 (compatible; Googlebot/2.1; +http://www.google.com/bot.html)"
66.249.72.54 - - [28/Dec/2010:05:31:49 +0000] "GET /products/view/slug:Asus_Eee_PC_1101HA HTTP/1.1" 200 308 "-" "Mozilla/5.0 (compatible; Googlebot/2.1; +http://www.google.com/bot.html)"
67.210.218.117 - - [28/Dec/2010:10:23:15 +0000] "GET /blog/feed HTTP/1.1" 200 308 "-" "Rome Client (http://tinyurl.com/64t5n) Ver: 0.9"
66.249.72.54 - - [28/Dec/2010:11:00:02 +0000] "GET /products/view/slug:Asus_Eee_PC_8G HTTP/1.1" 200 308 "-" "Mozilla/5.0 (compatible; Googlebot/2.1; +http://www.google.com/bot.html)"
66.249.72.54 - - [28/Dec/2010:12:24:25 +0000] "GET /regions/change/gb HTTP/1.1" 200 308 "-" "Mozilla/5.0 (compatible; Googlebot/2.1; +http://www.google.com/bot.html)"
184.72.14.252 - - [28/Dec/2010:19:59:33 +0000] "GET / HTTP/1.0" 200 266 "-" "Mozilla/5.0 (Macintosh; U; Intel Mac OS X 10.7; en-US; rv:13.37) Gecko/20121221 Firefox/4.7"
66.249.72.54 - - [29/Dec/2010:05:38:01 +0000] "GET /robots.txt HTTP/1.1" 200 308 "-" "Mozilla/5.0 (compatible; Googlebot/2.1; +http://www.google.com/bot.html)"
66.249.72.54 - - [29/Dec/2010:05:38:01 +0000] "GET / HTTP/1.1" 200 307 "-" "Mozilla/5.0 (compatible; Googlebot/2.1; +http://www.google.com/bot.html)"
66.249.72.54 - - [29/Dec/2010:08:11:39 +0000] "GET /products/view/slug:Asus_Eee_PC_900HA HTTP/1.1" 200 308 "-" "Mozilla/5.0 (compatible; Googlebot/2.1; +http://www.google.com/bot.html)"
66.249.72.54 - - [29/Dec/2010:09:29:49 +0000] "GET /shortlist/add/100 HTTP/1.1" 200 308 "-" "Mozilla/5.0 (compatible; Googlebot/2.1; +http://www.google.com/bot.html)"
150.70.64.196 - - [29/Dec/2010:14:54:57 +0000] "GET /tablets HTTP/1.0" 200 228 "-" "Mozilla/4.0 (compatible; MSIE 6.0; Windows NT 5.1)"
216.34.207.6 - - [29/Dec/2010:16:41:33 +0000] "GET /robots.txt HTTP/1.1" 301 618 "-" "CJNetworkQuality; http://www.cj.com/networkquality"
216.34.207.6 - - [29/Dec/2010:16:41:34 +0000] "GET / HTTP/1.1" 301 597 "-" "CJNetworkQuality; http://www.cj.com/networkquality"
66.249.72.54 - - [29/Dec/2010:19:21:46 +0000] "GET /netbooks/ HTTP/1.1" 200 308 "-" "Mozilla/5.0 (compatible; Googlebot/2.1; +http://www.google.com/bot.html)"
66.249.72.54 - - [29/Dec/2010:19:34:13 +0000] "GET /products/view/slug:Asus_Eee_PC_904HA HTTP/1.1" 200 308 "-" "Mozilla/5.0 (compatible; Googlebot/2.1; +http://www.google.com/bot.html)"
184.72.214.92 - - [29/Dec/2010:20:12:27 +0000] "GET / HTTP/1.0" 200 228 "-" "Mozilla/5.0 (compatible; NetcraftSurveyAgent/1.0; +info@netcraft.com)"
66.249.72.54 - - [29/Dec/2010:21:51:51 +0000] "GET /links/add/130 HTTP/1.1" 200 308 "-" "Mozilla/5.0 (compatible; Googlebot/2.1; +http://www.google.com/bot.html)"
66.249.72.54 - - [30/Dec/2010:00:22:25 +0000] "GET /forum/sendmessage.php HTTP/1.1" 200 308 "-" "Mozilla/5.0 (compatible; Googlebot/2.1; +http://www.google.com/bot.html)"
67.210.218.117 - - [30/Dec/2010:01:18:59 +0000] "GET /blog/feed HTTP/1.1" 200 308 "-" "Rome Client (http://tinyurl.com/64t5n) Ver: 0.9"
157.55.116.82 - - [30/Dec/2010:02:45:18 +0000] "GET /robots.txt HTTP/1.1" 200 270 "-" "msnbot/2.0b (+http://search.msn.com/msnbot.htm)._"
157.55.116.82 - - [30/Dec/2010:02:45:18 +0000] "GET / HTTP/1.1" 200 270 "-" "msnbot/2.0b (+http://search.msn.com/msnbot.htm)._"
66.249.72.54 - - [30/Dec/2010:05:23:53 +0000] "GET /index.php HTTP/1.1" 200 308 "-" "Mozilla/5.0 (compatible; Googlebot/2.1; +http://www.google.com/bot.html)"
66.249.72.54 - - [30/Dec/2010:15:46:09 +0000] "GET /robots.txt HTTP/1.1" 200 308 "-" "Mozilla/5.0 (compatible; Googlebot/2.1; +http://www.google.com/bot.html)"
66.249.72.54 - - [30/Dec/2010:15:46:10 +0000] "GET /products/view/slug:Asus_Eee_PC_900 HTTP/1.1" 200 307 "-" "Mozilla/5.0 (compatible; Googlebot/2.1; +http://www.google.com/bot.html)"
66.249.67.112 - - [30/Dec/2010:16:59:00 +0000] "GET /robots.txt HTTP/1.1" 200 308 "-" "Mozilla/5.0 (compatible; Googlebot/2.1; +http://www.google.com/bot.html)"
66.249.67.112 - - [30/Dec/2010:16:59:00 +0000] "GET /products/view/slug:Asus_Eee_PC_1201T HTTP/1.1" 200 307 "-" "Mozilla/5.0 (compatible; Googlebot/2.1; +http://www.google.com/bot.html)"
66.249.67.112 - - [30/Dec/2010:20:37:48 +0000] "GET /regions/change/gb HTTP/1.1" 200 308 "-" "Mozilla/5.0 (compatible; Googlebot/2.1; +http://www.google.com/bot.html)"
66.249.67.112 - - [30/Dec/2010:21:50:36 +0000] "GET /products/view/slug:Asus_Eee_PC_8G HTTP/1.1" 200 308 "-" "Mozilla/5.0 (compatible; Googlebot/2.1; +http://www.google.com/bot.html)"
66.249.67.112 - - [30/Dec/2010:23:03:25 +0000] "GET /products/view/slug:Asus_Eee_PC_900A HTTP/1.1" 200 308 "-" "Mozilla/5.0 (compatible; Googlebot/2.1; +http://www.google.com/bot.html)"
66.249.67.112 - - [31/Dec/2010:01:29:23 +0000] "GET /products/view/slug:Asus_Eee_PC_1201N HTTP/1.1" 200 308 "-" "Mozilla/5.0 (compatible; Googlebot/2.1; +http://www.google.com/bot.html)"
66.249.67.112 - - [31/Dec/2010:02:42:05 +0000] "GET /products/view/slug:Asus_Eee_PC_701SD HTTP/1.1" 200 308 "-" "Mozilla/5.0 (compatible; Googlebot/2.1; +http://www.google.com/bot.html)"
66.249.67.112 - - [31/Dec/2010:03:54:56 +0000] "GET /products/view/slug:Asus_Eee_PC_701SDX HTTP/1.1" 200 308 "-" "Mozilla/5.0 (compatible; Googlebot/2.1; +http://www.google.com/bot.html)"
66.249.67.112 - - [31/Dec/2010:05:08:12 +0000] "GET /products/view/slug:Asus_Eee_PC_1008HA HTTP/1.1" 200 308 "-" "Mozilla/5.0 (compatible; Googlebot/2.1; +http://www.google.com/bot.html)"
66.249.67.112 - - [31/Dec/2010:06:21:14 +0000] "GET /products/view/slug:Asus_Eee_PC_1101HA HTTP/1.1" 200 308 "-" "Mozilla/5.0 (compatible; Googlebot/2.1; +http://www.google.com/bot.html)"
66.249.67.112 - - [31/Dec/2010:07:33:57 +0000] "GET /forum/search.php HTTP/1.1" 200 308 "-" "Mozilla/5.0 (compatible; Googlebot/2.1; +http://www.google.com/bot.html)"
66.249.67.112 - - [31/Dec/2010:08:46:34 +0000] "GET /shortlist/add/100 HTTP/1.1" 200 308 "-" "Mozilla/5.0 (compatible; Googlebot/2.1; +http://www.google.com/bot.html)"
66.249.67.112 - - [31/Dec/2010:10:00:29 +0000] "GET /forum/ HTTP/1.1" 200 308 "-" "Mozilla/5.0 (compatible; Googlebot/2.1; +http://www.google.com/bot.html)"
66.249.67.112 - - [31/Dec/2010:11:14:13 +0000] "GET /products/view/slug:Asus_Eee_PC_2G_Surf HTTP/1.1" 200 308 "-" "Mozilla/5.0 (compatible; Googlebot/2.1; +http://www.google.com/bot.html)"
216.34.207.6 - - [31/Dec/2010:13:52:27 +0000] "GET /robots.txt HTTP/1.1" 301 618 "-" "CJNetworkQuality; http://www.cj.com/networkquality"
216.34.207.6 - - [31/Dec/2010:13:52:27 +0000] "GET / HTTP/1.1" 301 597 "-" "CJNetworkQuality; http://www.cj.com/networkquality"
67.210.218.117 - - [31/Dec/2010:15:33:22 +0000] "GET /blog/feed HTTP/1.1" 200 308 "-" "Rome Client (http://tinyurl.com/64t5n) Ver: 0.9"
66.249.72.54 - - [31/Dec/2010:15:56:03 +0000] "GET /robots.txt HTTP/1.1" 200 308 "-" "Mozilla/5.0 (compatible; Googlebot/2.1; +http://www.google.com/bot.html)"
66.249.72.54 - - [31/Dec/2010:15:56:03 +0000] "GET /netbooks/ HTTP/1.1" 200 307 "-" "Mozilla/5.0 (compatible; Googlebot/2.1; +http://www.google.com/bot.html)"
195.234.5.168 - - [31/Dec/2010:16:47:01 +0000] "GET /fckeditor/editor/images/anchor.gif HTTP/1.1" 301 554 "" "Mozilla/5.0 (Windows; U; Windows NT 6.0; en; rv:1.9.0.8) Gecko/2009032609 Firefox/3.0.8 (.NET CLR 3.5.30729)"
195.234.5.168 - - [31/Dec/2010:16:47:01 +0000] "GET /fckeditor/editor/images/anchor.gif HTTP/1.1" 200 251 "" "Mozilla/5.0 (Windows; U; Windows NT 6.0; en; rv:1.9.0.8) Gecko/2009032609 Firefox/3.0.8 (.NET CLR 3.5.30729)"
66.249.72.54 - - [31/Dec/2010:18:48:35 +0000] "GET /products/view/slug:Asus_Eee_PC_900HA HTTP/1.1" 200 308 "-" "Mozilla/5.0 (compatible; Googlebot/2.1; +http://www.google.com/bot.html)"
66.249.72.54 - - [01/Jan/2011:00:33:01 +0000] "GET /links/add/130 HTTP/1.1" 200 308 "-" "Mozilla/5.0 (compatible; Googlebot/2.1; +http://www.google.com/bot.html)"
66.249.72.54 - - [01/Jan/2011:03:26:03 +0000] "GET /products/view/slug:Asus_Eee_PC_904HA HTTP/1.1" 200 308 "-" "Mozilla/5.0 (compatible; Googlebot/2.1; +http://www.google.com/bot.html)"
67.210.218.117 - - [01/Jan/2011:21:06:56 +0000] "GET /blog/feed HTTP/1.1" 200 308 "-" "Rome Client (http://tinyurl.com/64t5n) Ver: 0.9"
66.249.72.54 - - [01/Jan/2011:22:03:37 +0000] "GET /robots.txt HTTP/1.1" 200 308 "-" "Mozilla/5.0 (compatible; Googlebot/2.1; +http://www.google.com/bot.html)"
66.249.72.54 - - [01/Jan/2011:22:03:37 +0000] "GET /products/view/slug:Asus_Eee_PC_1201N HTTP/1.1" 200 307 "-" "Mozilla/5.0 (compatible; Googlebot/2.1; +http://www.google.com/bot.html)"
