90.155.41.219 - - [30/Nov/2010:11:24:00 +0000] "GET /img/icons/green-corner.png HTTP/1.1" 200 829 "http://www.storbital.com/" "Mozilla/4.0 (compatible; MSIE 8.0; Windows NT 5.1; Trident/4.0; .NET CLR 1.1.4322)"
90.155.41.219 - - [30/Nov/2010:11:24:00 +0000] "GET /img/lib/product/image/Apple_iPad.jpg HTTP/1.1" 200 20741 "http://www.storbital.com/" "Mozilla/4.0 (compatible; MSIE 8.0; Windows NT 5.1; Trident/4.0; .NET CLR 1.1.4322)"
90.155.41.219 - - [30/Nov/2010:11:24:00 +0000] "GET /img/icons/red-corner.png HTTP/1.1" 200 826 "http://www.storbital.com/" "Mozilla/4.0 (compatible; MSIE 8.0; Windows NT 5.1; Trident/4.0; .NET CLR 1.1.4322)"
90.155.41.219 - - [30/Nov/2010:11:24:00 +0000] "GET /img/lib/product/image/Dell_Inspiron_M101z.jpg HTTP/1.1" 200 15253 "http://www.storbital.com/" "Mozilla/4.0 (compatible; MSIE 8.0; Windows NT 5.1; Trident/4.0; .NET CLR 1.1.4322)"
90.155.41.219 - - [30/Nov/2010:11:24:00 +0000] "GET /img/lib/product/image/Acer_Aspire_One_531.jpg HTTP/1.1" 200 15621 "http://www.storbital.com/" "Mozilla/4.0 (compatible; MSIE 8.0; Windows NT 5.1; Trident/4.0; .NET CLR 1.1.4322)"
90.155.41.219 - - [30/Nov/2010:11:24:00 +0000] "GET /img/lib/product/image/Acer_Aspire_Revo_R3600.jpg HTTP/1.1" 200 4049 "http://www.storbital.com/" "Mozilla/4.0 (compatible; MSIE 8.0; Windows NT 5.1; Trident/4.0; .NET CLR 1.1.4322)"
90.155.41.219 - - [30/Nov/2010:11:24:00 +0000] "GET /img/lib/product/image/Acer_Aspire_Timeline_1810TZ.jpg HTTP/1.1" 200 10114 "http://www.storbital.com/" "Mozilla/4.0 (compatible; MSIE 8.0; Windows NT 5.1; Trident/4.0; .NET CLR 1.1.4322)"
90.155.41.219 - - [30/Nov/2010:11:24:01 +0000] "GET /favicon.ico HTTP/1.1" 200 1996 "-" "Mozilla/4.0 (compatible; MSIE 8.0; Windows NT 5.1; Trident/4.0; .NET CLR 1.1.4322)"
90.155.41.226 - - [30/Nov/2010:11:26:07 +0000] "GET / HTTP/1.1" 301 555 "-" "Mozilla/4.0 (compatible; MSIE 6.0; Windows NT 5.1; SV1; .NET CLR 1.1.4322)"
90.155.41.226 - - [30/Nov/2010:11:26:07 +0000] "GET / HTTP/1.1" 200 3753 "-" "Mozilla/4.0 (compatible; MSIE 6.0; Windows NT 5.1; SV1; .NET CLR 1.1.4322)"
90.155.41.226 - - [30/Nov/2010:11:26:08 +0000] "GET /css/storbital.css HTTP/1.1" 200 3760 "http://www.storbital.com/" "Mozilla/4.0 (compatible; MSIE 6.0; Windows NT 5.1; SV1; .NET CLR 1.1.4322)"
90.155.41.226 - - [30/Nov/2010:11:26:08 +0000] "GET /js/jquery/jquery-ui-1.8.min.js HTTP/1.1" 200 52355 "http://www.storbital.com/" "Mozilla/4.0 (compatible; MSIE 6.0; Windows NT 5.1; SV1; .NET CLR 1.1.4322)"
90.155.41.226 - - [30/Nov/2010:11:26:08 +0000] "GET /js/global.js HTTP/1.1" 200 1112 "http://www.storbital.com/" "Mozilla/4.0 (compatible; MSIE 6.0; Windows NT 5.1; SV1; .NET CLR 1.1.4322)"
90.155.41.226 - - [30/Nov/2010:11:26:08 +0000] "GET /js/jquery/jquery.loopSlider.min.js HTTP/1.1" 200 1860 "http://www.storbital.com/" "Mozilla/4.0 (compatible; MSIE 6.0; Windows NT 5.1; SV1; .NET CLR 1.1.4322)"
90.155.41.226 - - [30/Nov/2010:11:26:08 +0000] "GET /img/icons/gb.png HTTP/1.1" 200 890 "http://www.storbital.com/" "Mozilla/4.0 (compatible; MSIE 6.0; Windows NT 5.1; SV1; .NET CLR 1.1.4322)"
90.155.41.226 - - [30/Nov/2010:11:26:08 +0000] "GET /img/icons/eu.png HTTP/1.1" 200 770 "http://www.storbital.com/" "Mozilla/4.0 (compatible; MSIE 6.0; Windows NT 5.1; SV1; .NET CLR 1.1.4322)"
90.155.41.226 - - [30/Nov/2010:11:26:08 +0000] "GET /img/layout/storbital-162x40.jpg HTTP/1.1" 200 7132 "http://www.storbital.com/" "Mozilla/4.0 (compatible; MSIE 6.0; Windows NT 5.1; SV1; .NET CLR 1.1.4322)"
90.155.41.226 - - [30/Nov/2010:11:26:08 +0000] "GET /img/icons/us.png HTTP/1.1" 200 900 "http://www.storbital.com/" "Mozilla/4.0 (compatible; MSIE 6.0; Windows NT 5.1; SV1; .NET CLR 1.1.4322)"
90.155.41.226 - - [30/Nov/2010:11:26:08 +0000] "GET /img/lib/product/image/Dell_Mini_12.jpg HTTP/1.1" 200 13889 "http://www.storbital.com/" "Mozilla/4.0 (compatible; MSIE 6.0; Windows NT 5.1; SV1; .NET CLR 1.1.4322)"
90.155.41.226 - - [30/Nov/2010:11:26:08 +0000] "GET /img/lib/product/image/Dell_Streak.jpg HTTP/1.1" 200 4278 "http://www.storbital.com/" "Mozilla/4.0 (compatible; MSIE 6.0; Windows NT 5.1; SV1; .NET CLR 1.1.4322)"
90.155.41.226 - - [30/Nov/2010:11:26:08 +0000] "GET /img/lib/product/image/Dell_Mini_910.jpg HTTP/1.1" 200 5316 "http://www.storbital.com/" "Mozilla/4.0 (compatible; MSIE 6.0; Windows NT 5.1; SV1; .NET CLR 1.1.4322)"
90.155.41.226 - - [30/Nov/2010:11:26:08 +0000] "GET /img/icons/green-corner.png HTTP/1.1" 200 829 "http://www.storbital.com/" "Mozilla/4.0 (compatible; MSIE 6.0; Windows NT 5.1; SV1; .NET CLR 1.1.4322)"
90.155.41.226 - - [30/Nov/2010:11:26:08 +0000] "GET /img/icons/red-corner.png HTTP/1.1" 200 826 "http://www.storbital.com/" "Mozilla/4.0 (compatible; MSIE 6.0; Windows NT 5.1; SV1; .NET CLR 1.1.4322)"
90.155.41.226 - - [30/Nov/2010:11:26:08 +0000] "GET /img/icons/home.png HTTP/1.1" 200 3208 "http://www.storbital.com/" "Mozilla/4.0 (compatible; MSIE 6.0; Windows NT 5.1; SV1; .NET CLR 1.1.4322)"
90.155.41.226 - - [30/Nov/2010:11:26:09 +0000] "GET /img/icons/chevron_white.png HTTP/1.1" 200 501 "http://www.storbital.com/" "Mozilla/4.0 (compatible; MSIE 6.0; Windows NT 5.1; SV1; .NET CLR 1.1.4322)"
90.155.41.226 - - [30/Nov/2010:11:26:09 +0000] "GET /img/icons/chevron_white_left.png HTTP/1.1" 200 556 "http://www.storbital.com/" "Mozilla/4.0 (compatible; MSIE 6.0; Windows NT 5.1; SV1; .NET CLR 1.1.4322)"
90.155.41.226 - - [30/Nov/2010:11:26:09 +0000] "GET /img/lib/product/image/Dell_Inspiron_M101z.jpg HTTP/1.1" 200 15253 "http://www.storbital.com/" "Mozilla/4.0 (compatible; MSIE 6.0; Windows NT 5.1; SV1; .NET CLR 1.1.4322)"
90.155.41.226 - - [30/Nov/2010:11:26:09 +0000] "GET /img/lib/product/image/Acer_Aspire_One_531.jpg HTTP/1.1" 200 15621 "http://www.storbital.com/" "Mozilla/4.0 (compatible; MSIE 6.0; Windows NT 5.1; SV1; .NET CLR 1.1.4322)"
90.155.41.226 - - [30/Nov/2010:11:26:09 +0000] "GET /img/lib/product/image/Acer_Aspire_Timeline_1810TZ.jpg HTTP/1.1" 200 10114 "http://www.storbital.com/" "Mozilla/4.0 (compatible; MSIE 6.0; Windows NT 5.1; SV1; .NET CLR 1.1.4322)"
90.155.41.226 - - [30/Nov/2010:11:26:09 +0000] "GET /img/lib/product/image/Apple_iPad.jpg HTTP/1.1" 200 20741 "http://www.storbital.com/" "Mozilla/4.0 (compatible; MSIE 6.0; Windows NT 5.1; SV1; .NET CLR 1.1.4322)"
90.155.41.226 - - [30/Nov/2010:11:26:09 +0000] "GET /img/lib/product/image/Acer_Aspire_Revo_R3600.jpg HTTP/1.1" 200 4049 "http://www.storbital.com/" "Mozilla/4.0 (compatible; MSIE 6.0; Windows NT 5.1; SV1; .NET CLR 1.1.4322)"
205.209.170.2 - - [30/Nov/2010:12:58:21 +0000] "GET /robots.txt HTTP/1.0" 200 7329 "-" "Mozilla/5.0 (compatible; MJ12bot/v1.3.3; http://www.majestic12.co.uk/bot.php?+)"
205.209.170.2 - - [30/Nov/2010:12:58:26 +0000] "GET /blog HTTP/1.1" 200 2821 "-" "Mozilla/5.0 (compatible; MJ12bot/v1.3.3; http://www.majestic12.co.uk/bot.php?+)"
205.209.170.2 - - [30/Nov/2010:12:58:52 +0000] "GET / HTTP/1.1" 200 12159 "-" "Mozilla/5.0 (compatible; MJ12bot/v1.3.3; http://www.majestic12.co.uk/bot.php?+)"
66.249.65.201 - - [30/Nov/2010:14:59:46 +0000] "GET /img/icons/us.png HTTP/1.1" 200 901 "-" "Googlebot-Image/1.0"
66.249.71.77 - - [30/Nov/2010:19:12:20 +0000] "GET /robots.txt HTTP/1.1" 200 2885 "-" "Googlebot-Image/1.0"
66.249.71.77 - - [30/Nov/2010:19:12:21 +0000] "GET /img/lib/product/image/Dell_Mini_910.jpg HTTP/1.1" 200 5316 "-" "Googlebot-Image/1.0"
66.249.71.77 - - [30/Nov/2010:21:34:33 +0000] "GET /img/layout/storbital-162x40.jpg HTTP/1.1" 200 7132 "-" "Googlebot-Image/1.0"
66.249.71.77 - - [30/Nov/2010:22:28:29 +0000] "GET /img/lib/product/image/Dell_Streak.jpg HTTP/1.1" 200 4279 "-" "Googlebot-Image/1.0"
66.249.71.77 - - [30/Nov/2010:23:03:13 +0000] "GET /img/lib/manufacturer/logo/Acer.jpg HTTP/1.1" 200 17633 "-" "Googlebot-Image/1.0"
66.249.71.77 - - [01/Dec/2010:00:13:33 +0000] "GET /img/lib/manufacturer/logo/Apple.jpg HTTP/1.1" 200 4060 "-" "Googlebot-Image/1.0"
66.249.71.77 - - [01/Dec/2010:01:24:08 +0000] "GET /img/lib/product/image/thumb/large/Acer_Aspire_Timeline_1810TZ.jpg HTTP/1.1" 200 20850 "-" "Googlebot-Image/1.0"
66.249.71.77 - - [01/Dec/2010:02:34:44 +0000] "GET /img/lib/product/image/thumb/large/Dell_Mini_910.jpg HTTP/1.1" 200 9875 "-" "Googlebot-Image/1.0"
66.249.71.77 - - [01/Dec/2010:03:39:47 +0000] "GET /?project=2&project=2&do=index&order=severity&sort=desc&order2=id&sort2=desc&toggleadvanced=1 HTTP/1.1" 200 308 "-" "Mozilla/5.0 (compatible; Googlebot/2.1; +http://www.google.com/bot.html)"
66.249.71.77 - - [01/Dec/2010:03:45:19 +0000] "GET /img/lib/retailer/logo/apple.jpg HTTP/1.1" 200 22151 "-" "Googlebot-Image/1.0"
67.210.218.117 - - [01/Dec/2010:04:19:17 +0000] "GET /blog/feed HTTP/1.1" 200 308 "-" "Rome Client (http://tinyurl.com/64t5n) Ver: 0.9"
66.249.71.77 - - [01/Dec/2010:04:55:54 +0000] "GET /img/lib/retailer/logo/Dell.jpg HTTP/1.1" 200 5481 "-" "Googlebot-Image/1.0"
66.249.71.77 - - [01/Dec/2010:06:06:29 +0000] "GET /img/lib/manufacturer/logo/Dell.jpg HTTP/1.1" 200 8474 "-" "Googlebot-Image/1.0"
66.249.71.77 - - [01/Dec/2010:07:17:05 +0000] "GET /img/lib/product/image/thumb/large/Acer_Aspire_One_531.jpg HTTP/1.1" 200 23239 "-" "Googlebot-Image/1.0"
66.249.71.77 - - [01/Dec/2010:08:27:40 +0000] "GET /img/lib/product/image/thumb/large/Apple_iPad.jpg HTTP/1.1" 200 38071 "-" "Googlebot-Image/1.0"
66.249.71.77 - - [01/Dec/2010:09:38:15 +0000] "GET /img/lib/product/image/thumb/large/Dell_Inspiron_M101z.jpg HTTP/1.1" 200 30772 "-" "Googlebot-Image/1.0"
66.249.71.77 - - [01/Dec/2010:10:48:50 +0000] "GET /img/lib/retailer/logo/PC_World.jpg HTTP/1.1" 200 2138 "-" "Googlebot-Image/1.0"
66.249.71.77 - - [01/Dec/2010:11:59:26 +0000] "GET /img/lib/product/image/Dell_Mini_12.jpg HTTP/1.1" 200 13890 "-" "Googlebot-Image/1.0"
66.249.71.77 - - [01/Dec/2010:13:10:01 +0000] "GET /img/icons/gb.png HTTP/1.1" 200 891 "-" "Googlebot-Image/1.0"
216.34.207.6 - - [01/Dec/2010:13:49:10 +0000] "GET /robots.txt HTTP/1.1" 301 618 "-" "CJNetworkQuality; http://www.cj.com/networkquality"
216.34.207.6 - - [01/Dec/2010:13:49:10 +0000] "GET / HTTP/1.1" 301 597 "-" "CJNetworkQuality; http://www.cj.com/networkquality"
66.249.71.77 - - [01/Dec/2010:14:20:36 +0000] "GET /img/icons/eu.png HTTP/1.1" 200 771 "-" "Googlebot-Image/1.0"
207.46.13.146 - - [02/Dec/2010:05:28:23 +0000] "GET /robots.txt HTTP/1.1" 200 266 "-" "Mozilla/5.0 (compatible; bingbot/2.0; +http://www.bing.com/bingbot.htm)"
207.46.13.146 - - [02/Dec/2010:05:49:30 +0000] "GET / HTTP/1.1" 200 308 "-" "Mozilla/5.0 (compatible; bingbot/2.0; +http://www.bing.com/bingbot.htm)"
66.249.68.118 - - [02/Dec/2010:07:04:24 +0000] "GET /robots.txt HTTP/1.1" 200 308 "-" "Mozilla/5.0 (compatible; Googlebot/2.1; +http://www.google.com/bot.html)"
66.249.68.118 - - [02/Dec/2010:07:04:25 +0000] "GET /forum/search.php HTTP/1.1" 200 307 "-" "Mozilla/5.0 (compatible; Googlebot/2.1; +http://www.google.com/bot.html)"
67.210.218.117 - - [02/Dec/2010:11:05:34 +0000] "GET /blog/feed HTTP/1.1" 200 308 "-" "Rome Client (http://tinyurl.com/64t5n) Ver: 0.9"
184.73.134.151 - - [02/Dec/2010:12:29:36 +0000] "GET / HTTP/1.1" 301 541 "-" "Mozilla/5.0 (Windows; U; Windows NT 6.1; en-US; rv:1.9.2.12) Gecko/20101026 Firefox/3.6.12"
66.249.68.118 - - [02/Dec/2010:13:47:02 +0000] "GET /?do=index&project=2&project=2&do=index&order=severity&sort=desc&toggleadvanced=1&order2=id&sort2=asc HTTP/1.1" 200 308 "-" "Mozilla/5.0 (compatible; Googlebot/2.1; +http://www.google.com/bot.html)"
207.46.13.94 - - [02/Dec/2010:16:09:39 +0000] "GET /robots.txt HTTP/1.1" 301 618 "-" "Mozilla/5.0 (compatible; bingbot/2.0; +http://www.bing.com/bingbot.htm)"
207.46.13.94 - - [02/Dec/2010:16:09:40 +0000] "GET /robots.txt HTTP/1.1" 200 265 "-" "Mozilla/5.0 (compatible; bingbot/2.0; +http://www.bing.com/bingbot.htm)"
207.46.13.94 - - [02/Dec/2010:16:17:01 +0000] "GET /manufacturers/ HTTP/1.1" 301 579 "-" "Mozilla/5.0 (compatible; bingbot/2.0; +http://www.bing.com/bingbot.htm)"
66.249.68.118 - - [02/Dec/2010:23:32:49 +0000] "GET /products/view/slug:Dell_Mini_1010 HTTP/1.1" 200 308 "-" "Mozilla/5.0 (compatible; Googlebot/2.1; +http://www.google.com/bot.html)"
66.249.68.118 - - [03/Dec/2010:01:51:40 +0000] "GET /products/view/slug:HP_Mini_2140 HTTP/1.1" 200 308 "-" "Mozilla/5.0 (compatible; Googlebot/2.1; +http://www.google.com/bot.html)"
66.249.68.118 - - [03/Dec/2010:03:03:56 +0000] "GET /netbooks/Acer_Aspire_Timeline_1810TZ HTTP/1.1" 200 308 "-" "Mozilla/5.0 (compatible; Googlebot/2.1; +http://www.google.com/bot.html)"
66.249.71.77 - - [03/Dec/2010:04:16:06 +0000] "GET /robots.txt HTTP/1.1" 200 308 "-" "Mozilla/5.0 (compatible; Googlebot/2.1; +http://www.google.com/bot.html)"
66.249.71.77 - - [03/Dec/2010:04:16:06 +0000] "GET /links/add/13 HTTP/1.1" 200 307 "-" "Mozilla/5.0 (compatible; Googlebot/2.1; +http://www.google.com/bot.html)"
66.249.71.77 - - [03/Dec/2010:05:28:25 +0000] "GET /tablets/Apple_iPad HTTP/1.1" 200 308 "-" "Mozilla/5.0 (compatible; Googlebot/2.1; +http://www.google.com/bot.html)"
66.249.71.77 - - [03/Dec/2010:06:40:32 +0000] "GET /netbooks/Dell_Mini_910 HTTP/1.1" 200 308 "-" "Mozilla/5.0 (compatible; Googlebot/2.1; +http://www.google.com/bot.html)"
66.249.71.77 - - [03/Dec/2010:07:53:09 +0000] "GET /products/view/slug:Asus_Eee_PC_1000HA HTTP/1.1" 200 308 "-" "Mozilla/5.0 (compatible; Googlebot/2.1; +http://www.google.com/bot.html)"
174.129.117.237 - - [03/Dec/2010:08:35:01 +0000] "HEAD / HTTP/1.1" 301 208 "-" "Mozilla/5.0 (compatible; AboutUsBot Johnny5/2.0; +http://www.AboutUs.org/)"
66.249.71.77 - - [03/Dec/2010:09:05:20 +0000] "GET /netbooks/Acer_Aspire_One_531 HTTP/1.1" 200 308 "-" "Mozilla/5.0 (compatible; Googlebot/2.1; +http://www.google.com/bot.html)"
66.249.71.77 - - [03/Dec/2010:10:17:24 +0000] "GET /compare HTTP/1.1" 200 308 "-" "Mozilla/5.0 (compatible; Googlebot/2.1; +http://www.google.com/bot.html)"
66.249.71.77 - - [03/Dec/2010:11:29:44 +0000] "GET /products/view/slug:Asus_Eee_PC_4G_Surf HTTP/1.1" 200 308 "-" "Mozilla/5.0 (compatible; Googlebot/2.1; +http://www.google.com/bot.html)"
66.249.71.77 - - [03/Dec/2010:15:06:44 +0000] "GET /netbooks/Dell_Inspiron_M101z HTTP/1.1" 200 308 "-" "Mozilla/5.0 (compatible; Googlebot/2.1; +http://www.google.com/bot.html)"
66.249.71.77 - - [03/Dec/2010:16:19:00 +0000] "GET /forum/sendmessage.php HTTP/1.1" 200 308 "-" "Mozilla/5.0 (compatible; Googlebot/2.1; +http://www.google.com/bot.html)"
95.211.0.70 - - [03/Dec/2010:17:06:36 +0000] "GET /forum/sendmessage.php HTTP/1.0" 200 228 "http://www.storbital.com/forum/sendmessage.php" "Mozilla/4.76 [en] (Windows NT 5.0; U)"
95.211.0.70 - - [03/Dec/2010:17:06:36 +0000] "GET / HTTP/1.0" 200 228 "http://www.storbital.com/" "Mozilla/4.76 [en] (Windows NT 5.0; U)"
66.249.71.77 - - [03/Dec/2010:17:30:53 +0000] "GET /?project=2&do=index&project=2&order=category&sort=asc&order2=project&sort2=asc&toggleadvanced=1 HTTP/1.1" 200 308 "-" "Mozilla/5.0 (compatible; Googlebot/2.1; +http://www.google.com/bot.html)"
216.34.207.6 - - [03/Dec/2010:17:37:12 +0000] "GET /robots.txt HTTP/1.1" 301 618 "-" "CJNetworkQuality; http://www.cj.com/networkquality"
216.34.207.6 - - [03/Dec/2010:17:37:12 +0000] "GET / HTTP/1.1" 301 597 "-" "CJNetworkQuality; http://www.cj.com/networkquality"
66.249.71.77 - - [03/Dec/2010:18:44:23 +0000] "GET /links/add/84 HTTP/1.1" 200 308 "-" "Mozilla/5.0 (compatible; Googlebot/2.1; +http://www.google.com/bot.html)"
67.210.218.117 - - [03/Dec/2010:18:55:06 +0000] "GET /blog/feed HTTP/1.1" 200 308 "-" "Rome Client (http://tinyurl.com/64t5n) Ver: 0.9"
66.249.71.77 - - [03/Dec/2010:19:56:25 +0000] "GET /links/add/134 HTTP/1.1" 200 308 "-" "Mozilla/5.0 (compatible; Googlebot/2.1; +http://www.google.com/bot.html)"
66.249.71.77 - - [03/Dec/2010:21:09:16 +0000] "GET /links/add/132 HTTP/1.1" 200 308 "-" "Mozilla/5.0 (compatible; Googlebot/2.1; +http://www.google.com/bot.html)"
207.46.13.134 - - [03/Dec/2010:22:45:43 +0000] "GET /robots.txt HTTP/1.1" 200 266 "-" "Mozilla/5.0 (compatible; bingbot/2.0; +http://www.bing.com/bingbot.htm)"
207.46.13.134 - - [03/Dec/2010:22:48:31 +0000] "GET /blog/ HTTP/1.1" 200 308 "-" "Mozilla/5.0 (compatible; bingbot/2.0; +http://www.bing.com/bingbot.htm)"
66.249.71.77 - - [04/Dec/2010:03:37:03 +0000] "GET /robots.txt HTTP/1.1" 200 308 "-" "Mozilla/5.0 (compatible; Googlebot/2.1; +http://www.google.com/bot.html)"
66.249.71.77 - - [04/Dec/2010:03:37:03 +0000] "GET /forum/search.php HTTP/1.1" 200 307 "-" "Mozilla/5.0 (compatible; Googlebot/2.1; +http://www.google.com/bot.html)"
66.249.71.77 - - [04/Dec/2010:08:12:49 +0000] "GET /links/add/133 HTTP/1.1" 200 308 "-" "Mozilla/5.0 (compatible; Googlebot/2.1; +http://www.google.com/bot.html)"
66.249.71.77 - - [04/Dec/2010:17:23:36 +0000] "GET /index.php HTTP/1.1" 200 308 "-" "Mozilla/5.0 (compatible; Googlebot/2.1; +http://www.google.com/bot.html)"
66.249.71.77 - - [04/Dec/2010:22:14:12 +0000] "GET /robots.txt HTTP/1.1" 200 308 "-" "Mozilla/5.0 (compatible; Googlebot/2.1; +http://www.google.com/bot.html)"
66.249.71.77 - - [04/Dec/2010:22:14:12 +0000] "GET /css/storbital.css HTTP/1.1" 200 3760 "-" "Mozilla/5.0 (compatible; Googlebot/2.1; +http://www.google.com/bot.html)"
66.249.71.77 - - [04/Dec/2010:22:14:15 +0000] "GET /js/global.js HTTP/1.1" 200 1112 "-" "Mozilla/5.0 (compatible; Googlebot/2.1; +http://www.google.com/bot.html)"
66.249.71.77 - - [04/Dec/2010:22:14:16 +0000] "GET /js/jquery/jquery-ui-1.8.min.js HTTP/1.1" 200 52355 "-" "Mozilla/5.0 (compatible; Googlebot/2.1; +http://www.google.com/bot.html)"
66.249.71.77 - - [04/Dec/2010:22:46:33 +0000] "GET /products/view/slug:Dell_Mini_1010 HTTP/1.1" 200 308 "-" "Mozilla/5.0 (compatible; Googlebot/2.1; +http://www.google.com/bot.html)"
66.249.71.77 - - [05/Dec/2010:00:20:29 +0000] "GET /products/view/slug:HP_Mini_2140 HTTP/1.1" 200 308 "-" "Mozilla/5.0 (compatible; Googlebot/2.1; +http://www.google.com/bot.html)"
66.249.71.77 - - [05/Dec/2010:01:58:11 +0000] "GET /netbooks/Acer_Aspire_Timeline_1810TZ HTTP/1.1" 200 308 "-" "Mozilla/5.0 (compatible; Googlebot/2.1; +http://www.google.com/bot.html)"
66.249.71.77 - - [05/Dec/2010:03:36:18 +0000] "GET /links/add/13 HTTP/1.1" 200 308 "-" "Mozilla/5.0 (compatible; Googlebot/2.1; +http://www.google.com/bot.html)"
66.249.71.77 - - [05/Dec/2010:05:14:00 +0000] "GET /tablets/Apple_iPad HTTP/1.1" 200 308 "-" "Mozilla/5.0 (compatible; Googlebot/2.1; +http://www.google.com/bot.html)"
66.249.71.77 - - [05/Dec/2010:06:51:53 +0000] "GET /netbooks/Dell_Mini_910 HTTP/1.1" 200 308 "-" "Mozilla/5.0 (compatible; Googlebot/2.1; +http://www.google.com/bot.html)"
66.249.71.77 - - [05/Dec/2010:08:29:23 +0000] "GET /netbooks/Acer_Aspire_One_531 HTTP/1.1" 200 308 "-" "Mozilla/5.0 (compatible; Googlebot/2.1; +http://www.google.com/bot.html)"
67.210.218.117 - - [05/Dec/2010:08:32:56 +0000] "GET /blog/feed HTTP/1.1" 200 308 "-" "Rome Client (http://tinyurl.com/64t5n) Ver: 0.9"
66.249.71.77 - - [05/Dec/2010:08:42:42 +0000] "GET /js/jquery/jquery.loopSlider.min.js HTTP/1.1" 200 1861 "-" "Mozilla/5.0 (compatible; Googlebot/2.1; +http://www.google.com/bot.html)"
66.249.71.77 - - [05/Dec/2010:10:07:04 +0000] "GET /products/view/slug:Asus_Eee_PC_1000HA HTTP/1.1" 200 308 "-" "Mozilla/5.0 (compatible; Googlebot/2.1; +http://www.google.com/bot.html)"
66.249.71.77 - - [05/Dec/2010:11:44:57 +0000] "GET /compare HTTP/1.1" 200 308 "-" "Mozilla/5.0 (compatible; Googlebot/2.1; +http://www.google.com/bot.html)"
66.249.71.77 - - [05/Dec/2010:13:23:27 +0000] "GET /netbooks/Dell_Inspiron_M101z HTTP/1.1" 200 308 "-" "Mozilla/5.0 (compatible; Googlebot/2.1; +http://www.google.com/bot.html)"
95.211.0.70 - - [05/Dec/2010:14:13:44 +0000] "GET /forum/sendmessage.php HTTP/1.0" 200 228 "http://www.storbital.com/forum/sendmessage.php" "Opera/8.01 (Windows NT 5.1)"
95.211.0.70 - - [05/Dec/2010:14:13:44 +0000] "GET / HTTP/1.0" 200 228 "http://www.storbital.com/" "Opera/8.01 (Windows NT 5.1)"
178.191.127.8 - - [05/Dec/2010:14:58:33 +0000] "GET /products/view/slug:Dell_Mini_1010 HTTP/1.1" 200 308 "http://www.google.com/search?client=ubuntu&channel=fs&q=%5BCORE%2Fcake%2Flibs%2Fcontroller%2Fcomponents%2Fcookie.php%2C+line+366%5D&ie=utf-8&oe=utf-8" "Mozilla/5.0 (X11; U; Linux x86_64; de; rv:1.9.2.12) Gecko/20101027 Ubuntu/10.10 (maverick) Firefox/3.6.12"
178.191.127.8 - - [05/Dec/2010:14:58:33 +0000] "GET /favicon.ico HTTP/1.1" 200 1996 "-" "Mozilla/5.0 (X11; U; Linux x86_64; de; rv:1.9.2.12) Gecko/20101027 Ubuntu/10.10 (maverick) Firefox/3.6.12"
66.249.71.77 - - [05/Dec/2010:15:01:00 +0000] "GET /products/view/slug:Asus_Eee_PC_4G_Surf HTTP/1.1" 200 308 "-" "Mozilla/5.0 (compatible; Googlebot/2.1; +http://www.google.com/bot.html)"
66.249.71.77 - - [05/Dec/2010:16:38:51 +0000] "GET /forum/sendmessage.php HTTP/1.1" 200 308 "-" "Mozilla/5.0 (compatible; Googlebot/2.1; +http://www.google.com/bot.html)"
66.249.71.77 - - [05/Dec/2010:18:16:02 +0000] "GET /links/add/132 HTTP/1.1" 200 308 "-" "Mozilla/5.0 (compatible; Googlebot/2.1; +http://www.google.com/bot.html)"
66.249.71.77 - - [05/Dec/2010:19:54:20 +0000] "GET /links/add/84 HTTP/1.1" 200 308 "-" "Mozilla/5.0 (compatible; Googlebot/2.1; +http://www.google.com/bot.html)"
207.46.13.86 - - [05/Dec/2010:20:23:22 +0000] "GET /robots.txt HTTP/1.1" 200 266 "-" "Mozilla/5.0 (compatible; bingbot/2.0; +http://www.bing.com/bingbot.htm)"
207.46.13.86 - - [05/Dec/2010:20:28:09 +0000] "GET /blog/contact-us HTTP/1.1" 200 308 "-" "Mozilla/5.0 (compatible; bingbot/2.0; +http://www.bing.com/bingbot.htm)"
66.249.71.77 - - [05/Dec/2010:21:49:41 +0000] "GET /links/add/134 HTTP/1.1" 200 308 "-" "Mozilla/5.0 (compatible; Googlebot/2.1; +http://www.google.com/bot.html)"
66.249.71.77 - - [06/Dec/2010:01:06:51 +0000] "GET /robots.txt HTTP/1.1" 200 308 "-" "Mozilla/5.0 (compatible; Googlebot/2.1; +http://www.google.com/bot.html)"
66.249.71.77 - - [06/Dec/2010:01:06:51 +0000] "GET /index.php HTTP/1.1" 200 307 "-" "Mozilla/5.0 (compatible; Googlebot/2.1; +http://www.google.com/bot.html)"
207.46.195.242 - - [06/Dec/2010:04:11:34 +0000] "GET /robots.txt HTTP/1.1" 200 266 "-" "Mozilla/5.0 (compatible; bingbot/2.0; +http://www.bing.com/bingbot.htm)"
207.46.195.242 - - [06/Dec/2010:04:21:39 +0000] "GET /blog/operating-system-guide HTTP/1.1" 200 308 "-" "Mozilla/5.0 (compatible; bingbot/2.0; +http://www.bing.com/bingbot.htm)"
66.249.71.77 - - [06/Dec/2010:07:46:25 +0000] "GET /forum/search.php HTTP/1.1" 200 308 "-" "Mozilla/5.0 (compatible; Googlebot/2.1; +http://www.google.com/bot.html)"
207.241.228.146 - - [06/Dec/2010:09:11:50 +0000] "GET / HTTP/1.1" 301 560 "-" "Python-urllib/2.6"
207.241.228.146 - - [06/Dec/2010:09:11:50 +0000] "GET / HTTP/1.1" 200 228 "-" "Python-urllib/2.6"
66.249.71.77 - - [06/Dec/2010:11:29:54 +0000] "GET /a HTTP/1.1" 200 308 "-" "Mozilla/5.0 (compatible; Googlebot/2.1; +http://www.google.com/bot.html)"
66.249.71.77 - - [06/Dec/2010:14:24:48 +0000] "GET /links/add/133 HTTP/1.1" 200 308 "-" "Mozilla/5.0 (compatible; Googlebot/2.1; +http://www.google.com/bot.html)"
216.34.207.6 - - [06/Dec/2010:17:49:08 +0000] "GET /robots.txt HTTP/1.1" 301 618 "-" "CJNetworkQuality; http://www.cj.com/networkquality"
216.34.207.6 - - [06/Dec/2010:17:49:08 +0000] "GET / HTTP/1.1" 301 597 "-" "CJNetworkQuality; http://www.cj.com/networkquality"
67.210.218.117 - - [06/Dec/2010:19:09:54 +0000] "GET /blog/feed HTTP/1.1" 200 308 "-" "Rome Client (http://tinyurl.com/64t5n) Ver: 0.9"
66.249.68.118 - - [06/Dec/2010:21:37:01 +0000] "GET /robots.txt HTTP/1.1" 200 308 "-" "Mozilla/5.0 (compatible; Googlebot/2.1; +http://www.google.com/bot.html)"
66.249.68.118 - - [06/Dec/2010:21:37:01 +0000] "GET /products/view/slug:HP_Mini_2140 HTTP/1.1" 200 307 "-" "Mozilla/5.0 (compatible; Googlebot/2.1; +http://www.google.com/bot.html)"
95.168.183.233 - - [06/Dec/2010:22:06:21 +0000] "GET / HTTP/1.0" 200 228 "http://www.storbital.com/" "Mozilla/4.0 (compatible; MSIE 6.0; Windows NT 5.1; en) Opera 8.00"
95.168.183.233 - - [06/Dec/2010:22:06:21 +0000] "GET / HTTP/1.0" 200 228 "http://www.storbital.com/" "Mozilla/4.0 (compatible; MSIE 6.0; Windows NT 5.1; en) Opera 8.00"
66.249.68.118 - - [06/Dec/2010:23:23:25 +0000] "GET /netbooks/Acer_Aspire_Timeline_1810TZ HTTP/1.1" 200 308 "-" "Mozilla/5.0 (compatible; Googlebot/2.1; +http://www.google.com/bot.html)"
84.196.240.90 - - [07/Dec/2010:00:33:03 +0000] "GET / HTTP/1.0" 200 266 "-" "Mozilla/3.0"
66.249.68.118 - - [07/Dec/2010:01:10:09 +0000] "GET /links/add/13 HTTP/1.1" 200 308 "-" "Mozilla/5.0 (compatible; Googlebot/2.1; +http://www.google.com/bot.html)"
94.66.3.148 - - [07/Dec/2010:01:29:19 +0000] "GET /img/lib/product/image/thumb/large/Dell_Mini_910.jpg HTTP/1.1" 200 9875 "http://www.google.gr/imgres?imgurl=http://www.storbital.com/img/lib/product/image/thumb/large/Dell_Mini_910.jpg&imgrefurl=http://www.storbital.com/netbooks/Dell_Mini_910&usg=__u53UBgunmLRmsCLaBMNHaPm4zd4=&h=249&w=300&sz=10&hl=el&start=136&zoom=1&tbnid=F_IQ8uxSo-ZJtM:&tbnh=159&tbnw=192&prev=/images%3Fq%3DDell%2B910%26hl%3Del%26biw%3D1920%26bih%3D831%26gbv%3D2%26tbs%3Disch:10%2C2776&itbs=1&iact=hc&vpx=1254&vpy=524&dur=51&hovh=199&hovw=240&tx=73&ty=127&ei=6o39TNLmNZSw8QO4vsDcBw&oei=Eo39TNrsJZGn8QPG9Pj0Bw&esq=4&page=5&ndsp=34&ved=1t:429,r:23,s:136&biw=1920&bih=831" "Mozilla/5.0 (Windows; U; Windows NT 6.1; el; rv:1.9.2.12) Gecko/20101026 BTRS26980 Firefox/3.6.12"
94.66.3.148 - - [07/Dec/2010:01:29:19 +0000] "GET /netbooks/Dell_Mini_910 HTTP/1.1" 200 308 "http://www.google.gr/imgres?imgurl=http://www.storbital.com/img/lib/product/image/thumb/large/Dell_Mini_910.jpg&imgrefurl=http://www.storbital.com/netbooks/Dell_Mini_910&usg=__u53UBgunmLRmsCLaBMNHaPm4zd4=&h=249&w=300&sz=10&hl=el&start=136&zoom=1&tbnid=F_IQ8uxSo-ZJtM:&tbnh=159&tbnw=192&prev=/images%3Fq%3DDell%2B910%26hl%3Del%26biw%3D1920%26bih%3D831%26gbv%3D2%26tbs%3Disch:10%2C2776&itbs=1&iact=hc&vpx=1254&vpy=524&dur=51&hovh=199&hovw=240&tx=73&ty=127&ei=6o39TNLmNZSw8QO4vsDcBw&oei=Eo39TNrsJZGn8QPG9Pj0Bw&esq=4&page=5&ndsp=34&ved=1t:429,r:23,s:136&biw=1920&bih=831" "Mozilla/5.0 (Windows; U; Windows NT 6.1; el; rv:1.9.2.12) Gecko/20101026 BTRS26980 Firefox/3.6.12"
94.66.3.148 - - [07/Dec/2010:01:29:21 +0000] "GET /netbooks/Dell_Mini_910 HTTP/1.1" 200 307 "http://www.google.gr/imgres?imgurl=http://www.storbital.com/img/lib/product/image/thumb/large/Dell_Mini_910.jpg&imgrefurl=http://www.storbital.com/netbooks/Dell_Mini_910&usg=__u53UBgunmLRmsCLaBMNHaPm4zd4=&h=249&w=300&sz=10&hl=el&start=136&zoom=1&tbnid=F_IQ8uxSo-ZJtM:&tbnh=159&tbnw=192&prev=/images%3Fq%3DDell%2B910%26hl%3Del%26biw%3D1920%26bih%3D831%26gbv%3D2%26tbs%3Disch:10%2C2776&itbs=1&iact=hc&vpx=1254&vpy=524&dur=51&hovh=199&hovw=240&tx=73&ty=127&ei=6o39TNLmNZSw8QO4vsDcBw&oei=Eo39TNrsJZGn8QPG9Pj0Bw&esq=4&page=5&ndsp=34&ved=1t:429,r:23,s:136&biw=1920&bih=831" "Mozilla/5.0 (Windows; U; Windows NT 6.1; el; rv:1.9.2.12) Gecko/20101026 BTRS26980 Firefox/3.6.12"
94.66.3.148 - - [07/Dec/2010:01:29:21 +0000] "GET /favicon.ico HTTP/1.1" 200 1996 "-" "Mozilla/5.0 (Windows; U; Windows NT 6.1; el; rv:1.9.2.12) Gecko/20101026 BTRS26980 Firefox/3.6.12"
66.249.68.118 - - [07/Dec/2010:02:56:38 +0000] "GET /tablets/Apple_iPad HTTP/1.1" 200 308 "-" "Mozilla/5.0 (compatible; Googlebot/2.1; +http://www.google.com/bot.html)"
66.249.68.118 - - [07/Dec/2010:08:16:26 +0000] "GET /netbooks/Dell_Mini_910 HTTP/1.1" 200 308 "-" "Mozilla/5.0 (compatible; Googlebot/2.1; +http://www.google.com/bot.html)"
157.55.16.230 - - [07/Dec/2010:10:01:10 +0000] "GET /robots.txt HTTP/1.1" 200 266 "-" "Mozilla/5.0 (compatible; bingbot/2.0; +http://www.bing.com/bingbot.htm)"
66.249.68.118 - - [07/Dec/2010:10:03:13 +0000] "GET /netbooks/Acer_Aspire_One_531 HTTP/1.1" 200 308 "-" "Mozilla/5.0 (compatible; Googlebot/2.1; +http://www.google.com/bot.html)"
157.55.16.230 - - [07/Dec/2010:10:07:30 +0000] "GET /blog/comments/feed HTTP/1.1" 200 308 "-" "Mozilla/5.0 (compatible; bingbot/2.0; +http://www.bing.com/bingbot.htm)"
66.249.68.118 - - [07/Dec/2010:11:49:39 +0000] "GET /compare HTTP/1.1" 200 308 "-" "Mozilla/5.0 (compatible; Googlebot/2.1; +http://www.google.com/bot.html)"
90.155.41.218 - - [07/Dec/2010:13:01:25 +0000] "GET / HTTP/1.1" 301 555 "-" "Mozilla/5.0 (Macintosh; U; Intel Mac OS X 10.6; en-US; rv:1.9.1.3) Gecko/20090824 Firefox/3.5.3 GTB7.1"
90.155.41.218 - - [07/Dec/2010:13:01:25 +0000] "GET / HTTP/1.1" 200 308 "-" "Mozilla/5.0 (Macintosh; U; Intel Mac OS X 10.6; en-US; rv:1.9.1.3) Gecko/20090824 Firefox/3.5.3 GTB7.1"
90.155.41.218 - - [07/Dec/2010:13:01:25 +0000] "GET /favicon.ico HTTP/1.1" 200 1996 "-" "Mozilla/5.0 (Macintosh; U; Intel Mac OS X 10.6; en-US; rv:1.9.1.3) Gecko/20090824 Firefox/3.5.3 GTB7.1"
66.249.68.118 - - [07/Dec/2010:13:36:27 +0000] "GET /netbooks/Dell_Inspiron_M101z HTTP/1.1" 200 308 "-" "Mozilla/5.0 (compatible; Googlebot/2.1; +http://www.google.com/bot.html)"
66.249.68.118 - - [07/Dec/2010:15:23:48 +0000] "GET /products/view/slug:Dell_Mini_1010 HTTP/1.1" 200 308 "-" "Mozilla/5.0 (compatible; Googlebot/2.1; +http://www.google.com/bot.html)"
66.249.68.118 - - [07/Dec/2010:17:09:08 +0000] "GET /robots.txt HTTP/1.1" 200 308 "-" "Mozilla/5.0 (compatible; Googlebot/2.1; +http://www.google.com/bot.html)"
66.249.68.118 - - [07/Dec/2010:17:09:09 +0000] "GET /links/add/132 HTTP/1.1" 200 307 "-" "Mozilla/5.0 (compatible; Googlebot/2.1; +http://www.google.com/bot.html)"
66.249.71.77 - - [07/Dec/2010:18:57:20 +0000] "GET /robots.txt HTTP/1.1" 200 308 "-" "Mozilla/5.0 (compatible; Googlebot/2.1; +http://www.google.com/bot.html)"
66.249.71.77 - - [07/Dec/2010:18:57:20 +0000] "GET /links/add/84 HTTP/1.1" 200 307 "-" "Mozilla/5.0 (compatible; Googlebot/2.1; +http://www.google.com/bot.html)"
66.249.71.77 - - [07/Dec/2010:21:25:25 +0000] "GET /products/view/slug:Asus_Eee_PC_1000HA HTTP/1.1" 200 308 "-" "Mozilla/5.0 (compatible; Googlebot/2.1; +http://www.google.com/bot.html)"
66.249.71.77 - - [07/Dec/2010:22:42:32 +0000] "GET /links/add/134 HTTP/1.1" 200 308 "-" "Mozilla/5.0 (compatible; Googlebot/2.1; +http://www.google.com/bot.html)"
66.249.71.77 - - [08/Dec/2010:02:13:43 +0000] "GET /index.php HTTP/1.1" 200 308 "-" "Mozilla/5.0 (compatible; Googlebot/2.1; +http://www.google.com/bot.html)"
67.210.218.117 - - [08/Dec/2010:08:50:39 +0000] "GET /blog/feed HTTP/1.1" 200 308 "-" "Rome Client (http://tinyurl.com/64t5n) Ver: 0.9"
66.249.71.77 - - [08/Dec/2010:09:27:10 +0000] "GET /forum/search.php HTTP/1.1" 200 308 "-" "Mozilla/5.0 (compatible; Googlebot/2.1; +http://www.google.com/bot.html)"
207.46.199.39 - - [08/Dec/2010:10:48:21 +0000] "GET /robots.txt HTTP/1.1" 200 266 "-" "Mozilla/5.0 (compatible; bingbot/2.0; +http://www.bing.com/bingbot.htm)"
207.46.199.39 - - [08/Dec/2010:10:52:28 +0000] "GET /blog/about HTTP/1.1" 200 308 "-" "Mozilla/5.0 (compatible; bingbot/2.0; +http://www.bing.com/bingbot.htm)"
66.249.71.77 - - [08/Dec/2010:13:02:43 +0000] "GET /products/view/slug:Asus_Eee_PC_4G_Surf HTTP/1.1" 200 308 "-" "Mozilla/5.0 (compatible; Googlebot/2.1; +http://www.google.com/bot.html)"
216.34.207.6 - - [08/Dec/2010:14:13:05 +0000] "GET /robots.txt HTTP/1.1" 301 618 "-" "CJNetworkQuality; http://www.cj.com/networkquality"
216.34.207.6 - - [08/Dec/2010:14:13:06 +0000] "GET / HTTP/1.1" 301 597 "-" "CJNetworkQuality; http://www.cj.com/networkquality"
66.249.71.77 - - [08/Dec/2010:16:40:08 +0000] "GET /links/add/133 HTTP/1.1" 200 308 "-" "Mozilla/5.0 (compatible; Googlebot/2.1; +http://www.google.com/bot.html)"
66.249.71.77 - - [08/Dec/2010:20:59:58 +0000] "GET /robots.txt HTTP/1.1" 200 308 "-" "Mozilla/5.0 (compatible; Googlebot/2.1; +http://www.google.com/bot.html)"
66.249.71.77 - - [08/Dec/2010:20:59:58 +0000] "GET /links/add/13 HTTP/1.1" 200 307 "-" "Mozilla/5.0 (compatible; Googlebot/2.1; +http://www.google.com/bot.html)"
207.245.10.14 - - [08/Dec/2010:21:06:54 +0000] "GET /img/lib/product/image/thumb/large/Dell_Mini_910.jpg HTTP/1.1" 200 9875 "http://www.google.ca/imgres?imgurl=http://www.storbital.com/img/lib/product/image/thumb/large/Dell_Mini_910.jpg&imgrefurl=http://www.storbital.com/netbooks/Dell_Mini_910&usg=__u53UBgunmLRmsCLaBMNHaPm4zd4=&h=249&w=300&sz=10&hl=en&start=0&sig2=qvf4FOhfbSAaOs_bY_RLsg&zoom=1&tbnid=F_IQ8uxSo-ZJtM:&tbnh=131&tbnw=158&ei=ZfP_TPTZFsf_4Aa85oCKCQ&prev=/images%3Fq%3Dmini%2B910%26hl%3Den%26client%3Dsafari%26sa%3DX%26rls%3Den-us%26biw%3D1255%26bih%3D866%26tbs%3Disch:1%26prmd%3Div&itbs=1&iact=hc&vpx=650&vpy=524&dur=915&hovh=199&hovw=240&tx=116&ty=126&oei=ZfP_TPTZFsf_4Aa85oCKCQ&esq=1&page=1&ndsp=30&ved=1t:429,r:21,s:0" "Mozilla/5.0 (Macintosh; U; PPC Mac OS X 10_5_6; en-us) AppleWebKit/528.16 (KHTML, like Gecko) Version/4.0 Safari/528.16"
207.245.10.14 - - [08/Dec/2010:21:06:54 +0000] "GET /netbooks/Dell_Mini_910 HTTP/1.1" 200 308 "http://www.google.ca/imgres?imgurl=http://www.storbital.com/img/lib/product/image/thumb/large/Dell_Mini_910.jpg&imgrefurl=http://www.storbital.com/netbooks/Dell_Mini_910&usg=__u53UBgunmLRmsCLaBMNHaPm4zd4=&h=249&w=300&sz=10&hl=en&start=0&sig2=qvf4FOhfbSAaOs_bY_RLsg&zoom=1&tbnid=F_IQ8uxSo-ZJtM:&tbnh=131&tbnw=158&ei=ZfP_TPTZFsf_4Aa85oCKCQ&prev=/images%3Fq%3Dmini%2B910%26hl%3Den%26client%3Dsafari%26sa%3DX%26rls%3Den-us%26biw%3D1255%26bih%3D866%26tbs%3Disch:1%26prmd%3Div&itbs=1&iact=hc&vpx=650&vpy=524&dur=915&hovh=199&hovw=240&tx=116&ty=126&oei=ZfP_TPTZFsf_4Aa85oCKCQ&esq=1&page=1&ndsp=30&ved=1t:429,r:21,s:0" "Mozilla/5.0 (Macintosh; U; PPC Mac OS X 10_5_6; en-us) AppleWebKit/528.16 (KHTML, like Gecko) Version/4.0 Safari/528.16"
66.249.71.77 - - [09/Dec/2010:02:00:38 +0000] "GET /links/add/132 HTTP/1.1" 200 308 "-" "Mozilla/5.0 (compatible; Googlebot/2.1; +http://www.google.com/bot.html)"
72.94.249.37 - - [09/Dec/2010:18:21:12 +0000] "GET / HTTP/1.1" 200 228 "-" "Mozilla/4.0 (compatible; MSIE 6.0; Windows NT 5.1; SV1; .NET CLR 1.1.4322)"
66.249.72.103 - - [09/Dec/2010:20:19:46 +0000] "GET /robots.txt HTTP/1.1" 200 308 "-" "Mozilla/5.0 (compatible; Googlebot/2.1; +http://www.google.com/bot.html)"
66.249.72.103 - - [09/Dec/2010:20:19:47 +0000] "GET /blog/feed HTTP/1.1" 200 307 "-" "Mozilla/5.0 (compatible; Googlebot/2.1; +http://www.google.com/bot.html)"
67.210.218.117 - - [09/Dec/2010:21:18:23 +0000] "GET /blog/feed HTTP/1.1" 200 308 "-" "Rome Client (http://tinyurl.com/64t5n) Ver: 0.9"
66.249.72.103 - - [10/Dec/2010:04:02:01 +0000] "GET /netbooks/Acer_Aspire_One_531 HTTP/1.1" 200 308 "-" "Mozilla/5.0 (compatible; Googlebot/2.1; +http://www.google.com/bot.html)"
66.249.72.103 - - [10/Dec/2010:09:10:44 +0000] "GET /compare HTTP/1.1" 200 308 "-" "Mozilla/5.0 (compatible; Googlebot/2.1; +http://www.google.com/bot.html)"
66.249.72.103 - - [10/Dec/2010:11:45:12 +0000] "GET /links/add/133 HTTP/1.1" 200 308 "-" "Mozilla/5.0 (compatible; Googlebot/2.1; +http://www.google.com/bot.html)"
66.249.72.103 - - [10/Dec/2010:14:19:16 +0000] "GET /links/add/84 HTTP/1.1" 200 308 "-" "Mozilla/5.0 (compatible; Googlebot/2.1; +http://www.google.com/bot.html)"
216.34.207.6 - - [10/Dec/2010:15:35:37 +0000] "GET /robots.txt HTTP/1.1" 301 618 "-" "CJNetworkQuality; http://www.cj.com/networkquality"
216.34.207.6 - - [10/Dec/2010:15:35:37 +0000] "GET / HTTP/1.1" 301 597 "-" "CJNetworkQuality; http://www.cj.com/networkquality"
109.120.144.111 - - [10/Dec/2010:15:42:18 +0000] "GET /forum/sendmessage.php HTTP/1.0" 200 228 "http://www.storbital.com/forum/sendmessage.php" "Mozilla/4.61 [en] (X11; U; ) - BrowseX (2.0.0 Windows)"
109.120.144.111 - - [10/Dec/2010:15:42:18 +0000] "GET / HTTP/1.0" 200 228 "http://www.storbital.com/" "Mozilla/4.61 [en] (X11; U; ) - BrowseX (2.0.0 Windows)"
66.249.72.103 - - [10/Dec/2010:22:11:39 +0000] "GET /robots.txt HTTP/1.1" 200 308 "-" "Mozilla/5.0 (compatible; Googlebot/2.1; +http://www.google.com/bot.html)"
66.249.72.103 - - [10/Dec/2010:22:11:39 +0000] "GET /products/view/slug:HP_Mini_2140 HTTP/1.1" 200 307 "-" "Mozilla/5.0 (compatible; Googlebot/2.1; +http://www.google.com/bot.html)"
178.77.72.217 - - [11/Dec/2010:00:38:55 +0000] "GET / HTTP/1.0" 200 228 "http://www.lopoca-friends.com" "Mozilla/4.0 (compatible; MSIE 7.0; Windows NT 6.0; Trident/4.0)"
66.249.71.77 - - [11/Dec/2010:01:23:18 +0000] "GET /robots.txt HTTP/1.1" 200 308 "-" "Mozilla/5.0 (compatible; Googlebot/2.1; +http://www.google.com/bot.html)"
66.249.71.77 - - [11/Dec/2010:01:23:18 +0000] "GET /netbooks/Acer_Aspire_Timeline_1810TZ HTTP/1.1" 200 307 "-" "Mozilla/5.0 (compatible; Googlebot/2.1; +http://www.google.com/bot.html)"
66.249.66.199 - - [11/Dec/2010:03:01:30 +0000] "GET /robots.txt HTTP/1.1" 200 308 "-" "Mozilla/5.0 (compatible; Googlebot/2.1; +http://www.google.com/bot.html)"
66.249.66.199 - - [11/Dec/2010:03:01:30 +0000] "GET /products/view/slug:Dell_Mini_1010 HTTP/1.1" 200 307 "-" "Mozilla/5.0 (compatible; Googlebot/2.1; +http://www.google.com/bot.html)"
66.249.66.199 - - [11/Dec/2010:04:39:34 +0000] "GET /tablets/Apple_iPad HTTP/1.1" 200 308 "-" "Mozilla/5.0 (compatible; Googlebot/2.1; +http://www.google.com/bot.html)"
66.249.66.199 - - [11/Dec/2010:06:17:38 +0000] "GET /links/add/13 HTTP/1.1" 200 308 "-" "Mozilla/5.0 (compatible; Googlebot/2.1; +http://www.google.com/bot.html)"
67.210.218.117 - - [11/Dec/2010:07:27:06 +0000] "GET /blog/feed HTTP/1.1" 200 308 "-" "Rome Client (http://tinyurl.com/64t5n) Ver: 0.9"
66.249.66.199 - - [11/Dec/2010:07:55:41 +0000] "GET /products/view/slug:Asus_Eee_PC_1000HA HTTP/1.1" 200 308 "-" "Mozilla/5.0 (compatible; Googlebot/2.1; +http://www.google.com/bot.html)"
66.249.66.199 - - [11/Dec/2010:09:33:50 +0000] "GET /netbooks/Dell_Inspiron_M101z HTTP/1.1" 200 308 "-" "Mozilla/5.0 (compatible; Googlebot/2.1; +http://www.google.com/bot.html)"
66.249.66.199 - - [11/Dec/2010:11:11:36 +0000] "GET /index.php HTTP/1.1" 200 308 "-" "Mozilla/5.0 (compatible; Googlebot/2.1; +http://www.google.com/bot.html)"
66.249.66.199 - - [11/Dec/2010:12:49:43 +0000] "GET /products/view/slug:Asus_Eee_PC_4G_Surf HTTP/1.1" 200 308 "-" "Mozilla/5.0 (compatible; Googlebot/2.1; +http://www.google.com/bot.html)"
66.249.66.199 - - [11/Dec/2010:14:28:04 +0000] "GET /links/add/134 HTTP/1.1" 200 308 "-" "Mozilla/5.0 (compatible; Googlebot/2.1; +http://www.google.com/bot.html)"
66.249.66.199 - - [11/Dec/2010:16:06:40 +0000] "GET /netbooks/Dell_Mini_910 HTTP/1.1" 200 308 "-" "Mozilla/5.0 (compatible; Googlebot/2.1; +http://www.google.com/bot.html)"
66.249.72.103 - - [11/Dec/2010:17:45:10 +0000] "GET /a HTTP/1.1" 200 308 "-" "Mozilla/5.0 (compatible; Googlebot/2.1; +http://www.google.com/bot.html)"
66.249.66.199 - - [11/Dec/2010:19:23:36 +0000] "GET /links/add/132 HTTP/1.1" 200 308 "-" "Mozilla/5.0 (compatible; Googlebot/2.1; +http://www.google.com/bot.html)"
66.249.66.199 - - [11/Dec/2010:21:41:22 +0000] "GET /links/add/133 HTTP/1.1" 200 308 "-" "Mozilla/5.0 (compatible; Googlebot/2.1; +http://www.google.com/bot.html)"
66.249.66.199 - - [11/Dec/2010:23:53:33 +0000] "GET /links/add/84 HTTP/1.1" 200 308 "-" "Mozilla/5.0 (compatible; Googlebot/2.1; +http://www.google.com/bot.html)"
66.249.66.143 - - [12/Dec/2010:04:32:23 +0000] "GET /robots.txt HTTP/1.1" 301 573 "-" "Mozilla/5.0 (compatible; Googlebot/2.1; +http://www.google.com/bot.html)"
66.249.66.199 - - [12/Dec/2010:04:32:24 +0000] "GET /robots.txt HTTP/1.1" 200 308 "-" "Mozilla/5.0 (compatible; Googlebot/2.1; +http://www.google.com/bot.html)"
66.249.66.143 - - [12/Dec/2010:04:32:24 +0000] "GET / HTTP/1.1" 301 554 "-" "Mozilla/5.0 (compatible; Googlebot/2.1; +http://www.google.com/bot.html)"
66.249.66.199 - - [12/Dec/2010:04:32:24 +0000] "GET /robots.txt HTTP/1.1" 200 307 "-" "Mozilla/5.0 (compatible; Googlebot/2.1; +http://www.google.com/bot.html)"
66.249.66.199 - - [12/Dec/2010:04:32:24 +0000] "GET / HTTP/1.1" 200 307 "-" "Mozilla/5.0 (compatible; Googlebot/2.1; +http://www.google.com/bot.html)"
66.249.66.199 - - [12/Dec/2010:05:08:25 +0000] "GET /blog/feed HTTP/1.1" 200 308 "-" "Mozilla/5.0 (compatible; Googlebot/2.1; +http://www.google.com/bot.html)"
66.249.68.118 - - [12/Dec/2010:10:05:53 +0000] "GET /robots.txt HTTP/1.1" 200 308 "-" "Mozilla/5.0 (compatible; Googlebot/2.1; +http://www.google.com/bot.html)"
66.249.68.118 - - [12/Dec/2010:10:05:53 +0000] "GET /netbooks/Acer_Aspire_One_531 HTTP/1.1" 200 307 "-" "Mozilla/5.0 (compatible; Googlebot/2.1; +http://www.google.com/bot.html)"
66.249.72.103 - - [12/Dec/2010:12:42:06 +0000] "GET /compare HTTP/1.1" 200 308 "-" "Mozilla/5.0 (compatible; Googlebot/2.1; +http://www.google.com/bot.html)"
66.249.65.209 - - [12/Dec/2010:15:18:31 +0000] "GET /robots.txt HTTP/1.1" 200 308 "-" "Mozilla/5.0 (compatible; Googlebot/2.1; +http://www.google.com/bot.html)"
66.249.65.209 - - [12/Dec/2010:15:18:31 +0000] "GET /?do=index&project=2&project=2&do=index&order=severity&sort=desc&toggleadvanced=1&order2=id&sort2=asc HTTP/1.1" 200 307 "-" "Mozilla/5.0 (compatible; Googlebot/2.1; +http://www.google.com/bot.html)"
65.52.110.51 - - [12/Dec/2010:16:48:15 +0000] "GET /robots.txt HTTP/1.1" 200 266 "-" "Mozilla/5.0 (compatible; bingbot/2.0; +http://www.bing.com/bingbot.htm)"
65.52.110.51 - - [12/Dec/2010:16:55:36 +0000] "GET /blog/feed HTTP/1.1" 200 308 "-" "Mozilla/5.0 (compatible; bingbot/2.0; +http://www.bing.com/bingbot.htm)"
67.210.218.117 - - [12/Dec/2010:17:58:58 +0000] "GET /blog/feed HTTP/1.1" 200 308 "-" "Rome Client (http://tinyurl.com/64t5n) Ver: 0.9"
66.249.71.77 - - [13/Dec/2010:03:51:39 +0000] "GET /robots.txt HTTP/1.1" 200 308 "-" "Mozilla/5.0 (compatible; Googlebot/2.1; +http://www.google.com/bot.html)"
66.249.71.77 - - [13/Dec/2010:03:51:39 +0000] "GET /forum/search.php HTTP/1.1" 200 307 "-" "Mozilla/5.0 (compatible; Googlebot/2.1; +http://www.google.com/bot.html)"
66.249.71.77 - - [13/Dec/2010:13:34:35 +0000] "GET /forum/sitemap/ HTTP/1.1" 200 308 "-" "Mozilla/5.0 (compatible; Googlebot/2.1; +http://www.google.com/bot.html)"
216.34.207.6 - - [13/Dec/2010:16:19:57 +0000] "GET /robots.txt HTTP/1.1" 301 618 "-" "CJNetworkQuality; http://www.cj.com/networkquality"
216.34.207.6 - - [13/Dec/2010:16:19:57 +0000] "GET / HTTP/1.1" 301 597 "-" "CJNetworkQuality; http://www.cj.com/networkquality"
66.249.71.77 - - [13/Dec/2010:16:49:28 +0000] "GET /index.php HTTP/1.1" 200 308 "-" "Mozilla/5.0 (compatible; Googlebot/2.1; +http://www.google.com/bot.html)"
66.249.71.77 - - [13/Dec/2010:21:56:40 +0000] "GET /robots.txt HTTP/1.1" 200 308 "-" "Mozilla/5.0 (compatible; Googlebot/2.1; +http://www.google.com/bot.html)"
66.249.71.77 - - [13/Dec/2010:21:56:40 +0000] "GET /links/add/135 HTTP/1.1" 200 307 "-" "Mozilla/5.0 (compatible; Googlebot/2.1; +http://www.google.com/bot.html)"
67.210.218.117 - - [14/Dec/2010:05:40:39 +0000] "GET /blog/feed HTTP/1.1" 200 308 "-" "Rome Client (http://tinyurl.com/64t5n) Ver: 0.9"
66.249.71.77 - - [14/Dec/2010:06:51:30 +0000] "GET /a HTTP/1.1" 200 308 "-" "Mozilla/5.0 (compatible; Googlebot/2.1; +http://www.google.com/bot.html)"
66.249.71.77 - - [14/Dec/2010:13:13:39 +0000] "GET /shortlist/add/13 HTTP/1.1" 200 308 "-" "Mozilla/5.0 (compatible; Googlebot/2.1; +http://www.google.com/bot.html)"
66.249.71.77 - - [14/Dec/2010:14:30:32 +0000] "GET /?project=2&do=index&project=2&order=category&sort=asc&order2=project&sort2=asc&toggleadvanced=1 HTTP/1.1" 200 308 "-" "Mozilla/5.0 (compatible; Googlebot/2.1; +http://www.google.com/bot.html)"
66.249.71.77 - - [14/Dec/2010:17:03:56 +0000] "GET /robots.txt HTTP/1.1" 200 308 "-" "Mozilla/5.0 (compatible; Googlebot/2.1; +http://www.google.com/bot.html)"
66.249.71.77 - - [14/Dec/2010:17:03:56 +0000] "GET /shortlist/add/2 HTTP/1.1" 200 307 "-" "Mozilla/5.0 (compatible; Googlebot/2.1; +http://www.google.com/bot.html)"
66.249.72.74 - - [14/Dec/2010:23:57:33 +0000] "GET /robots.txt HTTP/1.1" 200 308 "-" "Mozilla/5.0 (compatible; Googlebot/2.1; +http://www.google.com/bot.html)"
66.249.72.74 - - [14/Dec/2010:23:57:33 +0000] "GET /blog/feed HTTP/1.1" 200 307 "-" "Mozilla/5.0 (compatible; Googlebot/2.1; +http://www.google.com/bot.html)"
207.241.228.164 - - [15/Dec/2010:00:42:51 +0000] "GET / HTTP/1.1" 301 560 "-" "Mozilla/5.0 (iPhone; U; CPU like Mac OS X; en) AppleWebKit/420+ (KHTML, like Gecko) Version/3.0 Mobile/1A535b Safari/419.3"
207.241.228.164 - - [15/Dec/2010:00:42:52 +0000] "GET / HTTP/1.1" 200 228 "-" "Mozilla/5.0 (iPhone; U; CPU like Mac OS X; en) AppleWebKit/420+ (KHTML, like Gecko) Version/3.0 Mobile/1A535b Safari/419.3"
66.249.72.74 - - [15/Dec/2010:03:49:27 +0000] "GET /?do=index&project=2&do=index&project=2&order=severity&sort=asc&order2=tasktype&sort2=desc HTTP/1.1" 200 308 "-" "Mozilla/5.0 (compatible; Googlebot/2.1; +http://www.google.com/bot.html)"
208.115.111.248 - - [15/Dec/2010:08:21:58 +0000] "GET /robots.txt HTTP/1.1" 200 251 "-" "Mozilla/5.0 (compatible; DotBot/1.1; http://www.dotnetdotcom.org/, crawler@dotnetdotcom.org)"
208.115.111.248 - - [15/Dec/2010:12:06:44 +0000] "GET /robots.txt HTTP/1.1" 200 251 "-" "Mozilla/5.0 (compatible; DotBot/1.1; http://www.dotnetdotcom.org/, crawler@dotnetdotcom.org)"
208.115.111.248 - - [15/Dec/2010:12:50:33 +0000] "GET /blog/operating-system-guide HTTP/1.1" 200 251 "-" "Mozilla/5.0 (compatible; DotBot/1.1; http://www.dotnetdotcom.org/, crawler@dotnetdotcom.org)"
208.115.111.248 - - [15/Dec/2010:12:50:38 +0000] "GET /blog/posts/category/netbook-news HTTP/1.1" 200 251 "-" "Mozilla/5.0 (compatible; DotBot/1.1; http://www.dotnetdotcom.org/, crawler@dotnetdotcom.org)"
67.210.218.117 - - [15/Dec/2010:16:19:01 +0000] "GET /blog/feed HTTP/1.1" 200 308 "-" "Rome Client (http://tinyurl.com/64t5n) Ver: 0.9"
208.115.111.248 - - [15/Dec/2010:16:45:09 +0000] "GET / HTTP/1.1" 200 251 "-" "Mozilla/5.0 (compatible; DotBot/1.1; http://www.dotnetdotcom.org/, crawler@dotnetdotcom.org)"
208.115.111.248 - - [15/Dec/2010:16:45:13 +0000] "GET /blog/ HTTP/1.1" 200 251 "-" "Mozilla/5.0 (compatible; DotBot/1.1; http://www.dotnetdotcom.org/, crawler@dotnetdotcom.org)"
208.115.111.248 - - [15/Dec/2010:16:45:18 +0000] "GET /blog/about HTTP/1.1" 200 251 "-" "Mozilla/5.0 (compatible; DotBot/1.1; http://www.dotnetdotcom.org/, crawler@dotnetdotcom.org)"
208.115.111.248 - - [15/Dec/2010:16:45:24 +0000] "GET /blog/contact-us HTTP/1.1" 200 251 "-" "Mozilla/5.0 (compatible; DotBot/1.1; http://www.dotnetdotcom.org/, crawler@dotnetdotcom.org)"
208.115.111.248 - - [15/Dec/2010:16:45:29 +0000] "GET /blog/posts/4 HTTP/1.1" 200 251 "-" "Mozilla/5.0 (compatible; DotBot/1.1; http://www.dotnetdotcom.org/, crawler@dotnetdotcom.org)"
208.115.111.248 - - [15/Dec/2010:16:45:34 +0000] "GET /blog/posts/category/blog HTTP/1.1" 200 251 "-" "Mozilla/5.0 (compatible; DotBot/1.1; http://www.dotnetdotcom.org/, crawler@dotnetdotcom.org)"
208.115.111.248 - - [15/Dec/2010:16:45:39 +0000] "GET /blog/posts/date/2010/05 HTTP/1.1" 200 251 "-" "Mozilla/5.0 (compatible; DotBot/1.1; http://www.dotnetdotcom.org/, crawler@dotnetdotcom.org)"
208.115.111.248 - - [15/Dec/2010:16:45:45 +0000] "GET /manufacturers/ HTTP/1.1" 200 251 "-" "Mozilla/5.0 (compatible; DotBot/1.1; http://www.dotnetdotcom.org/, crawler@dotnetdotcom.org)"
69.58.178.56 - - [15/Dec/2010:22:29:07 +0000] "GET /robots.txt HTTP/1.1" 200 209 "-" "Mozilla/5.0 (X11; U; Linux i686; en-US; rv:1.9.1.3; ips-agent) Gecko/20090824 Fedora/1.0.7-1.1.fc4  Firefox/3.5.3"
69.58.178.56 - - [15/Dec/2010:22:29:08 +0000] "GET / HTTP/1.1" 200 209 "-" "Mozilla/5.0 (X11; U; Linux i686; en-US; rv:1.9.1.3; ips-agent) Gecko/20090824 Fedora/1.0.7-1.1.fc4  Firefox/3.5.3"
69.58.178.56 - - [15/Dec/2010:22:30:51 +0000] "GET / HTTP/1.1" 200 209 "-" "Mozilla/5.0 (X11; U; Linux i686; en-US; rv:1.9.1.3; ips-agent) Gecko/20090824 Fedora/1.0.7-1.1.fc4  Firefox/3.5.3"
216.145.11.94 - - [16/Dec/2010:00:02:03 +0000] "GET /robots.txt HTTP/1.0" 200 228 "-" "Mozilla/5.0 (Windows; U; Windows NT 5.1; en; rv:1.9.0.13) Gecko/2009073022 Firefox/3.5.2 (.NET CLR 3.5.30729) SurveyBot/2.3 (DomainTools)"
216.145.11.94 - - [16/Dec/2010:00:02:04 +0000] "GET / HTTP/1.1" 200 270 "http://whois.domaintools.com/storbital.com" "Mozilla/5.0 (Windows; U; Windows NT 5.1; en; rv:1.9.0.13) Gecko/2009073022 Firefox/3.5.2 (.NET CLR 3.5.30729) SurveyBot/2.3 (DomainTools)"
66.249.72.187 - - [16/Dec/2010:03:25:14 +0000] "GET /robots.txt HTTP/1.1" 301 573 "-" "Mozilla/5.0 (compatible; Googlebot/2.1; +http://www.google.com/bot.html)"
66.249.72.74 - - [16/Dec/2010:03:25:15 +0000] "GET /robots.txt HTTP/1.1" 200 308 "-" "Mozilla/5.0 (compatible; Googlebot/2.1; +http://www.google.com/bot.html)"
66.249.72.187 - - [16/Dec/2010:03:25:15 +0000] "GET / HTTP/1.1" 301 554 "-" "Mozilla/5.0 (compatible; Googlebot/2.1; +http://www.google.com/bot.html)"
66.249.72.74 - - [16/Dec/2010:03:25:15 +0000] "GET /robots.txt HTTP/1.1" 200 307 "-" "Mozilla/5.0 (compatible; Googlebot/2.1; +http://www.google.com/bot.html)"
66.249.72.74 - - [16/Dec/2010:03:25:15 +0000] "GET / HTTP/1.1" 200 307 "-" "Mozilla/5.0 (compatible; Googlebot/2.1; +http://www.google.com/bot.html)"
66.249.72.74 - - [16/Dec/2010:05:58:58 +0000] "GET /links/add/135 HTTP/1.1" 200 308 "-" "Mozilla/5.0 (compatible; Googlebot/2.1; +http://www.google.com/bot.html)"
66.249.72.74 - - [16/Dec/2010:08:32:43 +0000] "GET /a HTTP/1.1" 200 308 "-" "Mozilla/5.0 (compatible; Googlebot/2.1; +http://www.google.com/bot.html)"
90.155.41.216 - - [16/Dec/2010:10:27:12 +0000] "GET / HTTP/1.1" 200 308 "http://www.google.com/url?sa=t&source=web&cd=1&sqi=2&ved=0CBIQFjAA&url=http%3A%2F%2Fwww.storbital.com%2F&rct=j&q=storbital&ei=fOkJTff0EIG5hAeDhfDUDw&usg=AFQjCNH7a6EmmtIYhX2R4ibk_kNeI1IWZg&cad=rja" "Mozilla/5.0 (Macintosh; U; Intel Mac OS X 10.6; en-US; rv:1.9.1.3) Gecko/20090824 Firefox/3.5.3 GTB7.1"
90.155.41.216 - - [16/Dec/2010:10:27:12 +0000] "GET /favicon.ico HTTP/1.1" 200 1996 "-" "Mozilla/5.0 (Macintosh; U; Intel Mac OS X 10.6; en-US; rv:1.9.1.3) Gecko/20090824 Firefox/3.5.3 GTB7.1"
90.155.41.216 - - [16/Dec/2010:10:27:15 +0000] "GET /favicon.ico HTTP/1.1" 200 1996 "-" "Mozilla/5.0 (Macintosh; U; Intel Mac OS X 10.6; en-US; rv:1.9.1.3) Gecko/20090824 Firefox/3.5.3 GTB7.1"
66.249.72.74 - - [16/Dec/2010:11:06:42 +0000] "GET /forum/sitemap/ HTTP/1.1" 200 308 "-" "Mozilla/5.0 (compatible; Googlebot/2.1; +http://www.google.com/bot.html)"
66.249.72.74 - - [16/Dec/2010:20:41:13 +0000] "GET /blog/feed HTTP/1.1" 200 308 "-" "Mozilla/5.0 (compatible; Googlebot/2.1; +http://www.google.com/bot.html)"
66.249.72.74 - - [17/Dec/2010:03:02:52 +0000] "GET /shortlist/add/2 HTTP/1.1" 200 308 "-" "Mozilla/5.0 (compatible; Googlebot/2.1; +http://www.google.com/bot.html)"
