67.210.218.117 - - [02/Jan/2011:20:58:14 +0000] "GET /blog/feed HTTP/1.1" 200 308 "-" "Rome Client (http://tinyurl.com/64t5n) Ver: 0.9"
66.249.72.54 - - [02/Jan/2011:22:18:02 +0000] "GET /robots.txt HTTP/1.1" 200 308 "-" "Mozilla/5.0 (compatible; Googlebot/2.1; +http://www.google.com/bot.html)"
66.249.72.54 - - [02/Jan/2011:22:18:02 +0000] "GET /products/view/slug:Asus_Eee_PC_701SD HTTP/1.1" 200 307 "-" "Mozilla/5.0 (compatible; Googlebot/2.1; +http://www.google.com/bot.html)"
195.234.5.221 - - [03/Jan/2011:13:34:25 +0000] "GET /fckeditor/editor/images/anchor.gif HTTP/1.1" 301 554 "" "Mozilla/5.0 (Windows; U; Windows NT 6.0; en; rv:1.9.0.8) Gecko/2009032609 Firefox/3.0.8 (.NET CLR 3.5.30729)"
195.234.5.221 - - [03/Jan/2011:13:34:25 +0000] "GET /fckeditor/editor/images/anchor.gif HTTP/1.1" 200 251 "" "Mozilla/5.0 (Windows; U; Windows NT 6.0; en; rv:1.9.0.8) Gecko/2009032609 Firefox/3.0.8 (.NET CLR 3.5.30729)"
66.249.72.54 - - [03/Jan/2011:15:18:04 +0000] "GET /products/view/slug:Asus_Eee_PC_900 HTTP/1.1" 200 308 "-" "Mozilla/5.0 (compatible; Googlebot/2.1; +http://www.google.com/bot.html)"
216.34.207.6 - - [03/Jan/2011:16:56:31 +0000] "GET /robots.txt HTTP/1.1" 301 618 "-" "CJNetworkQuality; http://www.cj.com/networkquality"
216.34.207.6 - - [03/Jan/2011:16:56:31 +0000] "GET / HTTP/1.1" 301 597 "-" "CJNetworkQuality; http://www.cj.com/networkquality"
66.249.72.54 - - [03/Jan/2011:17:35:42 +0000] "GET /products/view/slug:Asus_Eee_PC_1201T HTTP/1.1" 200 308 "-" "Mozilla/5.0 (compatible; Googlebot/2.1; +http://www.google.com/bot.html)"
207.46.13.87 - - [03/Jan/2011:17:41:07 +0000] "GET /robots.txt HTTP/1.1" 200 266 "-" "Mozilla/5.0 (compatible; bingbot/2.0; +http://www.bing.com/bingbot.htm)"
207.46.13.87 - - [03/Jan/2011:18:03:43 +0000] "GET / HTTP/1.1" 200 308 "-" "Mozilla/5.0 (compatible; bingbot/2.0; +http://www.bing.com/bingbot.htm)"
66.249.72.54 - - [03/Jan/2011:18:44:21 +0000] "GET /regions/change/gb HTTP/1.1" 200 308 "-" "Mozilla/5.0 (compatible; Googlebot/2.1; +http://www.google.com/bot.html)"
66.249.72.54 - - [03/Jan/2011:19:53:07 +0000] "GET /products/view/slug:Asus_Eee_PC_8G HTTP/1.1" 200 308 "-" "Mozilla/5.0 (compatible; Googlebot/2.1; +http://www.google.com/bot.html)"
66.249.72.54 - - [03/Jan/2011:21:02:14 +0000] "GET /products/view/slug:Asus_Eee_PC_900A HTTP/1.1" 200 308 "-" "Mozilla/5.0 (compatible; Googlebot/2.1; +http://www.google.com/bot.html)"
66.249.72.54 - - [03/Jan/2011:22:11:01 +0000] "GET /netbooks/ HTTP/1.1" 200 308 "-" "Mozilla/5.0 (compatible; Googlebot/2.1; +http://www.google.com/bot.html)"
66.249.72.54 - - [03/Jan/2011:23:19:54 +0000] "GET /robots.txt HTTP/1.1" 200 308 "-" "Mozilla/5.0 (compatible; Googlebot/2.1; +http://www.google.com/bot.html)"
66.249.72.54 - - [03/Jan/2011:23:19:54 +0000] "GET /products/view/slug:Asus_Eee_PC_900HA HTTP/1.1" 200 307 "-" "Mozilla/5.0 (compatible; Googlebot/2.1; +http://www.google.com/bot.html)"
66.249.72.54 - - [04/Jan/2011:00:28:24 +0000] "GET /shortlist/add/100 HTTP/1.1" 200 308 "-" "Mozilla/5.0 (compatible; Googlebot/2.1; +http://www.google.com/bot.html)"
67.210.218.117 - - [04/Jan/2011:01:29:25 +0000] "GET /blog/feed HTTP/1.1" 200 308 "-" "Rome Client (http://tinyurl.com/64t5n) Ver: 0.9"
66.249.72.54 - - [04/Jan/2011:01:37:36 +0000] "GET /products/view/slug:Asus_Eee_PC_904HA HTTP/1.1" 200 308 "-" "Mozilla/5.0 (compatible; Googlebot/2.1; +http://www.google.com/bot.html)"
66.249.72.54 - - [04/Jan/2011:02:46:04 +0000] "GET /forum/ HTTP/1.1" 200 308 "-" "Mozilla/5.0 (compatible; Googlebot/2.1; +http://www.google.com/bot.html)"
207.46.195.233 - - [04/Jan/2011:02:48:07 +0000] "GET /robots.txt HTTP/1.1" 200 266 "-" "Mozilla/5.0 (compatible; bingbot/2.0; +http://www.bing.com/bingbot.htm)"
207.46.195.233 - - [04/Jan/2011:02:50:56 +0000] "GET /manufacturers/ HTTP/1.1" 200 308 "-" "Mozilla/5.0 (compatible; bingbot/2.0; +http://www.bing.com/bingbot.htm)"
66.249.72.54 - - [04/Jan/2011:03:54:52 +0000] "GET /products/view/slug:Asus_Eee_PC_2G_Surf HTTP/1.1" 200 308 "-" "Mozilla/5.0 (compatible; Googlebot/2.1; +http://www.google.com/bot.html)"
66.249.72.54 - - [04/Jan/2011:05:04:10 +0000] "GET /links/add/130 HTTP/1.1" 200 308 "-" "Mozilla/5.0 (compatible; Googlebot/2.1; +http://www.google.com/bot.html)"
66.249.72.54 - - [04/Jan/2011:06:13:02 +0000] "GET /products/view/slug:Asus_Eee_PC_701SDX HTTP/1.1" 200 308 "-" "Mozilla/5.0 (compatible; Googlebot/2.1; +http://www.google.com/bot.html)"
173.240.49.34 - - [04/Jan/2011:06:58:26 +0000] "GET /robots.txt HTTP/1.1" 301 618 "-" "Mozilla/5.0 (compatible; Search17Bot/1.1; http://www.search17.com/bot.php)"
173.240.49.34 - - [04/Jan/2011:06:58:26 +0000] "GET /robots.txt HTTP/1.1" 200 266 "-" "Mozilla/5.0 (compatible; Search17Bot/1.1; http://www.search17.com/bot.php)"
173.240.49.34 - - [04/Jan/2011:06:58:26 +0000] "GET / HTTP/1.1" 301 554 "-" "Mozilla/5.0 (compatible; Search17Bot/1.1; http://www.search17.com/bot.php)"
173.240.49.34 - - [04/Jan/2011:06:58:27 +0000] "GET / HTTP/1.1" 200 307 "-" "Mozilla/5.0 (compatible; Search17Bot/1.1; http://www.search17.com/bot.php)"
66.249.72.54 - - [04/Jan/2011:07:22:00 +0000] "GET /products/view/slug:Asus_Eee_PC_1101HA HTTP/1.1" 200 308 "-" "Mozilla/5.0 (compatible; Googlebot/2.1; +http://www.google.com/bot.html)"
66.249.72.54 - - [04/Jan/2011:08:30:34 +0000] "GET /?do=index&project=2&project=2&do=index&order=severity&sort=desc&toggleadvanced=1&order2=id&sort2=asc HTTP/1.1" 200 308 "-" "Mozilla/5.0 (compatible; Googlebot/2.1; +http://www.google.com/bot.html)"
66.249.72.54 - - [04/Jan/2011:09:40:34 +0000] "GET /products/view/slug:Asus_Eee_PC_1008HA HTTP/1.1" 200 308 "-" "Mozilla/5.0 (compatible; Googlebot/2.1; +http://www.google.com/bot.html)"
66.249.72.54 - - [04/Jan/2011:11:55:51 +0000] "GET /?project=2&do=index&project=2&order=category&sort=asc&order2=project&sort2=asc&toggleadvanced=1 HTTP/1.1" 200 308 "-" "Mozilla/5.0 (compatible; Googlebot/2.1; +http://www.google.com/bot.html)"
66.249.72.54 - - [04/Jan/2011:15:03:23 +0000] "GET /index.php HTTP/1.1" 200 308 "-" "Mozilla/5.0 (compatible; Googlebot/2.1; +http://www.google.com/bot.html)"
67.210.218.117 - - [05/Jan/2011:06:21:51 +0000] "GET /blog/feed HTTP/1.1" 200 308 "-" "Rome Client (http://tinyurl.com/64t5n) Ver: 0.9"
207.46.199.54 - - [05/Jan/2011:10:07:10 +0000] "GET /robots.txt HTTP/1.1" 200 266 "-" "Mozilla/5.0 (compatible; bingbot/2.0; +http://www.bing.com/bingbot.htm)"
207.46.199.54 - - [05/Jan/2011:10:20:23 +0000] "GET /blog/ HTTP/1.1" 200 308 "-" "Mozilla/5.0 (compatible; bingbot/2.0; +http://www.bing.com/bingbot.htm)"
216.34.207.6 - - [05/Jan/2011:16:22:11 +0000] "GET /robots.txt HTTP/1.1" 301 618 "-" "CJNetworkQuality; http://www.cj.com/networkquality"
216.34.207.6 - - [05/Jan/2011:16:22:11 +0000] "GET / HTTP/1.1" 301 597 "-" "CJNetworkQuality; http://www.cj.com/networkquality"
66.249.72.54 - - [05/Jan/2011:20:12:51 +0000] "GET /robots.txt HTTP/1.1" 200 308 "-" "Mozilla/5.0 (compatible; Googlebot/2.1; +http://www.google.com/bot.html)"
66.249.72.54 - - [05/Jan/2011:20:12:51 +0000] "GET /products/view/slug:Asus_Eee_PC_900HA HTTP/1.1" 200 307 "-" "Mozilla/5.0 (compatible; Googlebot/2.1; +http://www.google.com/bot.html)"
67.210.218.117 - - [06/Jan/2011:16:13:08 +0000] "GET /blog/feed HTTP/1.1" 200 308 "-" "Rome Client (http://tinyurl.com/64t5n) Ver: 0.9"
208.115.111.248 - - [06/Jan/2011:21:48:39 +0000] "GET /robots.txt HTTP/1.1" 200 251 "-" "Mozilla/5.0 (compatible; DotBot/1.1; http://www.dotnetdotcom.org/, crawler@dotnetdotcom.org)"
64.246.165.140 - - [07/Jan/2011:00:46:34 +0000] "GET /robots.txt HTTP/1.0" 200 228 "-" "Mozilla/5.0 (Windows; U; Windows NT 5.1; en; rv:1.9.0.13) Gecko/2009073022 Firefox/3.5.2 (.NET CLR 3.5.30729) SurveyBot/2.3 (DomainTools)"
64.246.165.140 - - [07/Jan/2011:00:46:34 +0000] "GET / HTTP/1.1" 200 270 "http://whois.domaintools.com/storbital.com" "Mozilla/5.0 (Windows; U; Windows NT 5.1; en; rv:1.9.0.13) Gecko/2009073022 Firefox/3.5.2 (.NET CLR 3.5.30729) SurveyBot/2.3 (DomainTools)"
208.115.111.248 - - [07/Jan/2011:01:44:22 +0000] "GET /robots.txt HTTP/1.1" 200 251 "-" "Mozilla/5.0 (compatible; DotBot/1.1; http://www.dotnetdotcom.org/, crawler@dotnetdotcom.org)"
208.115.111.248 - - [07/Jan/2011:02:27:21 +0000] "GET / HTTP/1.1" 200 251 "-" "Mozilla/5.0 (compatible; DotBot/1.1; http://www.dotnetdotcom.org/, crawler@dotnetdotcom.org)"
208.115.111.248 - - [07/Jan/2011:02:27:25 +0000] "GET /blog/ HTTP/1.1" 200 251 "-" "Mozilla/5.0 (compatible; DotBot/1.1; http://www.dotnetdotcom.org/, crawler@dotnetdotcom.org)"
208.115.111.248 - - [07/Jan/2011:02:27:30 +0000] "GET /blog/about HTTP/1.1" 200 251 "-" "Mozilla/5.0 (compatible; DotBot/1.1; http://www.dotnetdotcom.org/, crawler@dotnetdotcom.org)"
208.115.111.248 - - [07/Jan/2011:02:27:35 +0000] "GET /blog/contact-us HTTP/1.1" 200 251 "-" "Mozilla/5.0 (compatible; DotBot/1.1; http://www.dotnetdotcom.org/, crawler@dotnetdotcom.org)"
208.115.111.248 - - [07/Jan/2011:02:27:40 +0000] "GET /blog/posts/18 HTTP/1.1" 200 251 "-" "Mozilla/5.0 (compatible; DotBot/1.1; http://www.dotnetdotcom.org/, crawler@dotnetdotcom.org)"
208.115.111.248 - - [07/Jan/2011:02:27:45 +0000] "GET /forum/sendmessage.php HTTP/1.1" 200 251 "-" "Mozilla/5.0 (compatible; DotBot/1.1; http://www.dotnetdotcom.org/, crawler@dotnetdotcom.org)"
208.115.111.248 - - [07/Jan/2011:02:27:51 +0000] "GET /manufacturers/ HTTP/1.1" 200 251 "-" "Mozilla/5.0 (compatible; DotBot/1.1; http://www.dotnetdotcom.org/, crawler@dotnetdotcom.org)"
208.115.111.248 - - [07/Jan/2011:02:27:56 +0000] "GET /sendmessage.php HTTP/1.1" 200 251 "-" "Mozilla/5.0 (compatible; DotBot/1.1; http://www.dotnetdotcom.org/, crawler@dotnetdotcom.org)"
66.249.71.19 - - [07/Jan/2011:04:16:50 +0000] "GET /robots.txt HTTP/1.1" 200 308 "-" "Mozilla/5.0 (compatible; Googlebot/2.1; +http://www.google.com/bot.html)"
66.249.71.19 - - [07/Jan/2011:04:16:50 +0000] "GET /forum/ HTTP/1.1" 200 307 "-" "Mozilla/5.0 (compatible; Googlebot/2.1; +http://www.google.com/bot.html)"
208.115.111.248 - - [07/Jan/2011:06:30:45 +0000] "GET /forum/ HTTP/1.1" 200 251 "-" "Mozilla/5.0 (compatible; DotBot/1.1; http://www.dotnetdotcom.org/, crawler@dotnetdotcom.org)"
208.115.111.248 - - [07/Jan/2011:06:30:50 +0000] "GET /forum/search.php HTTP/1.1" 200 251 "-" "Mozilla/5.0 (compatible; DotBot/1.1; http://www.dotnetdotcom.org/, crawler@dotnetdotcom.org)"
208.115.111.248 - - [07/Jan/2011:06:30:55 +0000] "GET /forum/wiki.php HTTP/1.1" 200 251 "-" "Mozilla/5.0 (compatible; DotBot/1.1; http://www.dotnetdotcom.org/, crawler@dotnetdotcom.org)"
207.46.204.184 - - [07/Jan/2011:09:24:32 +0000] "GET /robots.txt HTTP/1.1" 200 266 "-" "Mozilla/5.0 (compatible; bingbot/2.0; +http://www.bing.com/bingbot.htm)"
207.46.204.184 - - [07/Jan/2011:09:29:16 +0000] "GET /blog/contact-us HTTP/1.1" 200 308 "-" "Mozilla/5.0 (compatible; bingbot/2.0; +http://www.bing.com/bingbot.htm)"
66.249.71.19 - - [07/Jan/2011:09:53:06 +0000] "GET /products/view/slug:Asus_Eee_PC_904HA HTTP/1.1" 200 308 "-" "Mozilla/5.0 (compatible; Googlebot/2.1; +http://www.google.com/bot.html)"
184.72.2.181 - - [07/Jan/2011:11:36:16 +0000] "GET / HTTP/1.0" 200 266 "-" "Mozilla/5.0 (Macintosh; U; Intel Mac OS X 10.7; en-US; rv:13.37) Gecko/20121221 Firefox/4.7"
216.34.207.6 - - [07/Jan/2011:16:47:55 +0000] "GET /robots.txt HTTP/1.1" 301 618 "-" "CJNetworkQuality; http://www.cj.com/networkquality"
216.34.207.6 - - [07/Jan/2011:16:47:55 +0000] "GET / HTTP/1.1" 301 597 "-" "CJNetworkQuality; http://www.cj.com/networkquality"
207.46.13.92 - - [07/Jan/2011:17:31:42 +0000] "GET /robots.txt HTTP/1.1" 200 266 "-" "Mozilla/5.0 (compatible; bingbot/2.0; +http://www.bing.com/bingbot.htm)"
207.46.13.92 - - [07/Jan/2011:17:44:47 +0000] "GET /blog/operating-system-guide HTTP/1.1" 200 308 "-" "Mozilla/5.0 (compatible; bingbot/2.0; +http://www.bing.com/bingbot.htm)"
67.210.218.117 - - [08/Jan/2011:00:21:17 +0000] "GET /blog/feed HTTP/1.1" 200 308 "-" "Rome Client (http://tinyurl.com/64t5n) Ver: 0.9"
207.46.199.54 - - [09/Jan/2011:01:45:09 +0000] "GET /robots.txt HTTP/1.1" 200 266 "-" "Mozilla/5.0 (compatible; bingbot/2.0; +http://www.bing.com/bingbot.htm)"
207.46.199.54 - - [09/Jan/2011:02:03:17 +0000] "GET /blog/comments/feed HTTP/1.1" 200 308 "-" "Mozilla/5.0 (compatible; bingbot/2.0; +http://www.bing.com/bingbot.htm)"
67.210.218.117 - - [09/Jan/2011:02:32:41 +0000] "GET /blog/feed HTTP/1.1" 200 308 "-" "Rome Client (http://tinyurl.com/64t5n) Ver: 0.9"
66.249.72.99 - - [09/Jan/2011:04:02:07 +0000] "GET /robots.txt HTTP/1.1" 301 573 "-" "Mozilla/5.0 (compatible; Googlebot/2.1; +http://www.google.com/bot.html)"
66.249.72.54 - - [09/Jan/2011:04:02:07 +0000] "GET /robots.txt HTTP/1.1" 200 308 "-" "Mozilla/5.0 (compatible; Googlebot/2.1; +http://www.google.com/bot.html)"
66.249.72.99 - - [09/Jan/2011:04:02:07 +0000] "GET / HTTP/1.1" 301 554 "-" "Mozilla/5.0 (compatible; Googlebot/2.1; +http://www.google.com/bot.html)"
66.249.72.54 - - [09/Jan/2011:04:02:08 +0000] "GET /robots.txt HTTP/1.1" 200 307 "-" "Mozilla/5.0 (compatible; Googlebot/2.1; +http://www.google.com/bot.html)"
66.249.72.54 - - [09/Jan/2011:04:02:08 +0000] "GET / HTTP/1.1" 200 307 "-" "Mozilla/5.0 (compatible; Googlebot/2.1; +http://www.google.com/bot.html)"
178.77.78.8 - - [09/Jan/2011:04:39:00 +0000] "GET / HTTP/1.0" 200 228 "http://web2design.myprivatetrade.com" "Mozilla/4.0 (compatible; MSIE 7.0; Windows NT 6.0; Trident/4.0)"
174.129.117.237 - - [09/Jan/2011:11:55:55 +0000] "HEAD / HTTP/1.1" 301 252 "-" "Mozilla/5.0 (Windows; U; Windows NT 5.1; en-US) AppleWebKit/525.13 (KHTML, like Gecko) Chrome/0.A.B.C Safari/525.13"
178.77.78.8 - - [09/Jan/2011:15:12:47 +0000] "GET / HTTP/1.0" 200 228 "http://to-be-on-top.de/web2design" "Mozilla/4.0 (compatible; MSIE 7.0; Windows NT 6.0; Trident/4.0)"
157.55.116.82 - - [09/Jan/2011:20:39:35 +0000] "GET /robots.txt HTTP/1.1" 200 270 "-" "msnbot/2.0b (+http://search.msn.com/msnbot.htm)._"
157.55.116.82 - - [09/Jan/2011:20:39:35 +0000] "GET / HTTP/1.1" 200 270 "-" "msnbot/2.0b (+http://search.msn.com/msnbot.htm)._"
207.46.13.92 - - [10/Jan/2011:06:03:36 +0000] "GET /robots.txt HTTP/1.1" 200 266 "-" "Mozilla/5.0 (compatible; bingbot/2.0; +http://www.bing.com/bingbot.htm)"
87.230.55.47 - - [10/Jan/2011:06:16:42 +0000] "GET / HTTP/1.1" 301 541 "-" "Mozilla/5.0 (Windows; U; Windows NT 6.0; en-US; rv:1.9.0.11) Gecko/2009060215 Firefox/3.0.11"
87.230.55.47 - - [10/Jan/2011:06:16:42 +0000] "GET / HTTP/1.1" 200 209 "-" "Mozilla/5.0 (Windows; U; Windows NT 6.0; en-US; rv:1.9.0.11) Gecko/2009060215 Firefox/3.0.11"
207.46.13.92 - - [10/Jan/2011:06:29:20 +0000] "GET /blog/about HTTP/1.1" 200 308 "-" "Mozilla/5.0 (compatible; bingbot/2.0; +http://www.bing.com/bingbot.htm)"
66.249.72.54 - - [10/Jan/2011:10:10:30 +0000] "GET /robots.txt HTTP/1.1" 200 308 "-" "Mozilla/5.0 (compatible; Googlebot/2.1; +http://www.google.com/bot.html)"
66.249.72.54 - - [10/Jan/2011:10:10:30 +0000] "GET /a HTTP/1.1" 200 307 "-" "Mozilla/5.0 (compatible; Googlebot/2.1; +http://www.google.com/bot.html)"
67.210.218.117 - - [10/Jan/2011:10:12:13 +0000] "GET /blog/feed HTTP/1.1" 200 308 "-" "Rome Client (http://tinyurl.com/64t5n) Ver: 0.9"
207.46.199.193 - - [10/Jan/2011:13:52:08 +0000] "GET /robots.txt HTTP/1.1" 301 618 "-" "Mozilla/5.0 (compatible; bingbot/2.0; +http://www.bing.com/bingbot.htm)"
207.46.199.193 - - [10/Jan/2011:13:52:08 +0000] "GET /robots.txt HTTP/1.1" 200 265 "-" "Mozilla/5.0 (compatible; bingbot/2.0; +http://www.bing.com/bingbot.htm)"
216.34.207.6 - - [10/Jan/2011:14:58:08 +0000] "GET /robots.txt HTTP/1.1" 301 618 "-" "CJNetworkQuality; http://www.cj.com/networkquality"
216.34.207.6 - - [10/Jan/2011:14:58:09 +0000] "GET / HTTP/1.1" 301 597 "-" "CJNetworkQuality; http://www.cj.com/networkquality"
90.155.41.225 - - [10/Jan/2011:15:09:37 +0000] "GET /specifications/Dell_Vostro_A90 HTTP/1.1" 200 308 "http://www.google.co.uk/url?sa=t&source=web&cd=6&ved=0CDkQFjAF&url=http%3A%2F%2Fwww.storbital.com%2Fspecifications%2FDell_Vostro_A90&rct=j&q=site%3Astorbital.com&ei=KSErTbe4ItSxhQeTp8jNAg&usg=AFQjCNHh80l05coCk2kXNrFQt3OZ5TWdVA&sig2=SkrDH470F1UWdGxm_W4TMA&cad=rja" "Mozilla/5.0 (Macintosh; U; Intel Mac OS X 10.6; en-US; rv:1.9.1.3) Gecko/20090824 Firefox/3.5.3 GTB7.1"
90.155.41.225 - - [10/Jan/2011:15:09:37 +0000] "GET /favicon.ico HTTP/1.1" 200 1996 "-" "Mozilla/5.0 (Macintosh; U; Intel Mac OS X 10.6; en-US; rv:1.9.1.3) Gecko/20090824 Firefox/3.5.3 GTB7.1"
90.155.41.225 - - [10/Jan/2011:15:09:40 +0000] "GET /favicon.ico HTTP/1.1" 200 1996 "-" "Mozilla/5.0 (Macintosh; U; Intel Mac OS X 10.6; en-US; rv:1.9.1.3) Gecko/20090824 Firefox/3.5.3 GTB7.1"
90.155.41.225 - - [10/Jan/2011:15:09:44 +0000] "GET /tablets/Dell_Streak HTTP/1.1" 200 307 "http://www.google.co.uk/url?sa=t&source=web&cd=7&ved=0CEAQFjAG&url=http%3A%2F%2Fwww.storbital.com%2Ftablets%2FDell_Streak&rct=j&q=site%3Astorbital.com&ei=KSErTbe4ItSxhQeTp8jNAg&usg=AFQjCNGGoFwxjdOfTGuPY4TdsyMlYRr1Mw&sig2=VQK8CyjzEK32x7qHgHqgQg&cad=rja" "Mozilla/5.0 (Macintosh; U; Intel Mac OS X 10.6; en-US; rv:1.9.1.3) Gecko/20090824 Firefox/3.5.3 GTB7.1"
90.155.41.225 - - [10/Jan/2011:15:13:04 +0000] "GET /favicon.ico HTTP/1.1" 200 1997 "-" "Mozilla/5.0 (Macintosh; U; Intel Mac OS X 10.6; en-US; rv:1.9.1.3) Gecko/20090824 Firefox/3.5.3 GTB7.1"
90.155.41.225 - - [10/Jan/2011:15:13:04 +0000] "GET /favicon.ico HTTP/1.1" 200 1996 "-" "Mozilla/5.0 (Macintosh; U; Intel Mac OS X 10.6; en-US; rv:1.9.1.3) Gecko/20090824 Firefox/3.5.3 GTB7.1"
90.155.41.225 - - [10/Jan/2011:15:15:55 +0000] "GET /favicon.ico HTTP/1.1" 200 1997 "-" "Mozilla/5.0 (Macintosh; U; Intel Mac OS X 10.6; en-US; rv:1.9.1.3) Gecko/20090824 Firefox/3.5.3 GTB7.1"
90.155.41.225 - - [10/Jan/2011:15:15:55 +0000] "GET /favicon.ico HTTP/1.1" 200 1996 "-" "Mozilla/5.0 (Macintosh; U; Intel Mac OS X 10.6; en-US; rv:1.9.1.3) Gecko/20090824 Firefox/3.5.3 GTB7.1"
66.249.72.54 - - [11/Jan/2011:00:01:17 +0000] "GET /forum/ HTTP/1.1" 200 308 "-" "Mozilla/5.0 (compatible; Googlebot/2.1; +http://www.google.com/bot.html)"
67.202.54.230 - - [11/Jan/2011:16:45:34 +0000] "GET / HTTP/1.1" 301 560 "-" "Mozilla/5.0 (Windows; U; Windows NT 6.0; en-US; rv:1.9.2.3) Gecko/20100401 Firefox/3.6.3 GTB6 (.NET CLR 3.5.30729)"
67.202.54.230 - - [11/Jan/2011:16:45:39 +0000] "GET / HTTP/1.1" 200 228 "-" "Mozilla/5.0 (Windows; U; Windows NT 6.0; en-US; rv:1.9.2.3) Gecko/20100401 Firefox/3.6.3 GTB6 (.NET CLR 3.5.30729)"
74.52.245.146 - - [11/Jan/2011:17:04:59 +0000] "GET / HTTP/1.0" 200 228 "-" "Mozilla/5.0 (X11; U; Linux i686; en-US; rv:1.7.5) Gecko/20041107 Firefox/1.0"
67.210.218.117 - - [11/Jan/2011:20:08:57 +0000] "GET /blog/feed HTTP/1.1" 200 308 "-" "Rome Client (http://tinyurl.com/64t5n) Ver: 0.9"
90.155.41.225 - - [12/Jan/2011:10:23:11 +0000] "GET /includes/ HTTP/1.1" 301 571 "-" "Mozilla/5.0 (Macintosh; U; Intel Mac OS X 10.6; en-US; rv:1.9.1.3) Gecko/20090824 Firefox/3.5.3 GTB7.1"
90.155.41.225 - - [12/Jan/2011:10:23:11 +0000] "GET /includes/ HTTP/1.1" 200 308 "-" "Mozilla/5.0 (Macintosh; U; Intel Mac OS X 10.6; en-US; rv:1.9.1.3) Gecko/20090824 Firefox/3.5.3 GTB7.1"
90.155.41.225 - - [12/Jan/2011:10:23:11 +0000] "GET /favicon.ico HTTP/1.1" 200 1996 "-" "Mozilla/5.0 (Macintosh; U; Intel Mac OS X 10.6; en-US; rv:1.9.1.3) Gecko/20090824 Firefox/3.5.3 GTB7.1"
90.155.41.225 - - [12/Jan/2011:10:23:14 +0000] "GET /favicon.ico HTTP/1.1" 200 1996 "-" "Mozilla/5.0 (Macintosh; U; Intel Mac OS X 10.6; en-US; rv:1.9.1.3) Gecko/20090824 Firefox/3.5.3 GTB7.1"
90.155.41.225 - - [12/Jan/2011:10:24:04 +0000] "GET /js HTTP/1.1" 301 561 "-" "Mozilla/5.0 (Macintosh; U; Intel Mac OS X 10.6; en-US; rv:1.9.1.3) Gecko/20090824 Firefox/3.5.3 GTB7.1"
90.155.41.225 - - [12/Jan/2011:10:24:04 +0000] "GET /js/ HTTP/1.1" 200 795 "-" "Mozilla/5.0 (Macintosh; U; Intel Mac OS X 10.6; en-US; rv:1.9.1.3) Gecko/20090824 Firefox/3.5.3 GTB7.1"
90.155.41.225 - - [12/Jan/2011:10:24:04 +0000] "GET /icons/blank.gif HTTP/1.1" 200 437 "http://www.storbital.com/js/" "Mozilla/5.0 (Macintosh; U; Intel Mac OS X 10.6; en-US; rv:1.9.1.3) Gecko/20090824 Firefox/3.5.3 GTB7.1"
90.155.41.225 - - [12/Jan/2011:10:24:04 +0000] "GET /icons/back.gif HTTP/1.1" 200 506 "http://www.storbital.com/js/" "Mozilla/5.0 (Macintosh; U; Intel Mac OS X 10.6; en-US; rv:1.9.1.3) Gecko/20090824 Firefox/3.5.3 GTB7.1"
90.155.41.225 - - [12/Jan/2011:10:24:04 +0000] "GET /icons/unknown.gif HTTP/1.1" 200 535 "http://www.storbital.com/js/" "Mozilla/5.0 (Macintosh; U; Intel Mac OS X 10.6; en-US; rv:1.9.1.3) Gecko/20090824 Firefox/3.5.3 GTB7.1"
90.155.41.225 - - [12/Jan/2011:10:24:04 +0000] "GET /icons/folder.gif HTTP/1.1" 200 515 "http://www.storbital.com/js/" "Mozilla/5.0 (Macintosh; U; Intel Mac OS X 10.6; en-US; rv:1.9.1.3) Gecko/20090824 Firefox/3.5.3 GTB7.1"
90.155.41.225 - - [12/Jan/2011:10:24:42 +0000] "GET /js/global.js HTTP/1.1" 200 1113 "http://www.storbital.com/js/" "Mozilla/5.0 (Macintosh; U; Intel Mac OS X 10.6; en-US; rv:1.9.1.3) Gecko/20090824 Firefox/3.5.3 GTB7.1"
90.155.41.225 - - [12/Jan/2011:11:38:33 +0000] "GET /robots.txt HTTP/1.1" 200 308 "-" "Mozilla/5.0 (Macintosh; U; Intel Mac OS X 10.6; en-US; rv:1.9.1.3) Gecko/20090824 Firefox/3.5.3 GTB7.1"
90.155.41.225 - - [12/Jan/2011:11:38:36 +0000] "GET /favicon.ico HTTP/1.1" 200 1996 "-" "Mozilla/5.0 (Macintosh; U; Intel Mac OS X 10.6; en-US; rv:1.9.1.3) Gecko/20090824 Firefox/3.5.3 GTB7.1"
90.155.41.225 - - [12/Jan/2011:11:40:20 +0000] "GET /robots.txt HTTP/1.1" 200 384 "-" "Mozilla/5.0 (Macintosh; U; Intel Mac OS X 10.6; en-US; rv:1.9.1.3) Gecko/20090824 Firefox/3.5.3 GTB7.1"
90.155.41.225 - - [12/Jan/2011:12:31:59 +0000] "GET / HTTP/1.1" 301 555 "-" "Mozilla/5.0 (Macintosh; U; Intel Mac OS X 10.6; en-US; rv:1.9.1.3) Gecko/20090824 Firefox/3.5.3 GTB7.1"
90.155.41.225 - - [12/Jan/2011:12:32:00 +0000] "GET / HTTP/1.1" 200 3777 "-" "Mozilla/5.0 (Macintosh; U; Intel Mac OS X 10.6; en-US; rv:1.9.1.3) Gecko/20090824 Firefox/3.5.3 GTB7.1"
90.155.41.225 - - [12/Jan/2011:12:32:02 +0000] "GET /css/storbital.css HTTP/1.1" 200 3760 "http://www.storbital.com/" "Mozilla/5.0 (Macintosh; U; Intel Mac OS X 10.6; en-US; rv:1.9.1.3) Gecko/20090824 Firefox/3.5.3 GTB7.1"
90.155.41.225 - - [12/Jan/2011:12:32:02 +0000] "GET /js/global.js HTTP/1.1" 200 1116 "http://www.storbital.com/" "Mozilla/5.0 (Macintosh; U; Intel Mac OS X 10.6; en-US; rv:1.9.1.3) Gecko/20090824 Firefox/3.5.3 GTB7.1"
90.155.41.225 - - [12/Jan/2011:12:32:02 +0000] "GET /js/jquery/jquery-ui-1.8.min.js HTTP/1.1" 200 52356 "http://www.storbital.com/" "Mozilla/5.0 (Macintosh; U; Intel Mac OS X 10.6; en-US; rv:1.9.1.3) Gecko/20090824 Firefox/3.5.3 GTB7.1"
90.155.41.225 - - [12/Jan/2011:12:32:02 +0000] "GET /js/jquery/jquery.loopSlider.min.js HTTP/1.1" 200 1861 "http://www.storbital.com/" "Mozilla/5.0 (Macintosh; U; Intel Mac OS X 10.6; en-US; rv:1.9.1.3) Gecko/20090824 Firefox/3.5.3 GTB7.1"
90.155.41.225 - - [12/Jan/2011:12:32:02 +0000] "GET /img/layout/storbital-162x40.jpg HTTP/1.1" 200 7131 "http://www.storbital.com/" "Mozilla/5.0 (Macintosh; U; Intel Mac OS X 10.6; en-US; rv:1.9.1.3) Gecko/20090824 Firefox/3.5.3 GTB7.1"
90.155.41.225 - - [12/Jan/2011:12:32:02 +0000] "GET /img/icons/gb.png HTTP/1.1" 200 890 "http://www.storbital.com/" "Mozilla/5.0 (Macintosh; U; Intel Mac OS X 10.6; en-US; rv:1.9.1.3) Gecko/20090824 Firefox/3.5.3 GTB7.1"
90.155.41.225 - - [12/Jan/2011:12:32:02 +0000] "GET /img/icons/us.png HTTP/1.1" 200 900 "http://www.storbital.com/" "Mozilla/5.0 (Macintosh; U; Intel Mac OS X 10.6; en-US; rv:1.9.1.3) Gecko/20090824 Firefox/3.5.3 GTB7.1"
90.155.41.225 - - [12/Jan/2011:12:32:02 +0000] "GET /img/icons/eu.png HTTP/1.1" 200 770 "http://www.storbital.com/" "Mozilla/5.0 (Macintosh; U; Intel Mac OS X 10.6; en-US; rv:1.9.1.3) Gecko/20090824 Firefox/3.5.3 GTB7.1"
90.155.41.225 - - [12/Jan/2011:12:32:02 +0000] "GET /img/lib/product/image/Dell_Streak.jpg HTTP/1.1" 200 4279 "http://www.storbital.com/" "Mozilla/5.0 (Macintosh; U; Intel Mac OS X 10.6; en-US; rv:1.9.1.3) Gecko/20090824 Firefox/3.5.3 GTB7.1"
90.155.41.225 - - [12/Jan/2011:12:32:02 +0000] "GET /img/lib/product/image/Dell_Mini_12.jpg HTTP/1.1" 200 13890 "http://www.storbital.com/" "Mozilla/5.0 (Macintosh; U; Intel Mac OS X 10.6; en-US; rv:1.9.1.3) Gecko/20090824 Firefox/3.5.3 GTB7.1"
90.155.41.225 - - [12/Jan/2011:12:32:02 +0000] "GET /img/lib/product/image/Dell_Mini_910.jpg HTTP/1.1" 200 5316 "http://www.storbital.com/" "Mozilla/5.0 (Macintosh; U; Intel Mac OS X 10.6; en-US; rv:1.9.1.3) Gecko/20090824 Firefox/3.5.3 GTB7.1"
90.155.41.225 - - [12/Jan/2011:12:32:02 +0000] "GET /img/icons/home.png HTTP/1.1" 200 3208 "http://www.storbital.com/css/storbital.css" "Mozilla/5.0 (Macintosh; U; Intel Mac OS X 10.6; en-US; rv:1.9.1.3) Gecko/20090824 Firefox/3.5.3 GTB7.1"
90.155.41.225 - - [12/Jan/2011:12:32:02 +0000] "GET /img/icons/chevron_white.png HTTP/1.1" 200 501 "http://www.storbital.com/css/storbital.css" "Mozilla/5.0 (Macintosh; U; Intel Mac OS X 10.6; en-US; rv:1.9.1.3) Gecko/20090824 Firefox/3.5.3 GTB7.1"
90.155.41.225 - - [12/Jan/2011:12:32:02 +0000] "GET /img/icons/chevron_white_left.png HTTP/1.1" 200 556 "http://www.storbital.com/css/storbital.css" "Mozilla/5.0 (Macintosh; U; Intel Mac OS X 10.6; en-US; rv:1.9.1.3) Gecko/20090824 Firefox/3.5.3 GTB7.1"
90.155.41.225 - - [12/Jan/2011:12:32:02 +0000] "GET /img/icons/green-corner.png HTTP/1.1" 200 829 "http://www.storbital.com/css/storbital.css" "Mozilla/5.0 (Macintosh; U; Intel Mac OS X 10.6; en-US; rv:1.9.1.3) Gecko/20090824 Firefox/3.5.3 GTB7.1"
90.155.41.225 - - [12/Jan/2011:12:32:02 +0000] "GET /img/icons/red-corner.png HTTP/1.1" 200 826 "http://www.storbital.com/css/storbital.css" "Mozilla/5.0 (Macintosh; U; Intel Mac OS X 10.6; en-US; rv:1.9.1.3) Gecko/20090824 Firefox/3.5.3 GTB7.1"
90.155.41.225 - - [12/Jan/2011:12:32:02 +0000] "GET /img/lib/product/image/Dell_Inspiron_M101z.jpg HTTP/1.1" 200 15253 "http://www.storbital.com/" "Mozilla/5.0 (Macintosh; U; Intel Mac OS X 10.6; en-US; rv:1.9.1.3) Gecko/20090824 Firefox/3.5.3 GTB7.1"
90.155.41.225 - - [12/Jan/2011:12:32:02 +0000] "GET /img/lib/product/image/Acer_Aspire_One_531.jpg HTTP/1.1" 200 15621 "http://www.storbital.com/" "Mozilla/5.0 (Macintosh; U; Intel Mac OS X 10.6; en-US; rv:1.9.1.3) Gecko/20090824 Firefox/3.5.3 GTB7.1"
90.155.41.225 - - [12/Jan/2011:12:32:02 +0000] "GET /img/lib/product/image/Acer_Aspire_Timeline_1810TZ.jpg HTTP/1.1" 200 10114 "http://www.storbital.com/" "Mozilla/5.0 (Macintosh; U; Intel Mac OS X 10.6; en-US; rv:1.9.1.3) Gecko/20090824 Firefox/3.5.3 GTB7.1"
90.155.41.225 - - [12/Jan/2011:12:32:02 +0000] "GET /img/lib/product/image/Apple_iPad.jpg HTTP/1.1" 200 20741 "http://www.storbital.com/" "Mozilla/5.0 (Macintosh; U; Intel Mac OS X 10.6; en-US; rv:1.9.1.3) Gecko/20090824 Firefox/3.5.3 GTB7.1"
90.155.41.225 - - [12/Jan/2011:12:32:02 +0000] "GET /img/lib/product/image/Acer_Aspire_Revo_R3600.jpg HTTP/1.1" 200 4049 "http://www.storbital.com/" "Mozilla/5.0 (Macintosh; U; Intel Mac OS X 10.6; en-US; rv:1.9.1.3) Gecko/20090824 Firefox/3.5.3 GTB7.1"
90.155.41.225 - - [12/Jan/2011:12:32:07 +0000] "GET /shortlist/add/73 HTTP/1.1" 200 648 "http://www.storbital.com/" "Mozilla/5.0 (Macintosh; U; Intel Mac OS X 10.6; en-US; rv:1.9.1.3) Gecko/20090824 Firefox/3.5.3 GTB7.1"
90.155.41.225 - - [12/Jan/2011:12:34:43 +0000] "GET / HTTP/1.1" 200 3617 "-" "Mozilla/5.0 (Macintosh; U; Intel Mac OS X 10.6; en-US; rv:1.9.1.3) Gecko/20090824 Firefox/3.5.3 GTB7.1"
90.155.41.225 - - [12/Jan/2011:12:34:44 +0000] "GET /css/storbital.css HTTP/1.1" 200 3760 "http://www.storbital.com/" "Mozilla/5.0 (Macintosh; U; Intel Mac OS X 10.6; en-US; rv:1.9.1.3) Gecko/20090824 Firefox/3.5.3 GTB7.1"
90.155.41.225 - - [12/Jan/2011:12:34:44 +0000] "GET /js/global.js HTTP/1.1" 200 1116 "http://www.storbital.com/" "Mozilla/5.0 (Macintosh; U; Intel Mac OS X 10.6; en-US; rv:1.9.1.3) Gecko/20090824 Firefox/3.5.3 GTB7.1"
90.155.41.225 - - [12/Jan/2011:12:34:44 +0000] "GET /js/jquery/jquery.loopSlider.min.js HTTP/1.1" 200 1861 "http://www.storbital.com/" "Mozilla/5.0 (Macintosh; U; Intel Mac OS X 10.6; en-US; rv:1.9.1.3) Gecko/20090824 Firefox/3.5.3 GTB7.1"
90.155.41.225 - - [12/Jan/2011:12:34:45 +0000] "GET /img/layout/storbital-162x40.jpg HTTP/1.1" 200 7131 "http://www.storbital.com/" "Mozilla/5.0 (Macintosh; U; Intel Mac OS X 10.6; en-US; rv:1.9.1.3) Gecko/20090824 Firefox/3.5.3 GTB7.1"
90.155.41.225 - - [12/Jan/2011:12:34:45 +0000] "GET /img/icons/gb.png HTTP/1.1" 200 890 "http://www.storbital.com/" "Mozilla/5.0 (Macintosh; U; Intel Mac OS X 10.6; en-US; rv:1.9.1.3) Gecko/20090824 Firefox/3.5.3 GTB7.1"
90.155.41.225 - - [12/Jan/2011:12:34:45 +0000] "GET /img/icons/us.png HTTP/1.1" 200 900 "http://www.storbital.com/" "Mozilla/5.0 (Macintosh; U; Intel Mac OS X 10.6; en-US; rv:1.9.1.3) Gecko/20090824 Firefox/3.5.3 GTB7.1"
90.155.41.225 - - [12/Jan/2011:12:34:45 +0000] "GET /img/lib/product/image/Dell_Mini_910.jpg HTTP/1.1" 200 5316 "http://www.storbital.com/" "Mozilla/5.0 (Macintosh; U; Intel Mac OS X 10.6; en-US; rv:1.9.1.3) Gecko/20090824 Firefox/3.5.3 GTB7.1"
90.155.41.225 - - [12/Jan/2011:12:34:45 +0000] "GET /img/icons/home.png HTTP/1.1" 200 3208 "http://www.storbital.com/css/storbital.css" "Mozilla/5.0 (Macintosh; U; Intel Mac OS X 10.6; en-US; rv:1.9.1.3) Gecko/20090824 Firefox/3.5.3 GTB7.1"
90.155.41.225 - - [12/Jan/2011:12:34:46 +0000] "GET /img/icons/eu.png HTTP/1.1" 200 771 "http://www.storbital.com/" "Mozilla/5.0 (Macintosh; U; Intel Mac OS X 10.6; en-US; rv:1.9.1.3) Gecko/20090824 Firefox/3.5.3 GTB7.1"
90.155.41.225 - - [12/Jan/2011:12:34:46 +0000] "GET /img/lib/product/image/Dell_Streak.jpg HTTP/1.1" 200 4279 "http://www.storbital.com/" "Mozilla/5.0 (Macintosh; U; Intel Mac OS X 10.6; en-US; rv:1.9.1.3) Gecko/20090824 Firefox/3.5.3 GTB7.1"
90.155.41.225 - - [12/Jan/2011:12:34:46 +0000] "GET /img/lib/product/image/Dell_Mini_12.jpg HTTP/1.1" 200 13890 "http://www.storbital.com/" "Mozilla/5.0 (Macintosh; U; Intel Mac OS X 10.6; en-US; rv:1.9.1.3) Gecko/20090824 Firefox/3.5.3 GTB7.1"
90.155.41.225 - - [12/Jan/2011:12:34:46 +0000] "GET /img/icons/chevron_white.png HTTP/1.1" 200 501 "http://www.storbital.com/css/storbital.css" "Mozilla/5.0 (Macintosh; U; Intel Mac OS X 10.6; en-US; rv:1.9.1.3) Gecko/20090824 Firefox/3.5.3 GTB7.1"
90.155.41.225 - - [12/Jan/2011:12:34:46 +0000] "GET /img/icons/chevron_white_left.png HTTP/1.1" 200 556 "http://www.storbital.com/css/storbital.css" "Mozilla/5.0 (Macintosh; U; Intel Mac OS X 10.6; en-US; rv:1.9.1.3) Gecko/20090824 Firefox/3.5.3 GTB7.1"
90.155.41.225 - - [12/Jan/2011:12:34:46 +0000] "GET /img/icons/green-corner.png HTTP/1.1" 200 829 "http://www.storbital.com/css/storbital.css" "Mozilla/5.0 (Macintosh; U; Intel Mac OS X 10.6; en-US; rv:1.9.1.3) Gecko/20090824 Firefox/3.5.3 GTB7.1"
90.155.41.225 - - [12/Jan/2011:12:34:46 +0000] "GET /img/icons/red-corner.png HTTP/1.1" 200 826 "http://www.storbital.com/css/storbital.css" "Mozilla/5.0 (Macintosh; U; Intel Mac OS X 10.6; en-US; rv:1.9.1.3) Gecko/20090824 Firefox/3.5.3 GTB7.1"
90.155.41.225 - - [12/Jan/2011:12:34:46 +0000] "GET /img/lib/product/image/Dell_Inspiron_M101z.jpg HTTP/1.1" 200 15253 "http://www.storbital.com/" "Mozilla/5.0 (Macintosh; U; Intel Mac OS X 10.6; en-US; rv:1.9.1.3) Gecko/20090824 Firefox/3.5.3 GTB7.1"
90.155.41.225 - - [12/Jan/2011:12:34:46 +0000] "GET /img/lib/product/image/Acer_Aspire_One_531.jpg HTTP/1.1" 200 15621 "http://www.storbital.com/" "Mozilla/5.0 (Macintosh; U; Intel Mac OS X 10.6; en-US; rv:1.9.1.3) Gecko/20090824 Firefox/3.5.3 GTB7.1"
90.155.41.225 - - [12/Jan/2011:12:34:46 +0000] "GET /img/lib/product/image/Acer_Aspire_Timeline_1810TZ.jpg HTTP/1.1" 200 10114 "http://www.storbital.com/" "Mozilla/5.0 (Macintosh; U; Intel Mac OS X 10.6; en-US; rv:1.9.1.3) Gecko/20090824 Firefox/3.5.3 GTB7.1"
90.155.41.225 - - [12/Jan/2011:12:34:46 +0000] "GET /img/lib/product/image/Apple_iPad.jpg HTTP/1.1" 200 20741 "http://www.storbital.com/" "Mozilla/5.0 (Macintosh; U; Intel Mac OS X 10.6; en-US; rv:1.9.1.3) Gecko/20090824 Firefox/3.5.3 GTB7.1"
90.155.41.225 - - [12/Jan/2011:12:34:46 +0000] "GET /img/lib/product/image/Acer_Aspire_Revo_R3600.jpg HTTP/1.1" 200 4049 "http://www.storbital.com/" "Mozilla/5.0 (Macintosh; U; Intel Mac OS X 10.6; en-US; rv:1.9.1.3) Gecko/20090824 Firefox/3.5.3 GTB7.1"
90.155.41.225 - - [12/Jan/2011:12:34:49 +0000] "GET / HTTP/1.1" 200 3609 "-" "Mozilla/5.0 (Macintosh; U; Intel Mac OS X 10.6; en-US; rv:1.9.1.3) Gecko/20090824 Firefox/3.5.3 GTB7.1"
90.155.41.225 - - [12/Jan/2011:12:35:48 +0000] "GET / HTTP/1.1" 200 3609 "-" "Mozilla/5.0 (Macintosh; U; Intel Mac OS X 10.6; en-US; rv:1.9.1.3) Gecko/20090824 Firefox/3.5.3 GTB7.1"
90.155.41.225 - - [12/Jan/2011:12:35:49 +0000] "GET /css/storbital.css HTTP/1.1" 200 3760 "http://www.storbital.com/" "Mozilla/5.0 (Macintosh; U; Intel Mac OS X 10.6; en-US; rv:1.9.1.3) Gecko/20090824 Firefox/3.5.3 GTB7.1"
90.155.41.225 - - [12/Jan/2011:12:35:49 +0000] "GET /js/global.js HTTP/1.1" 200 1154 "http://www.storbital.com/" "Mozilla/5.0 (Macintosh; U; Intel Mac OS X 10.6; en-US; rv:1.9.1.3) Gecko/20090824 Firefox/3.5.3 GTB7.1"
90.155.41.225 - - [12/Jan/2011:12:35:49 +0000] "GET /js/jquery/jquery.loopSlider.min.js HTTP/1.1" 200 1861 "http://www.storbital.com/" "Mozilla/5.0 (Macintosh; U; Intel Mac OS X 10.6; en-US; rv:1.9.1.3) Gecko/20090824 Firefox/3.5.3 GTB7.1"
90.155.41.225 - - [12/Jan/2011:12:35:50 +0000] "GET /img/layout/storbital-162x40.jpg HTTP/1.1" 200 7131 "http://www.storbital.com/" "Mozilla/5.0 (Macintosh; U; Intel Mac OS X 10.6; en-US; rv:1.9.1.3) Gecko/20090824 Firefox/3.5.3 GTB7.1"
90.155.41.225 - - [12/Jan/2011:12:35:50 +0000] "GET /img/icons/gb.png HTTP/1.1" 200 890 "http://www.storbital.com/" "Mozilla/5.0 (Macintosh; U; Intel Mac OS X 10.6; en-US; rv:1.9.1.3) Gecko/20090824 Firefox/3.5.3 GTB7.1"
90.155.41.225 - - [12/Jan/2011:12:35:50 +0000] "GET /img/icons/us.png HTTP/1.1" 200 900 "http://www.storbital.com/" "Mozilla/5.0 (Macintosh; U; Intel Mac OS X 10.6; en-US; rv:1.9.1.3) Gecko/20090824 Firefox/3.5.3 GTB7.1"
90.155.41.225 - - [12/Jan/2011:12:35:50 +0000] "GET /img/lib/product/image/Dell_Mini_910.jpg HTTP/1.1" 200 5316 "http://www.storbital.com/" "Mozilla/5.0 (Macintosh; U; Intel Mac OS X 10.6; en-US; rv:1.9.1.3) Gecko/20090824 Firefox/3.5.3 GTB7.1"
90.155.41.225 - - [12/Jan/2011:12:35:50 +0000] "GET /img/icons/home.png HTTP/1.1" 200 3208 "http://www.storbital.com/css/storbital.css" "Mozilla/5.0 (Macintosh; U; Intel Mac OS X 10.6; en-US; rv:1.9.1.3) Gecko/20090824 Firefox/3.5.3 GTB7.1"
90.155.41.225 - - [12/Jan/2011:12:35:50 +0000] "GET /img/icons/eu.png HTTP/1.1" 200 771 "http://www.storbital.com/" "Mozilla/5.0 (Macintosh; U; Intel Mac OS X 10.6; en-US; rv:1.9.1.3) Gecko/20090824 Firefox/3.5.3 GTB7.1"
90.155.41.225 - - [12/Jan/2011:12:35:50 +0000] "GET /img/lib/product/image/Dell_Streak.jpg HTTP/1.1" 200 4279 "http://www.storbital.com/" "Mozilla/5.0 (Macintosh; U; Intel Mac OS X 10.6; en-US; rv:1.9.1.3) Gecko/20090824 Firefox/3.5.3 GTB7.1"
90.155.41.225 - - [12/Jan/2011:12:35:50 +0000] "GET /img/lib/product/image/Dell_Mini_12.jpg HTTP/1.1" 200 13890 "http://www.storbital.com/" "Mozilla/5.0 (Macintosh; U; Intel Mac OS X 10.6; en-US; rv:1.9.1.3) Gecko/20090824 Firefox/3.5.3 GTB7.1"
90.155.41.225 - - [12/Jan/2011:12:35:50 +0000] "GET /img/icons/chevron_white.png HTTP/1.1" 200 501 "http://www.storbital.com/css/storbital.css" "Mozilla/5.0 (Macintosh; U; Intel Mac OS X 10.6; en-US; rv:1.9.1.3) Gecko/20090824 Firefox/3.5.3 GTB7.1"
90.155.41.225 - - [12/Jan/2011:12:35:50 +0000] "GET /img/icons/chevron_white_left.png HTTP/1.1" 200 556 "http://www.storbital.com/css/storbital.css" "Mozilla/5.0 (Macintosh; U; Intel Mac OS X 10.6; en-US; rv:1.9.1.3) Gecko/20090824 Firefox/3.5.3 GTB7.1"
90.155.41.225 - - [12/Jan/2011:12:35:50 +0000] "GET /img/icons/green-corner.png HTTP/1.1" 200 829 "http://www.storbital.com/css/storbital.css" "Mozilla/5.0 (Macintosh; U; Intel Mac OS X 10.6; en-US; rv:1.9.1.3) Gecko/20090824 Firefox/3.5.3 GTB7.1"
90.155.41.225 - - [12/Jan/2011:12:35:50 +0000] "GET /img/icons/red-corner.png HTTP/1.1" 200 826 "http://www.storbital.com/css/storbital.css" "Mozilla/5.0 (Macintosh; U; Intel Mac OS X 10.6; en-US; rv:1.9.1.3) Gecko/20090824 Firefox/3.5.3 GTB7.1"
90.155.41.225 - - [12/Jan/2011:12:35:50 +0000] "GET /img/lib/product/image/Dell_Inspiron_M101z.jpg HTTP/1.1" 200 15253 "http://www.storbital.com/" "Mozilla/5.0 (Macintosh; U; Intel Mac OS X 10.6; en-US; rv:1.9.1.3) Gecko/20090824 Firefox/3.5.3 GTB7.1"
90.155.41.225 - - [12/Jan/2011:12:35:50 +0000] "GET /img/lib/product/image/Acer_Aspire_One_531.jpg HTTP/1.1" 200 15621 "http://www.storbital.com/" "Mozilla/5.0 (Macintosh; U; Intel Mac OS X 10.6; en-US; rv:1.9.1.3) Gecko/20090824 Firefox/3.5.3 GTB7.1"
90.155.41.225 - - [12/Jan/2011:12:35:50 +0000] "GET /img/lib/product/image/Acer_Aspire_Timeline_1810TZ.jpg HTTP/1.1" 200 10114 "http://www.storbital.com/" "Mozilla/5.0 (Macintosh; U; Intel Mac OS X 10.6; en-US; rv:1.9.1.3) Gecko/20090824 Firefox/3.5.3 GTB7.1"
90.155.41.225 - - [12/Jan/2011:12:35:50 +0000] "GET /img/lib/product/image/Apple_iPad.jpg HTTP/1.1" 200 20741 "http://www.storbital.com/" "Mozilla/5.0 (Macintosh; U; Intel Mac OS X 10.6; en-US; rv:1.9.1.3) Gecko/20090824 Firefox/3.5.3 GTB7.1"
90.155.41.225 - - [12/Jan/2011:12:35:50 +0000] "GET /img/lib/product/image/Acer_Aspire_Revo_R3600.jpg HTTP/1.1" 200 4049 "http://www.storbital.com/" "Mozilla/5.0 (Macintosh; U; Intel Mac OS X 10.6; en-US; rv:1.9.1.3) Gecko/20090824 Firefox/3.5.3 GTB7.1"
90.155.41.225 - - [12/Jan/2011:12:35:53 +0000] "GET /shortlist/delete/73 HTTP/1.1" 302 389 "http://www.storbital.com/" "Mozilla/5.0 (Macintosh; U; Intel Mac OS X 10.6; en-US; rv:1.9.1.3) Gecko/20090824 Firefox/3.5.3 GTB7.1"
90.155.41.225 - - [12/Jan/2011:12:35:53 +0000] "GET / HTTP/1.1" 200 3636 "http://www.storbital.com/" "Mozilla/5.0 (Macintosh; U; Intel Mac OS X 10.6; en-US; rv:1.9.1.3) Gecko/20090824 Firefox/3.5.3 GTB7.1"
90.155.41.225 - - [12/Jan/2011:12:35:54 +0000] "GET /shortlist/delete/73 HTTP/1.1" 302 389 "http://www.storbital.com/" "Mozilla/5.0 (Macintosh; U; Intel Mac OS X 10.6; en-US; rv:1.9.1.3) Gecko/20090824 Firefox/3.5.3 GTB7.1"
90.155.41.225 - - [12/Jan/2011:12:35:55 +0000] "GET / HTTP/1.1" 200 3640 "http://www.storbital.com/" "Mozilla/5.0 (Macintosh; U; Intel Mac OS X 10.6; en-US; rv:1.9.1.3) Gecko/20090824 Firefox/3.5.3 GTB7.1"
90.155.41.225 - - [12/Jan/2011:12:35:56 +0000] "GET /css/storbital.css HTTP/1.1" 200 3760 "http://www.storbital.com/" "Mozilla/5.0 (Macintosh; U; Intel Mac OS X 10.6; en-US; rv:1.9.1.3) Gecko/20090824 Firefox/3.5.3 GTB7.1"
90.155.41.225 - - [12/Jan/2011:12:35:56 +0000] "GET /js/global.js HTTP/1.1" 200 1153 "http://www.storbital.com/" "Mozilla/5.0 (Macintosh; U; Intel Mac OS X 10.6; en-US; rv:1.9.1.3) Gecko/20090824 Firefox/3.5.3 GTB7.1"
90.155.41.225 - - [12/Jan/2011:12:35:56 +0000] "GET /js/jquery/jquery.loopSlider.min.js HTTP/1.1" 200 1860 "http://www.storbital.com/" "Mozilla/5.0 (Macintosh; U; Intel Mac OS X 10.6; en-US; rv:1.9.1.3) Gecko/20090824 Firefox/3.5.3 GTB7.1"
90.155.41.225 - - [12/Jan/2011:12:35:56 +0000] "GET /img/layout/storbital-162x40.jpg HTTP/1.1" 200 7131 "http://www.storbital.com/" "Mozilla/5.0 (Macintosh; U; Intel Mac OS X 10.6; en-US; rv:1.9.1.3) Gecko/20090824 Firefox/3.5.3 GTB7.1"
90.155.41.225 - - [12/Jan/2011:12:35:56 +0000] "GET /img/icons/gb.png HTTP/1.1" 200 890 "http://www.storbital.com/" "Mozilla/5.0 (Macintosh; U; Intel Mac OS X 10.6; en-US; rv:1.9.1.3) Gecko/20090824 Firefox/3.5.3 GTB7.1"
90.155.41.225 - - [12/Jan/2011:12:35:57 +0000] "GET /img/icons/us.png HTTP/1.1" 200 900 "http://www.storbital.com/" "Mozilla/5.0 (Macintosh; U; Intel Mac OS X 10.6; en-US; rv:1.9.1.3) Gecko/20090824 Firefox/3.5.3 GTB7.1"
90.155.41.225 - - [12/Jan/2011:12:35:57 +0000] "GET /img/icons/eu.png HTTP/1.1" 200 770 "http://www.storbital.com/" "Mozilla/5.0 (Macintosh; U; Intel Mac OS X 10.6; en-US; rv:1.9.1.3) Gecko/20090824 Firefox/3.5.3 GTB7.1"
90.155.41.225 - - [12/Jan/2011:12:35:57 +0000] "GET /img/lib/product/image/Dell_Streak.jpg HTTP/1.1" 200 4278 "http://www.storbital.com/" "Mozilla/5.0 (Macintosh; U; Intel Mac OS X 10.6; en-US; rv:1.9.1.3) Gecko/20090824 Firefox/3.5.3 GTB7.1"
90.155.41.225 - - [12/Jan/2011:12:35:57 +0000] "GET /img/lib/product/image/Dell_Mini_910.jpg HTTP/1.1" 200 5316 "http://www.storbital.com/" "Mozilla/5.0 (Macintosh; U; Intel Mac OS X 10.6; en-US; rv:1.9.1.3) Gecko/20090824 Firefox/3.5.3 GTB7.1"
90.155.41.225 - - [12/Jan/2011:12:35:57 +0000] "GET /img/icons/home.png HTTP/1.1" 200 3208 "http://www.storbital.com/css/storbital.css" "Mozilla/5.0 (Macintosh; U; Intel Mac OS X 10.6; en-US; rv:1.9.1.3) Gecko/20090824 Firefox/3.5.3 GTB7.1"
90.155.41.225 - - [12/Jan/2011:12:35:57 +0000] "GET /img/icons/chevron_white.png HTTP/1.1" 200 501 "http://www.storbital.com/css/storbital.css" "Mozilla/5.0 (Macintosh; U; Intel Mac OS X 10.6; en-US; rv:1.9.1.3) Gecko/20090824 Firefox/3.5.3 GTB7.1"
90.155.41.225 - - [12/Jan/2011:12:35:57 +0000] "GET /img/icons/chevron_white_left.png HTTP/1.1" 200 556 "http://www.storbital.com/css/storbital.css" "Mozilla/5.0 (Macintosh; U; Intel Mac OS X 10.6; en-US; rv:1.9.1.3) Gecko/20090824 Firefox/3.5.3 GTB7.1"
90.155.41.225 - - [12/Jan/2011:12:35:57 +0000] "GET /img/icons/green-corner.png HTTP/1.1" 200 829 "http://www.storbital.com/css/storbital.css" "Mozilla/5.0 (Macintosh; U; Intel Mac OS X 10.6; en-US; rv:1.9.1.3) Gecko/20090824 Firefox/3.5.3 GTB7.1"
90.155.41.225 - - [12/Jan/2011:12:35:57 +0000] "GET /img/lib/product/image/Dell_Mini_12.jpg HTTP/1.1" 200 13890 "http://www.storbital.com/" "Mozilla/5.0 (Macintosh; U; Intel Mac OS X 10.6; en-US; rv:1.9.1.3) Gecko/20090824 Firefox/3.5.3 GTB7.1"
90.155.41.225 - - [12/Jan/2011:12:35:57 +0000] "GET /img/icons/red-corner.png HTTP/1.1" 200 826 "http://www.storbital.com/css/storbital.css" "Mozilla/5.0 (Macintosh; U; Intel Mac OS X 10.6; en-US; rv:1.9.1.3) Gecko/20090824 Firefox/3.5.3 GTB7.1"
90.155.41.225 - - [12/Jan/2011:12:35:57 +0000] "GET /img/lib/product/image/Dell_Inspiron_M101z.jpg HTTP/1.1" 200 15253 "http://www.storbital.com/" "Mozilla/5.0 (Macintosh; U; Intel Mac OS X 10.6; en-US; rv:1.9.1.3) Gecko/20090824 Firefox/3.5.3 GTB7.1"
90.155.41.225 - - [12/Jan/2011:12:35:57 +0000] "GET /img/lib/product/image/Acer_Aspire_One_531.jpg HTTP/1.1" 200 15621 "http://www.storbital.com/" "Mozilla/5.0 (Macintosh; U; Intel Mac OS X 10.6; en-US; rv:1.9.1.3) Gecko/20090824 Firefox/3.5.3 GTB7.1"
90.155.41.225 - - [12/Jan/2011:12:35:57 +0000] "GET /img/lib/product/image/Acer_Aspire_Timeline_1810TZ.jpg HTTP/1.1" 200 10114 "http://www.storbital.com/" "Mozilla/5.0 (Macintosh; U; Intel Mac OS X 10.6; en-US; rv:1.9.1.3) Gecko/20090824 Firefox/3.5.3 GTB7.1"
90.155.41.225 - - [12/Jan/2011:12:35:57 +0000] "GET /img/lib/product/image/Apple_iPad.jpg HTTP/1.1" 200 20741 "http://www.storbital.com/" "Mozilla/5.0 (Macintosh; U; Intel Mac OS X 10.6; en-US; rv:1.9.1.3) Gecko/20090824 Firefox/3.5.3 GTB7.1"
90.155.41.225 - - [12/Jan/2011:12:35:57 +0000] "GET /img/lib/product/image/Acer_Aspire_Revo_R3600.jpg HTTP/1.1" 200 4049 "http://www.storbital.com/" "Mozilla/5.0 (Macintosh; U; Intel Mac OS X 10.6; en-US; rv:1.9.1.3) Gecko/20090824 Firefox/3.5.3 GTB7.1"
90.155.41.225 - - [12/Jan/2011:12:36:02 +0000] "GET /shortlist/add/132 HTTP/1.1" 302 389 "http://www.storbital.com/" "Mozilla/5.0 (Macintosh; U; Intel Mac OS X 10.6; en-US; rv:1.9.1.3) Gecko/20090824 Firefox/3.5.3 GTB7.1"
90.155.41.225 - - [12/Jan/2011:12:36:03 +0000] "GET / HTTP/1.1" 200 3641 "http://www.storbital.com/" "Mozilla/5.0 (Macintosh; U; Intel Mac OS X 10.6; en-US; rv:1.9.1.3) Gecko/20090824 Firefox/3.5.3 GTB7.1"
90.155.41.225 - - [12/Jan/2011:12:36:04 +0000] "GET /css/storbital.css HTTP/1.1" 200 3760 "http://www.storbital.com/" "Mozilla/5.0 (Macintosh; U; Intel Mac OS X 10.6; en-US; rv:1.9.1.3) Gecko/20090824 Firefox/3.5.3 GTB7.1"
90.155.41.225 - - [12/Jan/2011:12:36:04 +0000] "GET /js/global.js HTTP/1.1" 200 1153 "http://www.storbital.com/" "Mozilla/5.0 (Macintosh; U; Intel Mac OS X 10.6; en-US; rv:1.9.1.3) Gecko/20090824 Firefox/3.5.3 GTB7.1"
90.155.41.225 - - [12/Jan/2011:12:36:04 +0000] "GET /js/jquery/jquery.loopSlider.min.js HTTP/1.1" 200 1860 "http://www.storbital.com/" "Mozilla/5.0 (Macintosh; U; Intel Mac OS X 10.6; en-US; rv:1.9.1.3) Gecko/20090824 Firefox/3.5.3 GTB7.1"
90.155.41.225 - - [12/Jan/2011:12:36:05 +0000] "GET /img/layout/storbital-162x40.jpg HTTP/1.1" 200 7131 "http://www.storbital.com/" "Mozilla/5.0 (Macintosh; U; Intel Mac OS X 10.6; en-US; rv:1.9.1.3) Gecko/20090824 Firefox/3.5.3 GTB7.1"
90.155.41.225 - - [12/Jan/2011:12:36:05 +0000] "GET /img/icons/gb.png HTTP/1.1" 200 890 "http://www.storbital.com/" "Mozilla/5.0 (Macintosh; U; Intel Mac OS X 10.6; en-US; rv:1.9.1.3) Gecko/20090824 Firefox/3.5.3 GTB7.1"
90.155.41.225 - - [12/Jan/2011:12:36:05 +0000] "GET /img/icons/us.png HTTP/1.1" 200 900 "http://www.storbital.com/" "Mozilla/5.0 (Macintosh; U; Intel Mac OS X 10.6; en-US; rv:1.9.1.3) Gecko/20090824 Firefox/3.5.3 GTB7.1"
90.155.41.225 - - [12/Jan/2011:12:36:05 +0000] "GET /img/icons/eu.png HTTP/1.1" 200 770 "http://www.storbital.com/" "Mozilla/5.0 (Macintosh; U; Intel Mac OS X 10.6; en-US; rv:1.9.1.3) Gecko/20090824 Firefox/3.5.3 GTB7.1"
90.155.41.225 - - [12/Jan/2011:12:36:05 +0000] "GET /img/lib/product/image/Dell_Streak.jpg HTTP/1.1" 200 4278 "http://www.storbital.com/" "Mozilla/5.0 (Macintosh; U; Intel Mac OS X 10.6; en-US; rv:1.9.1.3) Gecko/20090824 Firefox/3.5.3 GTB7.1"
90.155.41.225 - - [12/Jan/2011:12:36:05 +0000] "GET /img/lib/product/image/Dell_Mini_12.jpg HTTP/1.1" 200 13889 "http://www.storbital.com/" "Mozilla/5.0 (Macintosh; U; Intel Mac OS X 10.6; en-US; rv:1.9.1.3) Gecko/20090824 Firefox/3.5.3 GTB7.1"
90.155.41.225 - - [12/Jan/2011:12:36:05 +0000] "GET /img/lib/product/image/Dell_Mini_910.jpg HTTP/1.1" 200 5316 "http://www.storbital.com/" "Mozilla/5.0 (Macintosh; U; Intel Mac OS X 10.6; en-US; rv:1.9.1.3) Gecko/20090824 Firefox/3.5.3 GTB7.1"
90.155.41.225 - - [12/Jan/2011:12:36:05 +0000] "GET /img/icons/home.png HTTP/1.1" 200 3208 "http://www.storbital.com/css/storbital.css" "Mozilla/5.0 (Macintosh; U; Intel Mac OS X 10.6; en-US; rv:1.9.1.3) Gecko/20090824 Firefox/3.5.3 GTB7.1"
90.155.41.225 - - [12/Jan/2011:12:36:05 +0000] "GET /img/icons/chevron_white.png HTTP/1.1" 200 501 "http://www.storbital.com/css/storbital.css" "Mozilla/5.0 (Macintosh; U; Intel Mac OS X 10.6; en-US; rv:1.9.1.3) Gecko/20090824 Firefox/3.5.3 GTB7.1"
90.155.41.225 - - [12/Jan/2011:12:36:05 +0000] "GET /img/icons/chevron_white_left.png HTTP/1.1" 200 556 "http://www.storbital.com/css/storbital.css" "Mozilla/5.0 (Macintosh; U; Intel Mac OS X 10.6; en-US; rv:1.9.1.3) Gecko/20090824 Firefox/3.5.3 GTB7.1"
90.155.41.225 - - [12/Jan/2011:12:36:05 +0000] "GET /img/icons/green-corner.png HTTP/1.1" 200 829 "http://www.storbital.com/css/storbital.css" "Mozilla/5.0 (Macintosh; U; Intel Mac OS X 10.6; en-US; rv:1.9.1.3) Gecko/20090824 Firefox/3.5.3 GTB7.1"
90.155.41.225 - - [12/Jan/2011:12:36:05 +0000] "GET /img/icons/red-corner.png HTTP/1.1" 200 826 "http://www.storbital.com/css/storbital.css" "Mozilla/5.0 (Macintosh; U; Intel Mac OS X 10.6; en-US; rv:1.9.1.3) Gecko/20090824 Firefox/3.5.3 GTB7.1"
90.155.41.225 - - [12/Jan/2011:12:36:05 +0000] "GET /img/lib/product/image/Dell_Inspiron_M101z.jpg HTTP/1.1" 200 15253 "http://www.storbital.com/" "Mozilla/5.0 (Macintosh; U; Intel Mac OS X 10.6; en-US; rv:1.9.1.3) Gecko/20090824 Firefox/3.5.3 GTB7.1"
90.155.41.225 - - [12/Jan/2011:12:36:05 +0000] "GET /img/lib/product/image/Acer_Aspire_One_531.jpg HTTP/1.1" 200 15621 "http://www.storbital.com/" "Mozilla/5.0 (Macintosh; U; Intel Mac OS X 10.6; en-US; rv:1.9.1.3) Gecko/20090824 Firefox/3.5.3 GTB7.1"
90.155.41.225 - - [12/Jan/2011:12:36:05 +0000] "GET /img/lib/product/image/Acer_Aspire_Timeline_1810TZ.jpg HTTP/1.1" 200 10114 "http://www.storbital.com/" "Mozilla/5.0 (Macintosh; U; Intel Mac OS X 10.6; en-US; rv:1.9.1.3) Gecko/20090824 Firefox/3.5.3 GTB7.1"
90.155.41.225 - - [12/Jan/2011:12:36:05 +0000] "GET /img/lib/product/image/Apple_iPad.jpg HTTP/1.1" 200 20741 "http://www.storbital.com/" "Mozilla/5.0 (Macintosh; U; Intel Mac OS X 10.6; en-US; rv:1.9.1.3) Gecko/20090824 Firefox/3.5.3 GTB7.1"
90.155.41.225 - - [12/Jan/2011:12:36:05 +0000] "GET /img/lib/product/image/Acer_Aspire_Revo_R3600.jpg HTTP/1.1" 200 4049 "http://www.storbital.com/" "Mozilla/5.0 (Macintosh; U; Intel Mac OS X 10.6; en-US; rv:1.9.1.3) Gecko/20090824 Firefox/3.5.3 GTB7.1"
90.155.41.225 - - [12/Jan/2011:12:36:34 +0000] "GET / HTTP/1.1" 200 3607 "http://www.storbital.com/" "Mozilla/5.0 (Macintosh; U; Intel Mac OS X 10.6; en-US; rv:1.9.1.3) Gecko/20090824 Firefox/3.5.3 GTB7.1"
90.155.41.225 - - [12/Jan/2011:12:36:35 +0000] "GET /css/storbital.css HTTP/1.1" 200 3760 "http://www.storbital.com/" "Mozilla/5.0 (Macintosh; U; Intel Mac OS X 10.6; en-US; rv:1.9.1.3) Gecko/20090824 Firefox/3.5.3 GTB7.1"
90.155.41.225 - - [12/Jan/2011:12:36:35 +0000] "GET /js/jquery/jquery.loopSlider.min.js HTTP/1.1" 200 1861 "http://www.storbital.com/" "Mozilla/5.0 (Macintosh; U; Intel Mac OS X 10.6; en-US; rv:1.9.1.3) Gecko/20090824 Firefox/3.5.3 GTB7.1"
90.155.41.225 - - [12/Jan/2011:12:36:35 +0000] "GET /js/global.js HTTP/1.1" 200 1155 "http://www.storbital.com/" "Mozilla/5.0 (Macintosh; U; Intel Mac OS X 10.6; en-US; rv:1.9.1.3) Gecko/20090824 Firefox/3.5.3 GTB7.1"
90.155.41.225 - - [12/Jan/2011:12:36:36 +0000] "GET /img/layout/storbital-162x40.jpg HTTP/1.1" 200 7131 "http://www.storbital.com/" "Mozilla/5.0 (Macintosh; U; Intel Mac OS X 10.6; en-US; rv:1.9.1.3) Gecko/20090824 Firefox/3.5.3 GTB7.1"
90.155.41.225 - - [12/Jan/2011:12:36:36 +0000] "GET /img/icons/gb.png HTTP/1.1" 200 890 "http://www.storbital.com/" "Mozilla/5.0 (Macintosh; U; Intel Mac OS X 10.6; en-US; rv:1.9.1.3) Gecko/20090824 Firefox/3.5.3 GTB7.1"
90.155.41.225 - - [12/Jan/2011:12:36:36 +0000] "GET /img/icons/us.png HTTP/1.1" 200 900 "http://www.storbital.com/" "Mozilla/5.0 (Macintosh; U; Intel Mac OS X 10.6; en-US; rv:1.9.1.3) Gecko/20090824 Firefox/3.5.3 GTB7.1"
90.155.41.225 - - [12/Jan/2011:12:36:36 +0000] "GET /img/lib/product/image/Dell_Mini_12.jpg HTTP/1.1" 200 13889 "http://www.storbital.com/" "Mozilla/5.0 (Macintosh; U; Intel Mac OS X 10.6; en-US; rv:1.9.1.3) Gecko/20090824 Firefox/3.5.3 GTB7.1"
